Archive member included to satisfy reference by file (symbol)

c:/program files (x86)/atmel/studio/7.0/toolchain/avr8/avr8-gnu-toolchain/bin/../lib/gcc/avr/5.4.0/../../../../avr/lib/avr5\libm.a(addsf3.o)
                              src/libraries/Arduino-PID-Library-master/PID_v1.o (__subsf3)
c:/program files (x86)/atmel/studio/7.0/toolchain/avr8/avr8-gnu-toolchain/bin/../lib/gcc/avr/5.4.0/../../../../avr/lib/avr5\libm.a(addsf3x.o)
                              c:/program files (x86)/atmel/studio/7.0/toolchain/avr8/avr8-gnu-toolchain/bin/../lib/gcc/avr/5.4.0/../../../../avr/lib/avr5\libm.a(addsf3.o) (__addsf3x)
c:/program files (x86)/atmel/studio/7.0/toolchain/avr8/avr8-gnu-toolchain/bin/../lib/gcc/avr/5.4.0/../../../../avr/lib/avr5\libm.a(cmpsf2.o)
                              Sketch.o (__eqsf2)
c:/program files (x86)/atmel/studio/7.0/toolchain/avr8/avr8-gnu-toolchain/bin/../lib/gcc/avr/5.4.0/../../../../avr/lib/avr5\libm.a(divsf3.o)
                              Sketch.o (__divsf3)
c:/program files (x86)/atmel/studio/7.0/toolchain/avr8/avr8-gnu-toolchain/bin/../lib/gcc/avr/5.4.0/../../../../avr/lib/avr5\libm.a(divsf3x.o)
                              c:/program files (x86)/atmel/studio/7.0/toolchain/avr8/avr8-gnu-toolchain/bin/../lib/gcc/avr/5.4.0/../../../../avr/lib/avr5\libm.a(divsf3.o) (__divsf3x)
c:/program files (x86)/atmel/studio/7.0/toolchain/avr8/avr8-gnu-toolchain/bin/../lib/gcc/avr/5.4.0/../../../../avr/lib/avr5\libm.a(fixsfsi.o)
                              Sketch.o (__fixsfsi)
c:/program files (x86)/atmel/studio/7.0/toolchain/avr8/avr8-gnu-toolchain/bin/../lib/gcc/avr/5.4.0/../../../../avr/lib/avr5\libm.a(fixunssfsi.o)
                              c:/program files (x86)/atmel/studio/7.0/toolchain/avr8/avr8-gnu-toolchain/bin/../lib/gcc/avr/5.4.0/../../../../avr/lib/avr5\libm.a(fixsfsi.o) (__fixunssfsi)
c:/program files (x86)/atmel/studio/7.0/toolchain/avr8/avr8-gnu-toolchain/bin/../lib/gcc/avr/5.4.0/../../../../avr/lib/avr5\libm.a(floatsisf.o)
                              src/libraries/Arduino-PID-Library-master/PID_v1.o (__floatunsisf)
c:/program files (x86)/atmel/studio/7.0/toolchain/avr8/avr8-gnu-toolchain/bin/../lib/gcc/avr/5.4.0/../../../../avr/lib/avr5\libm.a(fp_cmp.o)
                              c:/program files (x86)/atmel/studio/7.0/toolchain/avr8/avr8-gnu-toolchain/bin/../lib/gcc/avr/5.4.0/../../../../avr/lib/avr5\libm.a(cmpsf2.o) (__fp_cmp)
c:/program files (x86)/atmel/studio/7.0/toolchain/avr8/avr8-gnu-toolchain/bin/../lib/gcc/avr/5.4.0/../../../../avr/lib/avr5\libm.a(fp_inf.o)
                              c:/program files (x86)/atmel/studio/7.0/toolchain/avr8/avr8-gnu-toolchain/bin/../lib/gcc/avr/5.4.0/../../../../avr/lib/avr5\libm.a(addsf3x.o) (__fp_inf)
c:/program files (x86)/atmel/studio/7.0/toolchain/avr8/avr8-gnu-toolchain/bin/../lib/gcc/avr/5.4.0/../../../../avr/lib/avr5\libm.a(fp_nan.o)
                              c:/program files (x86)/atmel/studio/7.0/toolchain/avr8/avr8-gnu-toolchain/bin/../lib/gcc/avr/5.4.0/../../../../avr/lib/avr5\libm.a(addsf3x.o) (__fp_nan)
c:/program files (x86)/atmel/studio/7.0/toolchain/avr8/avr8-gnu-toolchain/bin/../lib/gcc/avr/5.4.0/../../../../avr/lib/avr5\libm.a(fp_pscA.o)
                              c:/program files (x86)/atmel/studio/7.0/toolchain/avr8/avr8-gnu-toolchain/bin/../lib/gcc/avr/5.4.0/../../../../avr/lib/avr5\libm.a(addsf3x.o) (__fp_pscA)
c:/program files (x86)/atmel/studio/7.0/toolchain/avr8/avr8-gnu-toolchain/bin/../lib/gcc/avr/5.4.0/../../../../avr/lib/avr5\libm.a(fp_pscB.o)
                              c:/program files (x86)/atmel/studio/7.0/toolchain/avr8/avr8-gnu-toolchain/bin/../lib/gcc/avr/5.4.0/../../../../avr/lib/avr5\libm.a(addsf3x.o) (__fp_pscB)
c:/program files (x86)/atmel/studio/7.0/toolchain/avr8/avr8-gnu-toolchain/bin/../lib/gcc/avr/5.4.0/../../../../avr/lib/avr5\libm.a(fp_round.o)
                              c:/program files (x86)/atmel/studio/7.0/toolchain/avr8/avr8-gnu-toolchain/bin/../lib/gcc/avr/5.4.0/../../../../avr/lib/avr5\libm.a(addsf3.o) (__fp_round)
c:/program files (x86)/atmel/studio/7.0/toolchain/avr8/avr8-gnu-toolchain/bin/../lib/gcc/avr/5.4.0/../../../../avr/lib/avr5\libm.a(fp_split3.o)
                              c:/program files (x86)/atmel/studio/7.0/toolchain/avr8/avr8-gnu-toolchain/bin/../lib/gcc/avr/5.4.0/../../../../avr/lib/avr5\libm.a(addsf3x.o) (__fp_split3)
c:/program files (x86)/atmel/studio/7.0/toolchain/avr8/avr8-gnu-toolchain/bin/../lib/gcc/avr/5.4.0/../../../../avr/lib/avr5\libm.a(fp_zero.o)
                              c:/program files (x86)/atmel/studio/7.0/toolchain/avr8/avr8-gnu-toolchain/bin/../lib/gcc/avr/5.4.0/../../../../avr/lib/avr5\libm.a(addsf3x.o) (__fp_zero)
c:/program files (x86)/atmel/studio/7.0/toolchain/avr8/avr8-gnu-toolchain/bin/../lib/gcc/avr/5.4.0/../../../../avr/lib/avr5\libm.a(gesf2.o)
                              src/libraries/Arduino-PID-Library-master/PID_v1.o (__gesf2)
[...]
Memory Configuration

Name             Origin             Length             Attributes
text             0x00000000         0x00020000         xr
data             0x00800060         0x0000ffa0         rw !x
eeprom           0x00810000         0x00010000         rw !x
fuse             0x00820000         0x00000003         rw !x
lock             0x00830000         0x00000400         rw !x
signature        0x00840000         0x00000400         rw !x
user_signatures  0x00850000         0x00000400         rw !x
*default*        0x00000000         0xffffffff

Linker script and memory map

Address of section .data set to 0x800100
LOAD C:/Program Files (x86)/Atmel/Studio/7.0/Packs/Atmel/ATmega_DFP/1.3.300/gcc/dev/atmega32u4/avr5/crtatmega32u4.o
LOAD GPS_read.o
LOAD Romeo_keys.o
LOAD Sketch.o
LOAD src/libraries/Arduino-PID-Library-master/PID_v1.o
LOAD src/libraries/DHTlib/dht.o
LOAD src/libraries/hd44780/hd44780.o
LOAD src/libraries/LiquidCrystal/src/LiquidCrystal.o
LOAD src/libraries/Wire/src/utility/twi.o
LOAD src/libraries/Wire/src/Wire.o
START GROUP
LOAD c:/program files (x86)/atmel/studio/7.0/toolchain/avr8/avr8-gnu-toolchain/bin/../lib/gcc/avr/5.4.0/../../../../avr/lib/avr5\libm.a
LOAD C:\Users\cyril\DOCUME~1\ATMELS~1\7.0\EBS_PR~1\99_PRO~1\99_PRO~1\ARDUIN~1\Debug\libArduinoCore.a
END GROUP
LOAD c:/program files (x86)/atmel/studio/7.0/toolchain/avr8/avr8-gnu-toolchain/bin/../lib/gcc/avr/5.4.0/avr5\libgcc.a
LOAD c:/program files (x86)/atmel/studio/7.0/toolchain/avr8/avr8-gnu-toolchain/bin/../lib/gcc/avr/5.4.0/../../../../avr/lib/avr5\libm.a
START GROUP
LOAD c:/program files (x86)/atmel/studio/7.0/toolchain/avr8/avr8-gnu-toolchain/bin/../lib/gcc/avr/5.4.0/avr5\libgcc.a
LOAD c:/program files (x86)/atmel/studio/7.0/toolchain/avr8/avr8-gnu-toolchain/bin/../lib/gcc/avr/5.4.0/../../../../avr/lib/avr5\libm.a
LOAD c:/program files (x86)/atmel/studio/7.0/toolchain/avr8/avr8-gnu-toolchain/bin/../lib/gcc/avr/5.4.0/../../../../avr/lib/avr5\libc.a
LOAD C:/Program Files (x86)/Atmel/Studio/7.0/Packs/Atmel/ATmega_DFP/1.3.300/gcc/dev/atmega32u4/avr5\libatmega32u4.a
END GROUP
                0x00020000                __TEXT_REGION_LENGTH__ = DEFINED (__TEXT_REGION_LENGTH__)?__TEXT_REGION_LENGTH__:0x20000
                0x0000ffa0                __DATA_REGION_LENGTH__ = DEFINED (__DATA_REGION_LENGTH__)?__DATA_REGION_LENGTH__:0xffa0
                0x00010000                __EEPROM_REGION_LENGTH__ = DEFINED (__EEPROM_REGION_LENGTH__)?__EEPROM_REGION_LENGTH__:0x10000
                [0x00000003]                __FUSE_REGION_LENGTH__ = DEFINED (__FUSE_REGION_LENGTH__)?__FUSE_REGION_LENGTH__:0x400
                0x00000400                __LOCK_REGION_LENGTH__ = DEFINED (__LOCK_REGION_LENGTH__)?__LOCK_REGION_LENGTH__:0x400
                0x00000400                __SIGNATURE_REGION_LENGTH__ = DEFINED (__SIGNATURE_REGION_LENGTH__)?__SIGNATURE_REGION_LENGTH__:0x400
                0x00000400                __USER_SIGNATURE_REGION_LENGTH__ = DEFINED (__USER_SIGNATURE_REGION_LENGTH__)?__USER_SIGNATURE_REGION_LENGTH__:0x400

.hash
 *(.hash)

.dynsym
 *(.dynsym)

.dynstr
 *(.dynstr)

.gnu.version
 *(.gnu.version)

.gnu.version_d
 *(.gnu.version_d)

.gnu.version_r
 *(.gnu.version_r)

.rel.init
 *(.rel.init)

.rela.init
 *(.rela.init)

.rel.text
 *(.rel.text)
 *(.rel.text.*)
 *(.rel.gnu.linkonce.t*)

.rela.text
 *(.rela.text)
 *(.rela.text.*)
 *(.rela.gnu.linkonce.t*)

.rel.fini
 *(.rel.fini)

.rela.fini
 *(.rela.fini)

.rel.rodata
 *(.rel.rodata)
 *(.rel.rodata.*)
 *(.rel.gnu.linkonce.r*)

.rela.rodata
 *(.rela.rodata)
 *(.rela.rodata.*)
 *(.rela.gnu.linkonce.r*)

.rel.data
 *(.rel.data)
 *(.rel.data.*)
 *(.rel.gnu.linkonce.d*)

.rela.data
 *(.rela.data)
 *(.rela.data.*)
 *(.rela.gnu.linkonce.d*)

.rel.ctors
 *(.rel.ctors)

.rela.ctors
 *(.rela.ctors)

.rel.dtors
 *(.rel.dtors)

.rela.dtors
 *(.rela.dtors)

.rel.got
 *(.rel.got)

.rela.got
 *(.rela.got)

.rel.bss
 *(.rel.bss)

.rela.bss
 *(.rela.bss)

.rel.plt
 *(.rel.plt)

.rela.plt
 *(.rela.plt)

.text           0x00000000     0x5914
 *(.vectors)
 .vectors       0x00000000       0xac C:/Program Files (x86)/Atmel/Studio/7.0/Packs/Atmel/ATmega_DFP/1.3.300/gcc/dev/atmega32u4/avr5/crtatmega32u4.o
                0x00000000                __vector_default
                0x00000000                __vectors
 *(.vectors)
 *(.progmem.gcc*)
 .progmem.gcc_sw_table.analogWrite
                0x000000ac       0x1e C:\Users\cyril\DOCUME~1\ATMELS~1\7.0\EBS_PR~1\99_PRO~1\99_PRO~1\ARDUIN~1\Debug\libArduinoCore.a(wiring_analog.o)
 .progmem.gcc_sw_table.turnOffPWM
                0x000000ca       0x1e C:\Users\cyril\DOCUME~1\ATMELS~1\7.0\EBS_PR~1\99_PRO~1\99_PRO~1\ARDUIN~1\Debug\libArduinoCore.a(wiring_digital.o)
                0x000000e8                . = ALIGN (0x2)
                0x000000e8                __trampolines_start = .
 *(.trampolines)
 .trampolines   0x000000e8        0x0 linker stubs
 *(.trampolines*)
                0x000000e8                __trampolines_end = .
 *libprintf_flt.a:*(.progmem.data)
 *libc.a:*(.progmem.data)
 *(.progmem*)
 .progmem.data._cdcInterface
                0x000000e8       0x42 C:\Users\cyril\DOCUME~1\ATMELS~1\7.0\EBS_PR~1\99_PRO~1\99_PRO~1\ARDUIN~1\Debug\libArduinoCore.a(CDC.o)
                0x000000e8                _cdcInterface
 .progmem.data.USB_DeviceDescriptorIAD
                0x0000012a       0x12 C:\Users\cyril\DOCUME~1\ATMELS~1\7.0\EBS_PR~1\99_PRO~1\99_PRO~1\ARDUIN~1\Debug\libArduinoCore.a(USBCore.o)
                0x0000012a                USB_DeviceDescriptorIAD
 .progmem.data.STRING_MANUFACTURER
                0x0000013c        0xc C:\Users\cyril\DOCUME~1\ATMELS~1\7.0\EBS_PR~1\99_PRO~1\99_PRO~1\ARDUIN~1\Debug\libArduinoCore.a(USBCore.o)
                0x0000013c                STRING_MANUFACTURER
 .progmem.data.STRING_PRODUCT
                0x00000148       0x11 C:\Users\cyril\DOCUME~1\ATMELS~1\7.0\EBS_PR~1\99_PRO~1\99_PRO~1\ARDUIN~1\Debug\libArduinoCore.a(USBCore.o)
                0x00000148                STRING_PRODUCT
 .progmem.data.STRING_LANGUAGE
                0x00000159        0x4 C:\Users\cyril\DOCUME~1\ATMELS~1\7.0\EBS_PR~1\99_PRO~1\99_PRO~1\ARDUIN~1\Debug\libArduinoCore.a(USBCore.o)
                0x00000159                STRING_LANGUAGE
 .progmem.data.analog_pin_to_channel_PGM
                0x0000015d        0xc C:\Users\cyril\DOCUME~1\ATMELS~1\7.0\EBS_PR~1\99_PRO~1\99_PRO~1\ARDUIN~1\Debug\libArduinoCore.a(wiring_digital.o)
                0x0000015d                analog_pin_to_channel_PGM
 .progmem.data.digital_pin_to_timer_PGM
                0x00000169       0x1f C:\Users\cyril\DOCUME~1\ATMELS~1\7.0\EBS_PR~1\99_PRO~1\99_PRO~1\ARDUIN~1\Debug\libArduinoCore.a(wiring_digital.o)
                0x00000169                digital_pin_to_timer_PGM
 .progmem.data.digital_pin_to_bit_mask_PGM
                0x00000188       0x1f C:\Users\cyril\DOCUME~1\ATMELS~1\7.0\EBS_PR~1\99_PRO~1\99_PRO~1\ARDUIN~1\Debug\libArduinoCore.a(wiring_digital.o)
                0x00000188                digital_pin_to_bit_mask_PGM
 .progmem.data.digital_pin_to_port_PGM
                0x000001a7       0x1f C:\Users\cyril\DOCUME~1\ATMELS~1\7.0\EBS_PR~1\99_PRO~1\99_PRO~1\ARDUIN~1\Debug\libArduinoCore.a(wiring_digital.o)
                0x000001a7                digital_pin_to_port_PGM
 .progmem.data.port_to_input_PGM
                0x000001c6        0xe C:\Users\cyril\DOCUME~1\ATMELS~1\7.0\EBS_PR~1\99_PRO~1\99_PRO~1\ARDUIN~1\Debug\libArduinoCore.a(wiring_digital.o)
                0x000001c6                port_to_input_PGM
 .progmem.data.port_to_output_PGM
                0x000001d4        0xe C:\Users\cyril\DOCUME~1\ATMELS~1\7.0\EBS_PR~1\99_PRO~1\99_PRO~1\ARDUIN~1\Debug\libArduinoCore.a(wiring_digital.o)
                0x000001d4                port_to_output_PGM
 .progmem.data.port_to_mode_PGM
                0x000001e2        0xe C:\Users\cyril\DOCUME~1\ATMELS~1\7.0\EBS_PR~1\99_PRO~1\99_PRO~1\ARDUIN~1\Debug\libArduinoCore.a(wiring_digital.o)
                0x000001e2                port_to_mode_PGM
                0x000001f0                . = ALIGN (0x2)
 *(.jumptables)
 *(.jumptables*)
 *(.lowtext)
 *(.lowtext*)
                0x000001f0                __ctors_start = .
 *(.ctors)
 .ctors         0x000001f0        0x2 Sketch.o
 .ctors         0x000001f2        0x2 src/libraries/Wire/src/Wire.o
 .ctors         0x000001f4        0x2 C:\Users\cyril\DOCUME~1\ATMELS~1\7.0\EBS_PR~1\99_PRO~1\99_PRO~1\ARDUIN~1\Debug\libArduinoCore.a(CDC.o)
 .ctors         0x000001f6        0x2 C:\Users\cyril\DOCUME~1\ATMELS~1\7.0\EBS_PR~1\99_PRO~1\99_PRO~1\ARDUIN~1\Debug\libArduinoCore.a(HardwareSerial1.o)
                0x000001f8                __ctors_end = .
                0x000001f8                __dtors_start = .
 *(.dtors)
 .dtors         0x000001f8        0x2 Sketch.o
                0x000001fa                __dtors_end = .
 SORT(*)(.ctors)
 SORT(*)(.dtors)
 *(.init0)
 .init0         0x000001fa        0x0 C:/Program Files (x86)/Atmel/Studio/7.0/Packs/Atmel/ATmega_DFP/1.3.300/gcc/dev/atmega32u4/avr5/crtatmega32u4.o
                0x000001fa                __init
 *(.init0)
 *(.init1)
 *(.init1)
 *(.init2)
 .init2         0x000001fa        0xc C:/Program Files (x86)/Atmel/Studio/7.0/Packs/Atmel/ATmega_DFP/1.3.300/gcc/dev/atmega32u4/avr5/crtatmega32u4.o
 *(.init2)
 *(.init3)
 *(.init3)
 *(.init4)
 .init4         0x00000206       0x16 c:/program files (x86)/atmel/studio/7.0/toolchain/avr8/avr8-gnu-toolchain/bin/../lib/gcc/avr/5.4.0/avr5\libgcc.a(_copy_data.o)
                0x00000206                __do_copy_data
 .init4         0x0000021c       0x10 c:/program files (x86)/atmel/studio/7.0/toolchain/avr8/avr8-gnu-toolchain/bin/../lib/gcc/avr/5.4.0/avr5\libgcc.a(_clear_bss.o)
                0x0000021c                __do_clear_bss
 *(.init4)
 *(.init5)
 *(.init5)
 *(.init6)
 .init6         0x0000022c       0x16 c:/program files (x86)/atmel/studio/7.0/toolchain/avr8/avr8-gnu-toolchain/bin/../lib/gcc/avr/5.4.0/avr5\libgcc.a(_ctors.o)
                0x0000022c                __do_global_ctors
 *(.init6)
 *(.init7)
 *(.init7)
 *(.init8)
 *(.init8)
 *(.init9)
 .init9         0x00000242        0x8 C:/Program Files (x86)/Atmel/Studio/7.0/Packs/Atmel/ATmega_DFP/1.3.300/gcc/dev/atmega32u4/avr5/crtatmega32u4.o
 *(.init9)
 *(.text)
 .text          0x0000024a        0x4 C:/Program Files (x86)/Atmel/Studio/7.0/Packs/Atmel/ATmega_DFP/1.3.300/gcc/dev/atmega32u4/avr5/crtatmega32u4.o
                0x0000024a                __vector_38
                0x0000024a                __vector_22
                0x0000024a                __vector_28
                0x0000024a                __vector_32
                0x0000024a                __vector_34
                0x0000024a                __vector_24
                0x0000024a                __vector_12
                0x0000024a                __bad_interrupt
                0x0000024a                __vector_6
                0x0000024a                __vector_31
                0x0000024a                __vector_35
                0x0000024a                __vector_39
                0x0000024a                __vector_30
                0x0000024a                __vector_13
                0x0000024a                __vector_17
                0x0000024a                __vector_19
                0x0000024a                __vector_41
                0x0000024a                __vector_27
                0x0000024a                __vector_5
                0x0000024a                __vector_33
                0x0000024a                __vector_37
                0x0000024a                __vector_9
                0x0000024a                __vector_21
                0x0000024a                __vector_15
                0x0000024a                __vector_29
                0x0000024a                __vector_40
                0x0000024a                __vector_8
                0x0000024a                __vector_14
                0x0000024a                __vector_16
                0x0000024a                __vector_18
                0x0000024a                __vector_20
                0x0000024a                __vector_42
                0x0000024e                . = ALIGN (0x2)
 *(.text.*)
 .text._Z6getkeyv
                0x0000024e      0x100 Romeo_keys.o
                0x0000024e                _Z6getkeyv
 .text._ZN5Print17availableForWriteEv
                0x0000034e        0x6 Sketch.o
                0x0000034e                _ZN5Print17availableForWriteEv
 .text._ZN5Print5flushEv
                0x00000354        0x2 Sketch.o
                0x00000354                _ZN5Print5flushEv
 .text._ZN7hd4478013iosetContrastEh
                0x00000356        0x6 Sketch.o
                0x00000356                _ZN7hd4478013iosetContrastEh
 .text._Z14chooseTimeZonev
                0x0000035c       0x12 Sketch.o
                0x0000035c                _Z14chooseTimeZonev
 .text._Z10changeAMPMv
                0x0000036e       0x12 Sketch.o
                0x0000036e                _Z10changeAMPMv
 .text._Z8setAlarmv
                0x00000380       0x12 Sketch.o
                0x00000380                _Z8setAlarmv
 .text._Z10wheelSpeedv
                0x00000392       0x2e Sketch.o
                0x00000392                _Z10wheelSpeedv
 .text._Z9gpsScreeni
                0x000003c0       0x26 Sketch.o
                0x000003c0                _Z9gpsScreeni
 .text._ZN14hd44780_I2Cexp12LocateDeviceEh.isra.1
                0x000003e6       0x80 Sketch.o
 .text._ZN7TwoWire5writeEi
                0x00000466        0xe Sketch.o
                0x00000466                _ZN7TwoWire5writeEi
 .text._ZN4Zeit4TickEv
                0x00000474       0x56 Sketch.o
                0x00000474                _ZN4Zeit4TickEv
 .text._ZN5Datum11DaysOfMonthEv
                0x000004ca       0x4e Sketch.o
                0x000004ca                _ZN5Datum11DaysOfMonthEv
 .text._ZN5Datum4TickEv
                0x00000518       0x52 Sketch.o
                0x00000518                _ZN5Datum4TickEv
 .text._Z5Watchv
                0x0000056a       0x84 Sketch.o
                0x0000056a                _Z5Watchv
 .text._ZN4Zeit6ChangeEi
                0x000005ee       0xc8 Sketch.o
                0x000005ee                _ZN4Zeit6ChangeEi
 .text._Z11printhhmmssR4Zeit
                0x000006b6       0xee Sketch.o
                0x000006b6                _Z11printhhmmssR4Zeit
 .text._Z11alarmScreeni
                0x000007a4       0x54 Sketch.o
                0x000007a4                _Z11alarmScreeni
 .text._Z11changeAlarmi
                0x000007f8       0x46 Sketch.o
                0x000007f8                _Z11changeAlarmi
 .text._Z13printddmmyyyyR5Datum
                0x0000083e       0x74 Sketch.o
                0x0000083e                _Z13printddmmyyyyR5Datum
 .text._Z10dateScreeni
                0x000008b2       0x84 Sketch.o
                0x000008b2                _Z10dateScreeni
 .text._Z17printHumidityTempv
                0x00000936       0x92 Sketch.o
                0x00000936                _Z17printHumidityTempv
 .text._Z10homeScreeni
                0x000009c8       0xf8 Sketch.o
                0x000009c8                _Z10homeScreeni
 .text._Z13calculateTimev
                0x00000ac0       0xc6 Sketch.o
                0x00000ac0                _Z13calculateTimev
 .text._Z14changeTimeZonei
                0x00000b86       0x68 Sketch.o
                0x00000b86                _Z14changeTimeZonei
 .text._Z11setTimeZonei
                0x00000bee       0x52 Sketch.o
                0x00000bee                _Z11setTimeZonei
 .text._Z17callibratePointerv
                0x00000c40       0x34 Sketch.o
                0x00000c40                _Z17callibratePointerv
 .text._Z7advancev
                0x00000c74       0x26 Sketch.o
                0x00000c74                _Z7advancev
 .text.setup    0x00000c9a      0x11e Sketch.o
                0x00000c9a                setup
 .text.startup._GLOBAL__sub_I_lcd
                0x00000db8      0x2f2 Sketch.o
 .text.exit._GLOBAL__sub_D_lcd
                0x000010aa       0x26 Sketch.o
 .text._ZN14hd44780_I2Cexp14iosetBacklightEh
                0x000010d0       0x72 Sketch.o
                0x000010d0                _ZN14hd44780_I2Cexp14iosetBacklightEh
 .text._ZN14hd44780_I2Cexp10write4bitsEhN7hd447806iotypeE
                0x00001142       0x48 Sketch.o
                0x00001142                _ZN14hd44780_I2Cexp10write4bitsEhN7hd447806iotypeE
 .text._ZN14hd44780_I2Cexp7iowriteEN7hd447806iotypeEh
                0x0000118a       0xe0 Sketch.o
                0x0000118a                _ZN14hd44780_I2Cexp7iowriteEN7hd447806iotypeEh
 .text._ZN14hd44780_I2Cexp6ioreadEN7hd447806iotypeE
                0x0000126a      0x236 Sketch.o
                0x0000126a                _ZN14hd44780_I2Cexp6ioreadEN7hd447806iotypeE
 .text._ZN14hd44780_I2Cexp11autocfg8574Ev
                0x000014a0      0x198 Sketch.o
                0x000014a0                _ZN14hd44780_I2Cexp11autocfg8574Ev
 .text._ZN14hd44780_I2Cexp15autocfgMCP23008Ev
                0x00001638      0x13c Sketch.o
                0x00001638                _ZN14hd44780_I2Cexp15autocfgMCP23008Ev
 .text._ZN14hd44780_I2Cexp6ioinitEv
                0x00001774      0x19a Sketch.o
                0x00001774                _ZN14hd44780_I2Cexp6ioinitEv
 .text._Z7readGPSv
                0x0000190e      0x1cc Sketch.o
                0x0000190e                _Z7readGPSv
 .text.loop     0x00001ada      0x354 Sketch.o
                0x00001ada                loop
 .text._ZN3PID7ComputeEv
                0x00001e2e      0x2ce src/libraries/Arduino-PID-Library-master/PID_v1.o
                0x00001e2e                _ZN3PID7ComputeEv
 .text._ZN3PID10SetTuningsEdddi
                0x000020fc      0x1ac src/libraries/Arduino-PID-Library-master/PID_v1.o
                0x000020fc                _ZN3PID10SetTuningsEdddi
 .text._ZN3PID13SetSampleTimeEi
                0x000022a8       0x9c src/libraries/Arduino-PID-Library-master/PID_v1.o
                0x000022a8                _ZN3PID13SetSampleTimeEi
 .text._ZN3PID10InitializeEv
                0x00002344       0x8c src/libraries/Arduino-PID-Library-master/PID_v1.o
                0x00002344                _ZN3PID10InitializeEv
 .text._ZN3PID7SetModeEi
                0x000023d0       0x2e src/libraries/Arduino-PID-Library-master/PID_v1.o
                0x000023d0                _ZN3PID7SetModeEi
 .text._ZN3PID22SetControllerDirectionEi
                0x000023fe       0x78 src/libraries/Arduino-PID-Library-master/PID_v1.o
                0x000023fe                _ZN3PID22SetControllerDirectionEi
 .text._ZN3PIDC2EPdS0_S0_dddii
                0x00002476       0xe2 src/libraries/Arduino-PID-Library-master/PID_v1.o
                0x00002476                _ZN3PIDC2EPdS0_S0_dddii
                0x00002476                _ZN3PIDC1EPdS0_S0_dddii
 .text._ZN3PIDC2EPdS0_S0_dddi
                0x00002558       0x64 src/libraries/Arduino-PID-Library-master/PID_v1.o
                0x00002558                _ZN3PIDC2EPdS0_S0_dddi
                0x00002558                _ZN3PIDC1EPdS0_S0_dddi
 .text._ZN3dht11_readSensorEhhh
                0x000025bc      0x184 src/libraries/DHTlib/dht.o
                0x000025bc                _ZN3dht11_readSensorEhhh
 .text._ZN3dht4readEh
                0x00002740       0xd4 src/libraries/DHTlib/dht.o
                0x00002740                _ZN3dht4readEh
 .text._ZN7hd447806ioinitEv
                0x00002814        0x6 src/libraries/hd44780/hd44780.o
                0x00002814                _ZN7hd447806ioinitEv
 .text._ZN7hd447806ioreadENS_6iotypeE
                0x0000281a        0x6 src/libraries/hd44780/hd44780.o
                0x0000281a                _ZN7hd447806ioreadENS_6iotypeE
 .text._ZN7hd4478014iosetBacklightEh
                0x00002820        0x6 src/libraries/hd44780/hd44780.o
                0x00002820                _ZN7hd4478014iosetBacklightEh
 .text._ZN7hd44780C2Ev
                0x00002826       0x5a src/libraries/hd44780/hd44780.o
                0x00002826                _ZN7hd44780C2Ev
                0x00002826                _ZN7hd44780C1Ev
 .text._ZN7hd447809backlightEv
                0x00002880       0x10 src/libraries/hd44780/hd44780.o
                0x00002880                _ZN7hd447809backlightEv
 .text._ZN7hd4478011noBacklightEv
                0x00002890       0x10 src/libraries/hd44780/hd44780.o
                0x00002890                _ZN7hd4478011noBacklightEv
 .text._ZN7hd447807commandEh
                0x000028a0       0x6e src/libraries/hd44780/hd44780.o
                0x000028a0                _ZN7hd447807commandEh
 .text._ZN7hd447805clearEv
                0x0000290e        0x6 src/libraries/hd44780/hd44780.o
                0x0000290e                _ZN7hd447805clearEv
 .text._ZN7hd447804homeEv
                0x00002914        0x6 src/libraries/hd44780/hd44780.o
                0x00002914                _ZN7hd447804homeEv
 .text._ZN7hd447809setCursorEhh
                0x0000291a       0x3c src/libraries/hd44780/hd44780.o
                0x0000291a                _ZN7hd447809setCursorEhh
 .text._ZN7hd447807displayEv
                0x00002956       0x10 src/libraries/hd44780/hd44780.o
                0x00002956                _ZN7hd447807displayEv
 .text._ZN7hd447805beginEhhh
                0x00002966      0x134 src/libraries/hd44780/hd44780.o
                0x00002966                _ZN7hd447805beginEhhh
 .text._ZN7hd447808noCursorEv
                0x00002a9a        0xe src/libraries/hd44780/hd44780.o
                0x00002a9a                _ZN7hd447808noCursorEv
 .text._ZN7hd447807noBlinkEv
                0x00002aa8        0xe src/libraries/hd44780/hd44780.o
                0x00002aa8                _ZN7hd447807noBlinkEv
 .text._ZN7hd447806_writeEh
                0x00002ab6       0x5e src/libraries/hd44780/hd44780.o
                0x00002ab6                _ZN7hd447806_writeEh
 .text._ZN7hd447805writeEh
                0x00002b14       0x48 src/libraries/hd44780/hd44780.o
                0x00002b14                _ZN7hd447805writeEh
 .text.twi_init
                0x00002b5c       0x3c src/libraries/Wire/src/utility/twi.o
                0x00002b5c                twi_init
 .text.twi_readFrom
                0x00002b98       0x90 src/libraries/Wire/src/utility/twi.o
                0x00002b98                twi_readFrom
 .text.twi_writeTo
                0x00002c28       0xac src/libraries/Wire/src/utility/twi.o
                0x00002c28                twi_writeTo
 .text.twi_transmit
                0x00002cd4       0x50 src/libraries/Wire/src/utility/twi.o
                0x00002cd4                twi_transmit
 .text.twi_attachSlaveRxEvent
                0x00002d24        0xa src/libraries/Wire/src/utility/twi.o
                0x00002d24                twi_attachSlaveRxEvent
 .text.twi_attachSlaveTxEvent
                0x00002d2e        0xa src/libraries/Wire/src/utility/twi.o
                0x00002d2e                twi_attachSlaveTxEvent
 .text.twi_stop
                0x00002d38       0x14 src/libraries/Wire/src/utility/twi.o
                0x00002d38                twi_stop
 .text.twi_releaseBus
                0x00002d4c        0xc src/libraries/Wire/src/utility/twi.o
                0x00002d4c                twi_releaseBus
 .text.__vector_36
                0x00002d58      0x25a src/libraries/Wire/src/utility/twi.o
                0x00002d58                __vector_36
 .text._ZN7TwoWire9availableEv
                0x00002fb2       0x10 src/libraries/Wire/src/Wire.o
                0x00002fb2                _ZN7TwoWire9availableEv
 .text._ZN7TwoWire4readEv
                0x00002fc2       0x28 src/libraries/Wire/src/Wire.o
                0x00002fc2                _ZN7TwoWire4readEv
 .text._ZN7TwoWire4peekEv
                0x00002fea       0x1e src/libraries/Wire/src/Wire.o
                0x00002fea                _ZN7TwoWire4peekEv
 .text._ZN7TwoWire5flushEv
                0x00003008        0x2 src/libraries/Wire/src/Wire.o
                0x00003008                _ZN7TwoWire5flushEv
 .text._ZN7TwoWire16onReceiveServiceEPhi
                0x0000300a       0x54 src/libraries/Wire/src/Wire.o
                0x0000300a                _ZN7TwoWire16onReceiveServiceEPhi
 .text._ZN7TwoWire16onRequestServiceEv
                0x0000305e       0x18 src/libraries/Wire/src/Wire.o
                0x0000305e                _ZN7TwoWire16onRequestServiceEv
 .text._ZN7TwoWire5writeEPKhj
                0x00003076       0x5a src/libraries/Wire/src/Wire.o
                0x00003076                _ZN7TwoWire5writeEPKhj
 .text._ZN7TwoWire5writeEh
                0x000030d0       0x5e src/libraries/Wire/src/Wire.o
                0x000030d0                _ZN7TwoWire5writeEh
 .text._ZN7TwoWireC2Ev
                0x0000312e       0x20 src/libraries/Wire/src/Wire.o
                0x0000312e                _ZN7TwoWireC1Ev
                0x0000312e                _ZN7TwoWireC2Ev
 .text._ZN7TwoWire5beginEv
                0x0000314e       0x24 src/libraries/Wire/src/Wire.o
                0x0000314e                _ZN7TwoWire5beginEv
 .text._ZN7TwoWire17beginTransmissionEh
                0x00003172       0x14 src/libraries/Wire/src/Wire.o
                0x00003172                _ZN7TwoWire17beginTransmissionEh
 .text._ZN7TwoWire15endTransmissionEh
                0x00003186       0x26 src/libraries/Wire/src/Wire.o
                0x00003186                _ZN7TwoWire15endTransmissionEh
 .text._ZN7TwoWire11requestFromEhhmhh
                0x000031ac       0xa8 src/libraries/Wire/src/Wire.o
                0x000031ac                _ZN7TwoWire11requestFromEhhmhh
 .text._ZN7TwoWire11requestFromEhhh
                0x00003254       0x20 src/libraries/Wire/src/Wire.o
                0x00003254                _ZN7TwoWire11requestFromEhhh
 .text._ZN7TwoWire11requestFromEii
                0x00003274        0x6 src/libraries/Wire/src/Wire.o
                0x00003274                _ZN7TwoWire11requestFromEii
 .text._ZN7TwoWire15endTransmissionEv
                0x0000327a        0x6 src/libraries/Wire/src/Wire.o
                0x0000327a                _ZN7TwoWire15endTransmissionEv
 .text.startup._GLOBAL__sub_I__ZN7TwoWire8rxBufferE
                0x00003280        0x8 src/libraries/Wire/src/Wire.o
 .text.avr-libc.fplib
                0x00003288        0xe c:/program files (x86)/atmel/studio/7.0/toolchain/avr8/avr8-gnu-toolchain/bin/../lib/gcc/avr/5.4.0/../../../../avr/lib/avr5\libm.a(addsf3.o)
                0x00003288                __subsf3
                0x0000328a                __addsf3
 .text.avr-libc.fplib
                0x00003296       0xcc c:/program files (x86)/atmel/studio/7.0/toolchain/avr8/avr8-gnu-toolchain/bin/../lib/gcc/avr/5.4.0/../../../../avr/lib/avr5\libm.a(addsf3x.o)
                0x000032b8                __addsf3x
 .text.avr-libc.fplib
                0x00003362        0xa c:/program files (x86)/atmel/studio/7.0/toolchain/avr8/avr8-gnu-toolchain/bin/../lib/gcc/avr/5.4.0/../../../../avr/lib/avr5\libm.a(cmpsf2.o)
                0x00003362                __nesf2
                0x00003362                __eqsf2
                0x00003362                __cmpsf2
                0x00003362                __ltsf2
                0x00003362                __lesf2
 .text.avr-libc.fplib
                0x0000336c        0x8 c:/program files (x86)/atmel/studio/7.0/toolchain/avr8/avr8-gnu-toolchain/bin/../lib/gcc/avr/5.4.0/../../../../avr/lib/avr5\libm.a(divsf3.o)
                0x0000336c                __divsf3
 .text.avr-libc.fplib
                0x00003374       0xdc c:/program files (x86)/atmel/studio/7.0/toolchain/avr8/avr8-gnu-toolchain/bin/../lib/gcc/avr/5.4.0/../../../../avr/lib/avr5\libm.a(divsf3x.o)
                0x00003394                __divsf3x
                0x0000339a                __divsf3_pse
 .text.avr-libc.fplib
                0x00003450        0xe c:/program files (x86)/atmel/studio/7.0/toolchain/avr8/avr8-gnu-toolchain/bin/../lib/gcc/avr/5.4.0/../../../../avr/lib/avr5\libm.a(fixsfsi.o)
                0x00003450                __fixsfsi
 .text.avr-libc.fplib
                0x0000345e       0x5e c:/program files (x86)/atmel/studio/7.0/toolchain/avr8/avr8-gnu-toolchain/bin/../lib/gcc/avr/5.4.0/../../../../avr/lib/avr5\libm.a(fixunssfsi.o)
                0x0000345e                __fixunssfsi
 .text.avr-libc.fplib
                0x000034bc       0x7a c:/program files (x86)/atmel/studio/7.0/toolchain/avr8/avr8-gnu-toolchain/bin/../lib/gcc/avr/5.4.0/../../../../avr/lib/avr5\libm.a(floatsisf.o)
                0x000034bc                __floatunsisf
                0x000034c0                __floatsisf
 .text.avr-libc.fplib
                0x00003536       0x48 c:/program files (x86)/atmel/studio/7.0/toolchain/avr8/avr8-gnu-toolchain/bin/../lib/gcc/avr/5.4.0/../../../../avr/lib/avr5\libm.a(fp_cmp.o)
                0x00003536                __fp_cmp
 .text.avr-libc.fplib
                0x0000357e        0xc c:/program files (x86)/atmel/studio/7.0/toolchain/avr8/avr8-gnu-toolchain/bin/../lib/gcc/avr/5.4.0/../../../../avr/lib/avr5\libm.a(fp_inf.o)
                0x0000357e                __fp_inf
 .text.avr-libc.fplib
                0x0000358a        0x6 c:/program files (x86)/atmel/studio/7.0/toolchain/avr8/avr8-gnu-toolchain/bin/../lib/gcc/avr/5.4.0/../../../../avr/lib/avr5\libm.a(fp_nan.o)
                0x0000358a                __fp_nan
 .text.avr-libc.fplib
                0x00003590        0xe c:/program files (x86)/atmel/studio/7.0/toolchain/avr8/avr8-gnu-toolchain/bin/../lib/gcc/avr/5.4.0/../../../../avr/lib/avr5\libm.a(fp_pscA.o)
                0x00003590                __fp_pscA
 .text.avr-libc.fplib
                0x0000359e        0xe c:/program files (x86)/atmel/studio/7.0/toolchain/avr8/avr8-gnu-toolchain/bin/../lib/gcc/avr/5.4.0/../../../../avr/lib/avr5\libm.a(fp_pscB.o)
                0x0000359e                __fp_pscB
 .text.avr-libc.fplib
                0x000035ac       0x22 c:/program files (x86)/atmel/studio/7.0/toolchain/avr8/avr8-gnu-toolchain/bin/../lib/gcc/avr/5.4.0/../../../../avr/lib/avr5\libm.a(fp_round.o)
                0x000035ac                __fp_round
 .text.avr-libc.fplib
                0x000035ce       0x44 c:/program files (x86)/atmel/studio/7.0/toolchain/avr8/avr8-gnu-toolchain/bin/../lib/gcc/avr/5.4.0/../../../../avr/lib/avr5\libm.a(fp_split3.o)
                0x000035ce                __fp_split3
                0x000035de                __fp_splitA
 .text.avr-libc.fplib
                0x00003612        0xe c:/program files (x86)/atmel/studio/7.0/toolchain/avr8/avr8-gnu-toolchain/bin/../lib/gcc/avr/5.4.0/../../../../avr/lib/avr5\libm.a(fp_zero.o)
                0x00003612                __fp_zero
                0x00003614                __fp_szero
 .text.avr-libc.fplib
                0x00003620        0xa c:/program files (x86)/atmel/studio/7.0/toolchain/avr8/avr8-gnu-toolchain/bin/../lib/gcc/avr/5.4.0/../../../../avr/lib/avr5\libm.a(gesf2.o)
                0x00003620                __gesf2
                0x00003620                __gtsf2
 .text.avr-libc.fplib
                0x0000362a        0x8 c:/program files (x86)/atmel/studio/7.0/toolchain/avr8/avr8-gnu-toolchain/bin/../lib/gcc/avr/5.4.0/../../../../avr/lib/avr5\libm.a(mulsf3.o)
                0x0000362a                __mulsf3
 .text.avr-libc.fplib
                0x00003632       0xd2 c:/program files (x86)/atmel/studio/7.0/toolchain/avr8/avr8-gnu-toolchain/bin/../lib/gcc/avr/5.4.0/../../../../avr/lib/avr5\libm.a(mulsf3x.o)
                0x00003650                __mulsf3x
                0x00003656                __mulsf3_pse
 .text.__cxa_pure_virtual
                0x00003704        0x4 C:\Users\cyril\DOCUME~1\ATMELS~1\7.0\EBS_PR~1\99_PRO~1\99_PRO~1\ARDUIN~1\Debug\libArduinoCore.a(abi.o)
                0x00003704                __cxa_pure_virtual
 .text._ZN7Serial_5writeEh
                0x00003708       0x2c C:\Users\cyril\DOCUME~1\ATMELS~1\7.0\EBS_PR~1\99_PRO~1\99_PRO~1\ARDUIN~1\Debug\libArduinoCore.a(CDC.o)
                0x00003708                _ZN7Serial_5writeEh
 .text._ZN7Serial_4peekEv
                0x00003734       0x22 C:\Users\cyril\DOCUME~1\ATMELS~1\7.0\EBS_PR~1\99_PRO~1\99_PRO~1\ARDUIN~1\Debug\libArduinoCore.a(CDC.o)
                0x00003734                _ZN7Serial_4peekEv
 .text._ZN7Serial_17availableForWriteEv
                0x00003756        0xa C:\Users\cyril\DOCUME~1\ATMELS~1\7.0\EBS_PR~1\99_PRO~1\99_PRO~1\ARDUIN~1\Debug\libArduinoCore.a(CDC.o)
                0x00003756                _ZN7Serial_17availableForWriteEv
 .text._ZN7Serial_5flushEv
                0x00003760        0x6 C:\Users\cyril\DOCUME~1\ATMELS~1\7.0\EBS_PR~1\99_PRO~1\99_PRO~1\ARDUIN~1\Debug\libArduinoCore.a(CDC.o)
                0x00003760                _ZN7Serial_5flushEv
 .text._ZN7Serial_9availableEv
                0x00003766       0x20 C:\Users\cyril\DOCUME~1\ATMELS~1\7.0\EBS_PR~1\99_PRO~1\99_PRO~1\ARDUIN~1\Debug\libArduinoCore.a(CDC.o)
                0x00003766                _ZN7Serial_9availableEv
 .text._ZN7Serial_4readEv
                0x00003786       0x1a C:\Users\cyril\DOCUME~1\ATMELS~1\7.0\EBS_PR~1\99_PRO~1\99_PRO~1\ARDUIN~1\Debug\libArduinoCore.a(CDC.o)
                0x00003786                _ZN7Serial_4readEv
 .text._ZN7Serial_5writeEPKhj
                0x000037a0       0x2c C:\Users\cyril\DOCUME~1\ATMELS~1\7.0\EBS_PR~1\99_PRO~1\99_PRO~1\ARDUIN~1\Debug\libArduinoCore.a(CDC.o)
                0x000037a0                _ZN7Serial_5writeEPKhj
 .text._Z16isLUFAbootloaderv
                0x000037cc       0x14 C:\Users\cyril\DOCUME~1\ATMELS~1\7.0\EBS_PR~1\99_PRO~1\99_PRO~1\ARDUIN~1\Debug\libArduinoCore.a(CDC.o)
                0x000037cc                _Z16isLUFAbootloaderv
 .text._Z16CDC_GetInterfacePh
                0x000037e0       0x16 C:\Users\cyril\DOCUME~1\ATMELS~1\7.0\EBS_PR~1\99_PRO~1\99_PRO~1\ARDUIN~1\Debug\libArduinoCore.a(CDC.o)
                0x000037e0                _Z16CDC_GetInterfacePh
 .text._Z9CDC_SetupR8USBSetup
                0x000037f6      0x11c C:\Users\cyril\DOCUME~1\ATMELS~1\7.0\EBS_PR~1\99_PRO~1\99_PRO~1\ARDUIN~1\Debug\libArduinoCore.a(CDC.o)
                0x000037f6                _Z9CDC_SetupR8USBSetup
 .text._ZN7Serial_5beginEm
                0x00003912        0xc C:\Users\cyril\DOCUME~1\ATMELS~1\7.0\EBS_PR~1\99_PRO~1\99_PRO~1\ARDUIN~1\Debug\libArduinoCore.a(CDC.o)
                0x00003912                _ZN7Serial_5beginEm
 .text.startup._GLOBAL__sub_I__cdcInterface
                0x0000391e       0x2a C:\Users\cyril\DOCUME~1\ATMELS~1\7.0\EBS_PR~1\99_PRO~1\99_PRO~1\ARDUIN~1\Debug\libArduinoCore.a(CDC.o)
 .text._ZN14HardwareSerial9availableEv
                0x00003948       0x18 C:\Users\cyril\DOCUME~1\ATMELS~1\7.0\EBS_PR~1\99_PRO~1\99_PRO~1\ARDUIN~1\Debug\libArduinoCore.a(HardwareSerial.o)
                0x00003948                _ZN14HardwareSerial9availableEv
 .text._ZN14HardwareSerial4peekEv
                0x00003960       0x1c C:\Users\cyril\DOCUME~1\ATMELS~1\7.0\EBS_PR~1\99_PRO~1\99_PRO~1\ARDUIN~1\Debug\libArduinoCore.a(HardwareSerial.o)
                0x00003960                _ZN14HardwareSerial4peekEv
 .text._ZN14HardwareSerial4readEv
                0x0000397c       0x28 C:\Users\cyril\DOCUME~1\ATMELS~1\7.0\EBS_PR~1\99_PRO~1\99_PRO~1\ARDUIN~1\Debug\libArduinoCore.a(HardwareSerial.o)
                0x0000397c                _ZN14HardwareSerial4readEv
 .text._ZN14HardwareSerial17availableForWriteEv
                0x000039a4       0x1e C:\Users\cyril\DOCUME~1\ATMELS~1\7.0\EBS_PR~1\99_PRO~1\99_PRO~1\ARDUIN~1\Debug\libArduinoCore.a(HardwareSerial.o)
                0x000039a4                _ZN14HardwareSerial17availableForWriteEv
 .text._Z14serialEventRunv
                0x000039c2       0x1c C:\Users\cyril\DOCUME~1\ATMELS~1\7.0\EBS_PR~1\99_PRO~1\99_PRO~1\ARDUIN~1\Debug\libArduinoCore.a(HardwareSerial.o)
                0x000039c2                _Z14serialEventRunv
 .text._ZN14HardwareSerial17_tx_udr_empty_irqEv
                0x000039de       0x42 C:\Users\cyril\DOCUME~1\ATMELS~1\7.0\EBS_PR~1\99_PRO~1\99_PRO~1\ARDUIN~1\Debug\libArduinoCore.a(HardwareSerial.o)
                0x000039de                _ZN14HardwareSerial17_tx_udr_empty_irqEv
 .text._ZN14HardwareSerial5writeEh
                0x00003a20       0x98 C:\Users\cyril\DOCUME~1\ATMELS~1\7.0\EBS_PR~1\99_PRO~1\99_PRO~1\ARDUIN~1\Debug\libArduinoCore.a(HardwareSerial.o)
                0x00003a20                _ZN14HardwareSerial5writeEh
 .text._ZN14HardwareSerial5flushEv
                0x00003ab8       0x44 C:\Users\cyril\DOCUME~1\ATMELS~1\7.0\EBS_PR~1\99_PRO~1\99_PRO~1\ARDUIN~1\Debug\libArduinoCore.a(HardwareSerial.o)
                0x00003ab8                _ZN14HardwareSerial5flushEv
 .text._ZN14HardwareSerial5beginEmh
                0x00003afc       0xca C:\Users\cyril\DOCUME~1\ATMELS~1\7.0\EBS_PR~1\99_PRO~1\99_PRO~1\ARDUIN~1\Debug\libArduinoCore.a(HardwareSerial.o)
                0x00003afc                _ZN14HardwareSerial5beginEmh
 .text.__vector_25
                0x00003bc6       0x64 C:\Users\cyril\DOCUME~1\ATMELS~1\7.0\EBS_PR~1\99_PRO~1\99_PRO~1\ARDUIN~1\Debug\libArduinoCore.a(HardwareSerial1.o)
                0x00003bc6                __vector_25
 .text.__vector_26
                0x00003c2a       0x4c C:\Users\cyril\DOCUME~1\ATMELS~1\7.0\EBS_PR~1\99_PRO~1\99_PRO~1\ARDUIN~1\Debug\libArduinoCore.a(HardwareSerial1.o)
                0x00003c2a                __vector_26
 .text._Z17Serial1_availablev
                0x00003c76       0x14 C:\Users\cyril\DOCUME~1\ATMELS~1\7.0\EBS_PR~1\99_PRO~1\99_PRO~1\ARDUIN~1\Debug\libArduinoCore.a(HardwareSerial1.o)
                0x00003c76                _Z17Serial1_availablev
 .text.startup._GLOBAL__sub_I___vector_25
                0x00003c8a       0x5a C:\Users\cyril\DOCUME~1\ATMELS~1\7.0\EBS_PR~1\99_PRO~1\99_PRO~1\ARDUIN~1\Debug\libArduinoCore.a(HardwareSerial1.o)
 .text.initVariant
                0x00003ce4        0x2 C:\Users\cyril\DOCUME~1\ATMELS~1\7.0\EBS_PR~1\99_PRO~1\99_PRO~1\ARDUIN~1\Debug\libArduinoCore.a(main.o)
                0x00003ce4                initVariant
 .text.startup.main
                0x00003ce6       0x26 C:\Users\cyril\DOCUME~1\ATMELS~1\7.0\EBS_PR~1\99_PRO~1\99_PRO~1\ARDUIN~1\Debug\libArduinoCore.a(main.o)
                0x00003ce6                main
 .text._ZN5Print5writeEPKhj
                0x00003d0c       0x54 C:\Users\cyril\DOCUME~1\ATMELS~1\7.0\EBS_PR~1\99_PRO~1\99_PRO~1\ARDUIN~1\Debug\libArduinoCore.a(Print.o)
                0x00003d0c                _ZN5Print5writeEPKhj
 .text._ZN5Print5writeEPKc
                0x00003d60       0x2a C:\Users\cyril\DOCUME~1\ATMELS~1\7.0\EBS_PR~1\99_PRO~1\99_PRO~1\ARDUIN~1\Debug\libArduinoCore.a(Print.o)
                0x00003d60                _ZN5Print5writeEPKc
 .text._ZN5Print5printERK6String
                0x00003d8a       0x1c C:\Users\cyril\DOCUME~1\ATMELS~1\7.0\EBS_PR~1\99_PRO~1\99_PRO~1\ARDUIN~1\Debug\libArduinoCore.a(Print.o)
                0x00003d8a                _ZN5Print5printERK6String
 .text._ZN5Print5printEPKc
                0x00003da6        0x4 C:\Users\cyril\DOCUME~1\ATMELS~1\7.0\EBS_PR~1\99_PRO~1\99_PRO~1\ARDUIN~1\Debug\libArduinoCore.a(Print.o)
                0x00003da6                _ZN5Print5printEPKc
 .text._ZN5Print5printEc
                0x00003daa        0xe C:\Users\cyril\DOCUME~1\ATMELS~1\7.0\EBS_PR~1\99_PRO~1\99_PRO~1\ARDUIN~1\Debug\libArduinoCore.a(Print.o)
                0x00003daa                _ZN5Print5printEc
 .text._ZN5Print11printNumberEmh
                0x00003db8       0x92 C:\Users\cyril\DOCUME~1\ATMELS~1\7.0\EBS_PR~1\99_PRO~1\99_PRO~1\ARDUIN~1\Debug\libArduinoCore.a(Print.o)
                0x00003db8                _ZN5Print11printNumberEmh
 .text._ZN5Print5printEmi
                0x00003e4a       0x1a C:\Users\cyril\DOCUME~1\ATMELS~1\7.0\EBS_PR~1\99_PRO~1\99_PRO~1\ARDUIN~1\Debug\libArduinoCore.a(Print.o)
                0x00003e4a                _ZN5Print5printEmi
 .text._ZN5Print5printEji
                0x00003e64        0xc C:\Users\cyril\DOCUME~1\ATMELS~1\7.0\EBS_PR~1\99_PRO~1\99_PRO~1\ARDUIN~1\Debug\libArduinoCore.a(Print.o)
                0x00003e64                _ZN5Print5printEji
 .text._ZN5Print5printEli
                0x00003e70       0x90 C:\Users\cyril\DOCUME~1\ATMELS~1\7.0\EBS_PR~1\99_PRO~1\99_PRO~1\ARDUIN~1\Debug\libArduinoCore.a(Print.o)
                0x00003e70                _ZN5Print5printEli
 .text._ZN5Print5printEii
                0x00003f00        0xe C:\Users\cyril\DOCUME~1\ATMELS~1\7.0\EBS_PR~1\99_PRO~1\99_PRO~1\ARDUIN~1\Debug\libArduinoCore.a(Print.o)
                0x00003f00                _ZN5Print5printEii
 .text._ZN5Print10printFloatEdh
                0x00003f0e      0x1b6 C:\Users\cyril\DOCUME~1\ATMELS~1\7.0\EBS_PR~1\99_PRO~1\99_PRO~1\ARDUIN~1\Debug\libArduinoCore.a(Print.o)
                0x00003f0e                _ZN5Print10printFloatEdh
 .text._ZN5Print5printEdi
                0x000040c4        0x4 C:\Users\cyril\DOCUME~1\ATMELS~1\7.0\EBS_PR~1\99_PRO~1\99_PRO~1\ARDUIN~1\Debug\libArduinoCore.a(Print.o)
                0x000040c4                _ZN5Print5printEdi
 .text._ZL4RecvPVhh
                0x000040c8       0x1a C:\Users\cyril\DOCUME~1\ATMELS~1\7.0\EBS_PR~1\99_PRO~1\99_PRO~1\ARDUIN~1\Debug\libArduinoCore.a(USBCore.o)
 .text._ZL11SendControlh
                0x000040e2       0x5c C:\Users\cyril\DOCUME~1\ATMELS~1\7.0\EBS_PR~1\99_PRO~1\99_PRO~1\ARDUIN~1\Debug\libArduinoCore.a(USBCore.o)
 .text._ZL24USB_SendStringDescriptorPKhhh
                0x0000413e       0x6a C:\Users\cyril\DOCUME~1\ATMELS~1\7.0\EBS_PR~1\99_PRO~1\99_PRO~1\ARDUIN~1\Debug\libArduinoCore.a(USBCore.o)
 .text._ZL15USB_ClockEnablev
                0x000041a8       0x46 C:\Users\cyril\DOCUME~1\ATMELS~1\7.0\EBS_PR~1\99_PRO~1\99_PRO~1\ARDUIN~1\Debug\libArduinoCore.a(USBCore.o)
 .text._ZL14SendInterfacesv
                0x000041ee       0x2c C:\Users\cyril\DOCUME~1\ATMELS~1\7.0\EBS_PR~1\99_PRO~1\99_PRO~1\ARDUIN~1\Debug\libArduinoCore.a(USBCore.o)
 .text._ZN6LockEPC2Eh
                0x0000421a       0x10 C:\Users\cyril\DOCUME~1\ATMELS~1\7.0\EBS_PR~1\99_PRO~1\99_PRO~1\ARDUIN~1\Debug\libArduinoCore.a(USBCore.o)
                0x0000421a                _ZN6LockEPC2Eh
                0x0000421a                _ZN6LockEPC1Eh
 .text._Z13USB_Availableh
                0x0000422a       0x24 C:\Users\cyril\DOCUME~1\ATMELS~1\7.0\EBS_PR~1\99_PRO~1\99_PRO~1\ARDUIN~1\Debug\libArduinoCore.a(USBCore.o)
                0x0000422a                _Z13USB_Availableh
 .text._Z8USB_RecvhPvi
                0x0000424e       0x86 C:\Users\cyril\DOCUME~1\ATMELS~1\7.0\EBS_PR~1\99_PRO~1\99_PRO~1\ARDUIN~1\Debug\libArduinoCore.a(USBCore.o)
                0x0000424e                _Z8USB_RecvhPvi
 .text._Z8USB_Recvh
                0x000042d4       0x2e C:\Users\cyril\DOCUME~1\ATMELS~1\7.0\EBS_PR~1\99_PRO~1\99_PRO~1\ARDUIN~1\Debug\libArduinoCore.a(USBCore.o)
                0x000042d4                _Z8USB_Recvh
 .text._Z13USB_SendSpaceh
                0x00004302       0x34 C:\Users\cyril\DOCUME~1\ATMELS~1\7.0\EBS_PR~1\99_PRO~1\99_PRO~1\ARDUIN~1\Debug\libArduinoCore.a(USBCore.o)
                0x00004302                _Z13USB_SendSpaceh
 .text._Z8USB_SendhPKvi
                0x00004336      0x14a C:\Users\cyril\DOCUME~1\ATMELS~1\7.0\EBS_PR~1\99_PRO~1\99_PRO~1\ARDUIN~1\Debug\libArduinoCore.a(USBCore.o)
                0x00004336                _Z8USB_SendhPKvi
 .text._Z11InitControli
                0x00004480       0x16 C:\Users\cyril\DOCUME~1\ATMELS~1\7.0\EBS_PR~1\99_PRO~1\99_PRO~1\ARDUIN~1\Debug\libArduinoCore.a(USBCore.o)
                0x00004480                _Z11InitControli
 .text._Z15USB_SendControlhPKvi
                0x00004496       0x4e C:\Users\cyril\DOCUME~1\ATMELS~1\7.0\EBS_PR~1\99_PRO~1\99_PRO~1\ARDUIN~1\Debug\libArduinoCore.a(USBCore.o)
                0x00004496                _Z15USB_SendControlhPKvi
 .text._Z15USB_RecvControlPvi
                0x000044e4       0x66 C:\Users\cyril\DOCUME~1\ATMELS~1\7.0\EBS_PR~1\99_PRO~1\99_PRO~1\ARDUIN~1\Debug\libArduinoCore.a(USBCore.o)
                0x000044e4                _Z15USB_RecvControlPvi
 .text.__vector_11
                0x0000454a      0x2b4 C:\Users\cyril\DOCUME~1\ATMELS~1\7.0\EBS_PR~1\99_PRO~1\99_PRO~1\ARDUIN~1\Debug\libArduinoCore.a(USBCore.o)
                0x0000454a                __vector_11
 .text._Z9USB_Flushh
                0x000047fe       0x14 C:\Users\cyril\DOCUME~1\ATMELS~1\7.0\EBS_PR~1\99_PRO~1\99_PRO~1\ARDUIN~1\Debug\libArduinoCore.a(USBCore.o)
                0x000047fe                _Z9USB_Flushh
 .text.__vector_10
                0x00004812      0x102 C:\Users\cyril\DOCUME~1\ATMELS~1\7.0\EBS_PR~1\99_PRO~1\99_PRO~1\ARDUIN~1\Debug\libArduinoCore.a(USBCore.o)
                0x00004812                __vector_10
 .text._ZN10USBDevice_6attachEv
                0x00004914       0x26 C:\Users\cyril\DOCUME~1\ATMELS~1\7.0\EBS_PR~1\99_PRO~1\99_PRO~1\ARDUIN~1\Debug\libArduinoCore.a(USBCore.o)
                0x00004914                _ZN10USBDevice_6attachEv
 .text.nothing  0x0000493a        0x2 C:\Users\cyril\DOCUME~1\ATMELS~1\7.0\EBS_PR~1\99_PRO~1\99_PRO~1\ARDUIN~1\Debug\libArduinoCore.a(WInterrupts.o)
 .text.attachInterrupt
                0x0000493c       0xa0 C:\Users\cyril\DOCUME~1\ATMELS~1\7.0\EBS_PR~1\99_PRO~1\99_PRO~1\ARDUIN~1\Debug\libArduinoCore.a(WInterrupts.o)
                0x0000493c                attachInterrupt
 .text.__vector_1
                0x000049dc       0x4e C:\Users\cyril\DOCUME~1\ATMELS~1\7.0\EBS_PR~1\99_PRO~1\99_PRO~1\ARDUIN~1\Debug\libArduinoCore.a(WInterrupts.o)
                0x000049dc                __vector_1
 .text.__vector_2
                0x00004a2a       0x4e C:\Users\cyril\DOCUME~1\ATMELS~1\7.0\EBS_PR~1\99_PRO~1\99_PRO~1\ARDUIN~1\Debug\libArduinoCore.a(WInterrupts.o)
                0x00004a2a                __vector_2
 .text.__vector_3
                0x00004a78       0x4e C:\Users\cyril\DOCUME~1\ATMELS~1\7.0\EBS_PR~1\99_PRO~1\99_PRO~1\ARDUIN~1\Debug\libArduinoCore.a(WInterrupts.o)
                0x00004a78                __vector_3
 .text.__vector_4
                0x00004ac6       0x4e C:\Users\cyril\DOCUME~1\ATMELS~1\7.0\EBS_PR~1\99_PRO~1\99_PRO~1\ARDUIN~1\Debug\libArduinoCore.a(WInterrupts.o)
                0x00004ac6                __vector_4
 .text.__vector_7
                0x00004b14       0x4e C:\Users\cyril\DOCUME~1\ATMELS~1\7.0\EBS_PR~1\99_PRO~1\99_PRO~1\ARDUIN~1\Debug\libArduinoCore.a(WInterrupts.o)
                0x00004b14                __vector_7
 .text.__vector_23
                0x00004b62       0x94 C:\Users\cyril\DOCUME~1\ATMELS~1\7.0\EBS_PR~1\99_PRO~1\99_PRO~1\ARDUIN~1\Debug\libArduinoCore.a(wiring.o)
                0x00004b62                __vector_23
 .text.millis   0x00004bf6       0x18 C:\Users\cyril\DOCUME~1\ATMELS~1\7.0\EBS_PR~1\99_PRO~1\99_PRO~1\ARDUIN~1\Debug\libArduinoCore.a(wiring.o)
                0x00004bf6                millis
 .text.micros   0x00004c0e       0x4a C:\Users\cyril\DOCUME~1\ATMELS~1\7.0\EBS_PR~1\99_PRO~1\99_PRO~1\ARDUIN~1\Debug\libArduinoCore.a(wiring.o)
                0x00004c0e                micros
 .text.delay    0x00004c58       0x78 C:\Users\cyril\DOCUME~1\ATMELS~1\7.0\EBS_PR~1\99_PRO~1\99_PRO~1\ARDUIN~1\Debug\libArduinoCore.a(wiring.o)
                0x00004c58                delay
 .text.delayMicroseconds
                0x00004cd0       0x16 C:\Users\cyril\DOCUME~1\ATMELS~1\7.0\EBS_PR~1\99_PRO~1\99_PRO~1\ARDUIN~1\Debug\libArduinoCore.a(wiring.o)
                0x00004cd0                delayMicroseconds
 .text.init     0x00004ce6       0xac C:\Users\cyril\DOCUME~1\ATMELS~1\7.0\EBS_PR~1\99_PRO~1\99_PRO~1\ARDUIN~1\Debug\libArduinoCore.a(wiring.o)
                0x00004ce6                init
 .text.analogRead
                0x00004d92       0x62 C:\Users\cyril\DOCUME~1\ATMELS~1\7.0\EBS_PR~1\99_PRO~1\99_PRO~1\ARDUIN~1\Debug\libArduinoCore.a(wiring_analog.o)
                0x00004d92                analogRead
 .text.analogWrite
                0x00004df4      0x130 C:\Users\cyril\DOCUME~1\ATMELS~1\7.0\EBS_PR~1\99_PRO~1\99_PRO~1\ARDUIN~1\Debug\libArduinoCore.a(wiring_analog.o)
                0x00004df4                analogWrite
 .text.turnOffPWM
                0x00004f24       0x7a C:\Users\cyril\DOCUME~1\ATMELS~1\7.0\EBS_PR~1\99_PRO~1\99_PRO~1\ARDUIN~1\Debug\libArduinoCore.a(wiring_digital.o)
 .text.pinMode  0x00004f9e       0x78 C:\Users\cyril\DOCUME~1\ATMELS~1\7.0\EBS_PR~1\99_PRO~1\99_PRO~1\ARDUIN~1\Debug\libArduinoCore.a(wiring_digital.o)
                0x00004f9e                pinMode
 .text.digitalWrite
                0x00005016       0x5e C:\Users\cyril\DOCUME~1\ATMELS~1\7.0\EBS_PR~1\99_PRO~1\99_PRO~1\ARDUIN~1\Debug\libArduinoCore.a(wiring_digital.o)
                0x00005016                digitalWrite
 .text.digitalRead
                0x00005074       0x52 C:\Users\cyril\DOCUME~1\ATMELS~1\7.0\EBS_PR~1\99_PRO~1\99_PRO~1\ARDUIN~1\Debug\libArduinoCore.a(wiring_digital.o)
                0x00005074                digitalRead
 .text._ZN6StringD2Ev
                0x000050c6        0xa C:\Users\cyril\DOCUME~1\ATMELS~1\7.0\EBS_PR~1\99_PRO~1\99_PRO~1\ARDUIN~1\Debug\libArduinoCore.a(WString.o)
                0x000050c6                _ZN6StringD2Ev
                0x000050c6                _ZN6StringD1Ev
 .text._ZN6String10invalidateEv
                0x000050d0       0x24 C:\Users\cyril\DOCUME~1\ATMELS~1\7.0\EBS_PR~1\99_PRO~1\99_PRO~1\ARDUIN~1\Debug\libArduinoCore.a(WString.o)
                0x000050d0                _ZN6String10invalidateEv
 .text._ZN6String12changeBufferEj
                0x000050f4       0x34 C:\Users\cyril\DOCUME~1\ATMELS~1\7.0\EBS_PR~1\99_PRO~1\99_PRO~1\ARDUIN~1\Debug\libArduinoCore.a(WString.o)
                0x000050f4                _ZN6String12changeBufferEj
 .text._ZN6String7reserveEj
                0x00005128       0x38 C:\Users\cyril\DOCUME~1\ATMELS~1\7.0\EBS_PR~1\99_PRO~1\99_PRO~1\ARDUIN~1\Debug\libArduinoCore.a(WString.o)
                0x00005128                _ZN6String7reserveEj
 .text._ZN6String4copyEPKcj
                0x00005160       0x42 C:\Users\cyril\DOCUME~1\ATMELS~1\7.0\EBS_PR~1\99_PRO~1\99_PRO~1\ARDUIN~1\Debug\libArduinoCore.a(WString.o)
                0x00005160                _ZN6String4copyEPKcj
 .text._ZN6StringC2EPKc
                0x000051a2       0x2a C:\Users\cyril\DOCUME~1\ATMELS~1\7.0\EBS_PR~1\99_PRO~1\99_PRO~1\ARDUIN~1\Debug\libArduinoCore.a(WString.o)
                0x000051a2                _ZN6StringC2EPKc
                0x000051a2                _ZN6StringC1EPKc
 .text.__empty  0x000051cc        0x2 C:\Users\cyril\DOCUME~1\ATMELS~1\7.0\EBS_PR~1\99_PRO~1\99_PRO~1\ARDUIN~1\Debug\libArduinoCore.a(hooks.o)
                0x000051cc                yield
 .text._ZN13PluggableUSB_12getInterfaceEPh
                0x000051ce       0x52 C:\Users\cyril\DOCUME~1\ATMELS~1\7.0\EBS_PR~1\99_PRO~1\99_PRO~1\ARDUIN~1\Debug\libArduinoCore.a(PluggableUSB.o)
                0x000051ce                _ZN13PluggableUSB_12getInterfaceEPh
 .text._ZN13PluggableUSB_13getDescriptorER8USBSetup
                0x00005220       0x3e C:\Users\cyril\DOCUME~1\ATMELS~1\7.0\EBS_PR~1\99_PRO~1\99_PRO~1\ARDUIN~1\Debug\libArduinoCore.a(PluggableUSB.o)
                0x00005220                _ZN13PluggableUSB_13getDescriptorER8USBSetup
 .text._ZN13PluggableUSB_12getShortNameEPc
                0x0000525e       0x3e C:\Users\cyril\DOCUME~1\ATMELS~1\7.0\EBS_PR~1\99_PRO~1\99_PRO~1\ARDUIN~1\Debug\libArduinoCore.a(PluggableUSB.o)
                0x0000525e                _ZN13PluggableUSB_12getShortNameEPc
 .text._ZN13PluggableUSB_5setupER8USBSetup
                0x0000529c       0x3c C:\Users\cyril\DOCUME~1\ATMELS~1\7.0\EBS_PR~1\99_PRO~1\99_PRO~1\ARDUIN~1\Debug\libArduinoCore.a(PluggableUSB.o)
                0x0000529c                _ZN13PluggableUSB_5setupER8USBSetup
 .text._Z12PluggableUSBv
                0x000052d8       0x28 C:\Users\cyril\DOCUME~1\ATMELS~1\7.0\EBS_PR~1\99_PRO~1\99_PRO~1\ARDUIN~1\Debug\libArduinoCore.a(PluggableUSB.o)
                0x000052d8                _Z12PluggableUSBv
 .text.avr-libc.fplib
                0x00005300        0xa c:/program files (x86)/atmel/studio/7.0/toolchain/avr8/avr8-gnu-toolchain/bin/../lib/gcc/avr/5.4.0/../../../../avr/lib/avr5\libm.a(unordsf2.o)
                0x00005300                __unordsf2
 .text.libgcc.div
                0x0000530a       0x28 c:/program files (x86)/atmel/studio/7.0/toolchain/avr8/avr8-gnu-toolchain/bin/../lib/gcc/avr/5.4.0/avr5\libgcc.a(_divmodhi4.o)
                0x0000530a                _div
                0x0000530a                __divmodhi4
 .text.libgcc.div
                0x00005332       0x44 c:/program files (x86)/atmel/studio/7.0/toolchain/avr8/avr8-gnu-toolchain/bin/../lib/gcc/avr/5.4.0/avr5\libgcc.a(_udivmodsi4.o)
                0x00005332                __udivmodsi4
 .text.libgcc.div
                0x00005376       0x2e c:/program files (x86)/atmel/studio/7.0/toolchain/avr8/avr8-gnu-toolchain/bin/../lib/gcc/avr/5.4.0/avr5\libgcc.a(_divmodsi4.o)
                0x00005376                __divmodsi4
 .text.libgcc.div
                0x000053a4       0x10 c:/program files (x86)/atmel/studio/7.0/toolchain/avr8/avr8-gnu-toolchain/bin/../lib/gcc/avr/5.4.0/avr5\libgcc.a(_negsi2.o)
                0x000053a4                __negsi2
 .text.libgcc   0x000053b4        0xc c:/program files (x86)/atmel/studio/7.0/toolchain/avr8/avr8-gnu-toolchain/bin/../lib/gcc/avr/5.4.0/avr5\libgcc.a(_tablejump2.o)
                0x000053b4                __tablejump2__
 .text.libgcc.div
                0x000053c0       0x28 c:/program files (x86)/atmel/studio/7.0/toolchain/avr8/avr8-gnu-toolchain/bin/../lib/gcc/avr/5.4.0/avr5\libgcc.a(_udivmodhi4.o)
                0x000053c0                __udivmodhi4
 .text.avr-libc
                0x000053e8      0x242 c:/program files (x86)/atmel/studio/7.0/toolchain/avr8/avr8-gnu-toolchain/bin/../lib/gcc/avr/5.4.0/../../../../avr/lib/avr5\libc.a(malloc.o)
                0x000053e8                malloc
                0x00005518                free
 .text.avr-libc
                0x0000562a      0x18c c:/program files (x86)/atmel/studio/7.0/toolchain/avr8/avr8-gnu-toolchain/bin/../lib/gcc/avr/5.4.0/../../../../avr/lib/avr5\libc.a(realloc.o)
                0x0000562a                realloc
 .text.avr-libc
                0x000057b6        0xa c:/program files (x86)/atmel/studio/7.0/toolchain/avr8/avr8-gnu-toolchain/bin/../lib/gcc/avr/5.4.0/../../../../avr/lib/avr5\libc.a(abort.o)
                0x000057b6                abort
 .text.avr-libc
                0x000057c0       0x4e c:/program files (x86)/atmel/studio/7.0/toolchain/avr8/avr8-gnu-toolchain/bin/../lib/gcc/avr/5.4.0/../../../../avr/lib/avr5\libc.a(atol.o)
                0x000057c0                atol
 .text.avr-libc
                0x0000580e       0x12 c:/program files (x86)/atmel/studio/7.0/toolchain/avr8/avr8-gnu-toolchain/bin/../lib/gcc/avr/5.4.0/../../../../avr/lib/avr5\libc.a(memcpy.o)
                0x0000580e                memcpy
 .text.avr-libc
                0x00005820        0xe c:/program files (x86)/atmel/studio/7.0/toolchain/avr8/avr8-gnu-toolchain/bin/../lib/gcc/avr/5.4.0/../../../../avr/lib/avr5\libc.a(strcpy.o)
                0x00005820                strcpy
 .text.avr-libc
                0x0000582e       0x34 c:/program files (x86)/atmel/studio/7.0/toolchain/avr8/avr8-gnu-toolchain/bin/../lib/gcc/avr/5.4.0/../../../../avr/lib/avr5\libc.a(strstr.o)
                0x0000582e                strstr
 .text.avr-libc
                0x00005862       0x2a c:/program files (x86)/atmel/studio/7.0/toolchain/avr8/avr8-gnu-toolchain/bin/../lib/gcc/avr/5.4.0/../../../../avr/lib/avr5\libc.a(mulsi10.o)
                0x00005862                __mulsi_const_10
 .text.libgcc.prologue
                0x0000588c       0x38 c:/program files (x86)/atmel/studio/7.0/toolchain/avr8/avr8-gnu-toolchain/bin/../lib/gcc/avr/5.4.0/avr5\libgcc.a(_prologue.o)
                0x0000588c                __prologue_saves__
 .text.libgcc.prologue
                0x000058c4       0x36 c:/program files (x86)/atmel/studio/7.0/toolchain/avr8/avr8-gnu-toolchain/bin/../lib/gcc/avr/5.4.0/avr5\libgcc.a(_epilogue.o)
                0x000058c4                __epilogue_restores__
                0x000058fa                . = ALIGN (0x2)
 *(.fini9)
 .fini9         0x000058fa        0x0 c:/program files (x86)/atmel/studio/7.0/toolchain/avr8/avr8-gnu-toolchain/bin/../lib/gcc/avr/5.4.0/avr5\libgcc.a(_exit.o)
                0x000058fa                _exit
                0x000058fa                exit
 *(.fini9)
 *(.fini8)
 *(.fini8)
 *(.fini7)
 *(.fini7)
 *(.fini6)
 .fini6         0x000058fa       0x16 c:/program files (x86)/atmel/studio/7.0/toolchain/avr8/avr8-gnu-toolchain/bin/../lib/gcc/avr/5.4.0/avr5\libgcc.a(_dtors.o)
                0x000058fa                __do_global_dtors
 *(.fini6)
 *(.fini5)
 *(.fini5)
 *(.fini4)
 *(.fini4)
 *(.fini3)
 *(.fini3)
 *(.fini2)
 *(.fini2)
 *(.fini1)
 *(.fini1)
 *(.fini0)
 .fini0         0x00005910        0x4 c:/program files (x86)/atmel/studio/7.0/toolchain/avr8/avr8-gnu-toolchain/bin/../lib/gcc/avr/5.4.0/avr5\libgcc.a(_exit.o)
 *(.fini0)
                0x00005914                _etext = .

.data           0x00800100      0x220 load address 0x00005914
                0x00800100                PROVIDE (__data_start, .)
 *(.data)
 .data          0x00800100        0x6 c:/program files (x86)/atmel/studio/7.0/toolchain/avr8/avr8-gnu-toolchain/bin/../lib/gcc/avr/5.4.0/../../../../avr/lib/avr5\libc.a(malloc.o)
                0x00800100                __malloc_heap_end
                0x00800102                __malloc_heap_start
                0x00800104                __malloc_margin
 *(.data*)
 .data._ZZ5WatchvE6target
                0x00800106        0x4 Sketch.o
 .data.interval
                0x0080010a        0x2 Sketch.o
                0x0080010a                interval
 .data.Ki       0x0080010c        0x4 Sketch.o
                0x0080010c                Ki
 .data.Kp       0x00800110        0x4 Sketch.o
                0x00800110                Kp
 .data.Dir_Motor
                0x00800114        0x2 Sketch.o
                0x00800114                Dir_Motor
 .data.En_Motor
                0x00800116        0x2 Sketch.o
                0x00800116                En_Motor
 .data._ZL10breakValue
                0x00800118        0x4 C:\Users\cyril\DOCUME~1\ATMELS~1\7.0\EBS_PR~1\99_PRO~1\99_PRO~1\ARDUIN~1\Debug\libArduinoCore.a(CDC.o)
 .data._ZL12_usbLineInfo
                0x0080011c        0x8 C:\Users\cyril\DOCUME~1\ATMELS~1\7.0\EBS_PR~1\99_PRO~1\99_PRO~1\ARDUIN~1\Debug\libArduinoCore.a(CDC.o)
 .data._initEndpoints
                0x00800124        0x7 C:\Users\cyril\DOCUME~1\ATMELS~1\7.0\EBS_PR~1\99_PRO~1\99_PRO~1\ARDUIN~1\Debug\libArduinoCore.a(USBCore.o)
                0x00800124                _initEndpoints
 .data.intFunc  0x0080012b        0xa C:\Users\cyril\DOCUME~1\ATMELS~1\7.0\EBS_PR~1\99_PRO~1\99_PRO~1\ARDUIN~1\Debug\libArduinoCore.a(WInterrupts.o)
 .data.analog_reference
                0x00800135        0x1 C:\Users\cyril\DOCUME~1\ATMELS~1\7.0\EBS_PR~1\99_PRO~1\99_PRO~1\ARDUIN~1\Debug\libArduinoCore.a(wiring_analog.o)
                0x00800135                analog_reference
 *(.gnu.linkonce.d*)
 *(.rodata)
 *(.rodata*)
 .rodata.str1.1
                0x00800136      0x118 Sketch.o
                                0x11c (size before relaxing)
 .rodata._ZTV14hd44780_I2Cexp
                0x0080024e       0x16 Sketch.o
                0x0080024e                _ZTV14hd44780_I2Cexp
 .rodata._ZL9watchmenu
                0x00800264       0x60 Sketch.o
 .rodata._ZTV7hd44780
                0x008002c4       0x16 src/libraries/hd44780/hd44780.o
                0x008002c4                _ZTV7hd44780
 .rodata._ZTV7TwoWire
                0x008002da       0x12 src/libraries/Wire/src/Wire.o
                0x008002da                _ZTV7TwoWire
 .rodata._ZTV7Serial_
                0x008002ec       0x12 C:\Users\cyril\DOCUME~1\ATMELS~1\7.0\EBS_PR~1\99_PRO~1\99_PRO~1\ARDUIN~1\Debug\libArduinoCore.a(CDC.o)
                0x008002ec                _ZTV7Serial_
 .rodata._ZTV14HardwareSerial
                0x008002fe       0x12 C:\Users\cyril\DOCUME~1\ATMELS~1\7.0\EBS_PR~1\99_PRO~1\99_PRO~1\ARDUIN~1\Debug\libArduinoCore.a(HardwareSerial.o)
                0x008002fe                _ZTV14HardwareSerial
 .rodata.str1.1
                0x00800310        0xf C:\Users\cyril\DOCUME~1\ATMELS~1\7.0\EBS_PR~1\99_PRO~1\99_PRO~1\ARDUIN~1\Debug\libArduinoCore.a(Print.o)
 *(.gnu.linkonce.r*)
                0x00800320                . = ALIGN (0x2)
 *fill*         0x0080031f        0x1 
                0x00800320                _edata = .
                0x00800320                PROVIDE (__data_end, .)

.bss            0x00800320      0x3b6
                0x00800320                PROVIDE (__bss_start, .)
 *(.bss)
 *(.bss*)
 .bss._ZZ6getkeyvE4keys
                0x00800320        0xc Romeo_keys.o
 .bss._ZL5input
                0x0080032c        0x2 Sketch.o
 .bss._ZL7newmenu
                0x0080032e        0x2 Sketch.o
 .bss._ZL4menu  0x00800330        0x2 Sketch.o
 .bss.datumLocal
                0x00800332        0x8 Sketch.o
                0x00800332                datumLocal
 .bss.datumTimeZone
                0x0080033a        0x8 Sketch.o
                0x0080033a                datumTimeZone
 .bss.datumGMT  0x00800342        0x8 Sketch.o
                0x00800342                datumGMT
 .bss.buzzer    0x0080034a        0x2 Sketch.o
                0x0080034a                buzzer
 .bss.weckerStatus
                0x0080034c        0x1 Sketch.o
                0x0080034c                weckerStatus
 .bss.weckzeit  0x0080034d        0x8 Sketch.o
                0x0080034d                weckzeit
 .bss.zeitLocal
                0x00800355        0x8 Sketch.o
                0x00800355                zeitLocal
 .bss.zeitTimeZone
                0x0080035d        0x8 Sketch.o
                0x0080035d                zeitTimeZone
 .bss.zeitGMT   0x00800365        0x8 Sketch.o
                0x00800365                zeitGMT
 .bss.t         0x0080036d        0x4 Sketch.o
                0x0080036d                t
 .bss.frame     0x00800371        0x1 Sketch.o
                0x00800371                frame
 .bss.ptr       0x00800372        0x2 Sketch.o
                0x00800372                ptr
 .bss.count     0x00800374        0x1 Sketch.o
                0x00800374                count
 .bss.buffer    0x00800375       0x40 Sketch.o
                0x00800375                buffer
 .bss.currentMillis
                0x008003b5        0x4 Sketch.o
                0x008003b5                currentMillis
 .bss.previousMillis
                0x008003b9        0x4 Sketch.o
                0x008003b9                previousMillis
 .bss.myPID     0x008003bd       0x3c Sketch.o
                0x008003bd                myPID
 .bss.Kd        0x008003f9        0x4 Sketch.o
                0x008003f9                Kd
 .bss.Setpoint  0x008003fd        0x4 Sketch.o
                0x008003fd                Setpoint
 .bss.val_output
                0x00800401        0x4 Sketch.o
                0x00800401                val_output
 .bss.result    0x00800405        0x1 Sketch.o
                0x00800405                result
 .bss.abs_duration
                0x00800406        0x4 Sketch.o
                0x00800406                abs_duration
 .bss.duration  0x0080040a        0x4 Sketch.o
                0x0080040a                duration
 .bss.ampm      0x0080040e        0x1 Sketch.o
                0x0080040e                ampm
 .bss.timeZoneChoosen
                0x0080040f        0x1 Sketch.o
                0x0080040f                timeZoneChoosen
 .bss.hum       0x00800410        0x4 Sketch.o
                0x00800410                hum
 .bss.temp      0x00800414        0x4 Sketch.o
                0x00800414                temp
 .bss.readSensor
                0x00800418        0x4 Sketch.o
                0x00800418                readSensor
 .bss.DHT       0x0080041c        0xe Sketch.o
                0x0080041c                DHT
 .bss.tz        0x0080042a        0x2 Sketch.o
                0x0080042a                tz
 .bss._ZL6CITIES
                0x0080042c       0xa8 Sketch.o
 .bss.lcd       0x008004d4       0x2c Sketch.o
                0x008004d4                lcd
 .bss._ZZN14hd44780_I2Cexp6ioinitEvE8AutoInst
                0x00800500        0x1 Sketch.o
                0x00800500                _ZZN14hd44780_I2Cexp6ioinitEvE8AutoInst
 .bss.twi_error
                0x00800501        0x1 src/libraries/Wire/src/utility/twi.o
 .bss.twi_rxBufferIndex
                0x00800502        0x1 src/libraries/Wire/src/utility/twi.o
 .bss.twi_rxBuffer
                0x00800503       0x20 src/libraries/Wire/src/utility/twi.o
 .bss.twi_txBufferLength
                0x00800523        0x1 src/libraries/Wire/src/utility/twi.o
 .bss.twi_txBufferIndex
                0x00800524        0x1 src/libraries/Wire/src/utility/twi.o
 .bss.twi_txBuffer
                0x00800525       0x20 src/libraries/Wire/src/utility/twi.o
 .bss.twi_masterBufferLength
                0x00800545        0x1 src/libraries/Wire/src/utility/twi.o
 .bss.twi_masterBufferIndex
                0x00800546        0x1 src/libraries/Wire/src/utility/twi.o
 .bss.twi_masterBuffer
                0x00800547       0x20 src/libraries/Wire/src/utility/twi.o
 .bss.twi_onSlaveReceive
                0x00800567        0x2 src/libraries/Wire/src/utility/twi.o
 .bss.twi_onSlaveTransmit
                0x00800569        0x2 src/libraries/Wire/src/utility/twi.o
 .bss.twi_inRepStart
                0x0080056b        0x1 src/libraries/Wire/src/utility/twi.o
 .bss.twi_sendStop
                0x0080056c        0x1 src/libraries/Wire/src/utility/twi.o
 .bss.twi_slarw
                0x0080056d        0x1 src/libraries/Wire/src/utility/twi.o
 .bss.twi_state
                0x0080056e        0x1 src/libraries/Wire/src/utility/twi.o
 .bss.Wire      0x0080056f        0xc src/libraries/Wire/src/Wire.o
                0x0080056f                Wire
 .bss._ZN7TwoWire14user_onReceiveE
                0x0080057b        0x2 src/libraries/Wire/src/Wire.o
                0x0080057b                _ZN7TwoWire14user_onReceiveE
 .bss._ZN7TwoWire14user_onRequestE
                0x0080057d        0x2 src/libraries/Wire/src/Wire.o
                0x0080057d                _ZN7TwoWire14user_onRequestE
 .bss._ZN7TwoWire12transmittingE
                0x0080057f        0x1 src/libraries/Wire/src/Wire.o
                0x0080057f                _ZN7TwoWire12transmittingE
 .bss._ZN7TwoWire14txBufferLengthE
                0x00800580        0x1 src/libraries/Wire/src/Wire.o
                0x00800580                _ZN7TwoWire14txBufferLengthE
 .bss._ZN7TwoWire13txBufferIndexE
                0x00800581        0x1 src/libraries/Wire/src/Wire.o
                0x00800581                _ZN7TwoWire13txBufferIndexE
 .bss._ZN7TwoWire8txBufferE
                0x00800582       0x20 src/libraries/Wire/src/Wire.o
                0x00800582                _ZN7TwoWire8txBufferE
 .bss._ZN7TwoWire9txAddressE
                0x008005a2        0x1 src/libraries/Wire/src/Wire.o
                0x008005a2                _ZN7TwoWire9txAddressE
 .bss._ZN7TwoWire14rxBufferLengthE
                0x008005a3        0x1 src/libraries/Wire/src/Wire.o
                0x008005a3                _ZN7TwoWire14rxBufferLengthE
 .bss._ZN7TwoWire13rxBufferIndexE
                0x008005a4        0x1 src/libraries/Wire/src/Wire.o
                0x008005a4                _ZN7TwoWire13rxBufferIndexE
 .bss._ZN7TwoWire8rxBufferE
                0x008005a5       0x20 src/libraries/Wire/src/Wire.o
                0x008005a5                _ZN7TwoWire8rxBufferE
 .bss.Serial    0x008005c5       0x50 C:\Users\cyril\DOCUME~1\ATMELS~1\7.0\EBS_PR~1\99_PRO~1\99_PRO~1\ARDUIN~1\Debug\libArduinoCore.a(CDC.o)
                0x008005c5                Serial
 .bss._ZL11wdtcsr_save
                0x00800615        0x1 C:\Users\cyril\DOCUME~1\ATMELS~1\7.0\EBS_PR~1\99_PRO~1\99_PRO~1\ARDUIN~1\Debug\libArduinoCore.a(CDC.o)
 .bss.Serial1   0x00800616       0x9d C:\Users\cyril\DOCUME~1\ATMELS~1\7.0\EBS_PR~1\99_PRO~1\99_PRO~1\ARDUIN~1\Debug\libArduinoCore.a(HardwareSerial1.o)
                0x00800616                Serial1
 .bss.USBDevice
                0x008006b3        0x1 C:\Users\cyril\DOCUME~1\ATMELS~1\7.0\EBS_PR~1\99_PRO~1\99_PRO~1\ARDUIN~1\Debug\libArduinoCore.a(USBCore.o)
                0x008006b3                USBDevice
 .bss._ZL5_cend
                0x008006b4        0x2 C:\Users\cyril\DOCUME~1\ATMELS~1\7.0\EBS_PR~1\99_PRO~1\99_PRO~1\ARDUIN~1\Debug\libArduinoCore.a(USBCore.o)
 .bss._ZL6_cmark
                0x008006b6        0x2 C:\Users\cyril\DOCUME~1\ATMELS~1\7.0\EBS_PR~1\99_PRO~1\99_PRO~1\ARDUIN~1\Debug\libArduinoCore.a(USBCore.o)
 .bss._usbSuspendState
                0x008006b8        0x1 C:\Users\cyril\DOCUME~1\ATMELS~1\7.0\EBS_PR~1\99_PRO~1\99_PRO~1\ARDUIN~1\Debug\libArduinoCore.a(USBCore.o)
                0x008006b8                _usbSuspendState
 .bss._usbCurrentStatus
                0x008006b9        0x1 C:\Users\cyril\DOCUME~1\ATMELS~1\7.0\EBS_PR~1\99_PRO~1\99_PRO~1\ARDUIN~1\Debug\libArduinoCore.a(USBCore.o)
                0x008006b9                _usbCurrentStatus
 .bss._usbConfiguration
                0x008006ba        0x1 C:\Users\cyril\DOCUME~1\ATMELS~1\7.0\EBS_PR~1\99_PRO~1\99_PRO~1\ARDUIN~1\Debug\libArduinoCore.a(USBCore.o)
                0x008006ba                _usbConfiguration
 .bss.RxLEDPulse
                0x008006bb        0x1 C:\Users\cyril\DOCUME~1\ATMELS~1\7.0\EBS_PR~1\99_PRO~1\99_PRO~1\ARDUIN~1\Debug\libArduinoCore.a(USBCore.o)
                0x008006bb                RxLEDPulse
 .bss.TxLEDPulse
                0x008006bc        0x1 C:\Users\cyril\DOCUME~1\ATMELS~1\7.0\EBS_PR~1\99_PRO~1\99_PRO~1\ARDUIN~1\Debug\libArduinoCore.a(USBCore.o)
                0x008006bc                TxLEDPulse
 .bss.timer0_fract
                0x008006bd        0x1 C:\Users\cyril\DOCUME~1\ATMELS~1\7.0\EBS_PR~1\99_PRO~1\99_PRO~1\ARDUIN~1\Debug\libArduinoCore.a(wiring.o)
 .bss.timer0_millis
                0x008006be        0x4 C:\Users\cyril\DOCUME~1\ATMELS~1\7.0\EBS_PR~1\99_PRO~1\99_PRO~1\ARDUIN~1\Debug\libArduinoCore.a(wiring.o)
                0x008006be                timer0_millis
 .bss.timer0_overflow_count
                0x008006c2        0x4 C:\Users\cyril\DOCUME~1\ATMELS~1\7.0\EBS_PR~1\99_PRO~1\99_PRO~1\ARDUIN~1\Debug\libArduinoCore.a(wiring.o)
                0x008006c2                timer0_overflow_count
 .bss._ZZ12PluggableUSBvE3obj
                0x008006c6        0x4 C:\Users\cyril\DOCUME~1\ATMELS~1\7.0\EBS_PR~1\99_PRO~1\99_PRO~1\ARDUIN~1\Debug\libArduinoCore.a(PluggableUSB.o)
 .bss._ZGVZ12PluggableUSBvE3obj
                0x008006ca        0x8 C:\Users\cyril\DOCUME~1\ATMELS~1\7.0\EBS_PR~1\99_PRO~1\99_PRO~1\ARDUIN~1\Debug\libArduinoCore.a(PluggableUSB.o)
 *(COMMON)
 COMMON         0x008006d2        0x4 c:/program files (x86)/atmel/studio/7.0/toolchain/avr8/avr8-gnu-toolchain/bin/../lib/gcc/avr/5.4.0/../../../../avr/lib/avr5\libc.a(malloc.o)
                0x008006d2                __brkval
                0x008006d4                __flp
                0x008006d6                PROVIDE (__bss_end, .)
                0x00005914                __data_load_start = LOADADDR (.data)
                0x00005b34                __data_load_end = (__data_load_start + SIZEOF (.data))

.noinit         0x008006d6        0x0
                [!provide]                PROVIDE (__noinit_start, .)
 *(.noinit*)
                [!provide]                PROVIDE (__noinit_end, .)
                0x008006d6                _end = .
                0x008006d6                PROVIDE (__heap_start, .)

.eeprom         0x00810000        0x0
 *(.eeprom*)
                0x00810000                __eeprom_end = .

.fuse
 *(.fuse)
 *(.lfuse)
 *(.hfuse)
 *(.efuse)

.lock
 *(.lock*)

.signature
 *(.signature*)

.user_signatures
 *(.user_signatures*)

.stab
 *(.stab)

.stabstr
 *(.stabstr)

.stab.excl
 *(.stab.excl)

.stab.exclstr
 *(.stab.exclstr)

.stab.index
 *(.stab.index)

.stab.indexstr
 *(.stab.indexstr)

.comment        0x00000000       0x30
 *(.comment)
 .comment       0x00000000       0x30 Romeo_keys.o
                                 0x31 (size before relaxing)
 .comment       0x00000030       0x31 Sketch.o
 .comment       0x00000030       0x31 src/libraries/Arduino-PID-Library-master/PID_v1.o
 .comment       0x00000030       0x31 src/libraries/DHTlib/dht.o
 .comment       0x00000030       0x31 src/libraries/hd44780/hd44780.o
 .comment       0x00000030       0x31 src/libraries/Wire/src/utility/twi.o
 .comment       0x00000030       0x31 src/libraries/Wire/src/Wire.o
 .comment       0x00000030       0x31 C:\Users\cyril\DOCUME~1\ATMELS~1\7.0\EBS_PR~1\99_PRO~1\99_PRO~1\ARDUIN~1\Debug\libArduinoCore.a(abi.o)
 .comment       0x00000030       0x31 C:\Users\cyril\DOCUME~1\ATMELS~1\7.0\EBS_PR~1\99_PRO~1\99_PRO~1\ARDUIN~1\Debug\libArduinoCore.a(CDC.o)
 .comment       0x00000030       0x31 C:\Users\cyril\DOCUME~1\ATMELS~1\7.0\EBS_PR~1\99_PRO~1\99_PRO~1\ARDUIN~1\Debug\libArduinoCore.a(HardwareSerial.o)
 .comment       0x00000030       0x31 C:\Users\cyril\DOCUME~1\ATMELS~1\7.0\EBS_PR~1\99_PRO~1\99_PRO~1\ARDUIN~1\Debug\libArduinoCore.a(HardwareSerial1.o)
 .comment       0x00000030       0x31 C:\Users\cyril\DOCUME~1\ATMELS~1\7.0\EBS_PR~1\99_PRO~1\99_PRO~1\ARDUIN~1\Debug\libArduinoCore.a(main.o)
 .comment       0x00000030       0x31 C:\Users\cyril\DOCUME~1\ATMELS~1\7.0\EBS_PR~1\99_PRO~1\99_PRO~1\ARDUIN~1\Debug\libArduinoCore.a(Print.o)
 .comment       0x00000030       0x31 C:\Users\cyril\DOCUME~1\ATMELS~1\7.0\EBS_PR~1\99_PRO~1\99_PRO~1\ARDUIN~1\Debug\libArduinoCore.a(USBCore.o)
 .comment       0x00000030       0x31 C:\Users\cyril\DOCUME~1\ATMELS~1\7.0\EBS_PR~1\99_PRO~1\99_PRO~1\ARDUIN~1\Debug\libArduinoCore.a(WInterrupts.o)
 .comment       0x00000030       0x31 C:\Users\cyril\DOCUME~1\ATMELS~1\7.0\EBS_PR~1\99_PRO~1\99_PRO~1\ARDUIN~1\Debug\libArduinoCore.a(wiring.o)
 .comment       0x00000030       0x31 C:\Users\cyril\DOCUME~1\ATMELS~1\7.0\EBS_PR~1\99_PRO~1\99_PRO~1\ARDUIN~1\Debug\libArduinoCore.a(wiring_analog.o)
 .comment       0x00000030       0x31 C:\Users\cyril\DOCUME~1\ATMELS~1\7.0\EBS_PR~1\99_PRO~1\99_PRO~1\ARDUIN~1\Debug\libArduinoCore.a(wiring_digital.o)
 .comment       0x00000030       0x31 C:\Users\cyril\DOCUME~1\ATMELS~1\7.0\EBS_PR~1\99_PRO~1\99_PRO~1\ARDUIN~1\Debug\libArduinoCore.a(WString.o)
 .comment       0x00000030       0x31 C:\Users\cyril\DOCUME~1\ATMELS~1\7.0\EBS_PR~1\99_PRO~1\99_PRO~1\ARDUIN~1\Debug\libArduinoCore.a(hooks.o)
 .comment       0x00000030       0x31 C:\Users\cyril\DOCUME~1\ATMELS~1\7.0\EBS_PR~1\99_PRO~1\99_PRO~1\ARDUIN~1\Debug\libArduinoCore.a(PluggableUSB.o)
 .comment       0x00000030       0x31 c:/program files (x86)/atmel/studio/7.0/toolchain/avr8/avr8-gnu-toolchain/bin/../lib/gcc/avr/5.4.0/../../../../avr/lib/avr5\libc.a(malloc.o)
 .comment       0x00000030       0x31 c:/program files (x86)/atmel/studio/7.0/toolchain/avr8/avr8-gnu-toolchain/bin/../lib/gcc/avr/5.4.0/../../../../avr/lib/avr5\libc.a(realloc.o)

.note.gnu.avr.deviceinfo
                0x00000000       0x40
 .note.gnu.avr.deviceinfo
                0x00000000       0x40 C:/Program Files (x86)/Atmel/Studio/7.0/Packs/Atmel/ATmega_DFP/1.3.300/gcc/dev/atmega32u4/avr5/crtatmega32u4.o

.note.gnu.build-id
 *(.note.gnu.build-id)

.debug
 *(.debug)

.line
 *(.line)

.debug_srcinfo
 *(.debug_srcinfo)

.debug_sfnames
 *(.debug_sfnames)

.debug_aranges  0x00000000      0xd30
 *(.debug_aranges)
 .debug_aranges
                0x00000000       0x20 Romeo_keys.o
 .debug_aranges
                0x00000020      0x180 Sketch.o
 .debug_aranges
                0x000001a0       0x90 src/libraries/Arduino-PID-Library-master/PID_v1.o
 .debug_aranges
                0x00000230       0x38 src/libraries/DHTlib/dht.o
 .debug_aranges
                0x00000268      0x168 src/libraries/hd44780/hd44780.o
 .debug_aranges
                0x000003d0       0x80 src/libraries/Wire/src/utility/twi.o
 .debug_aranges
                0x00000450       0xf8 src/libraries/Wire/src/Wire.o
 .debug_aranges
                0x00000548       0x20 C:\Users\cyril\DOCUME~1\ATMELS~1\7.0\EBS_PR~1\99_PRO~1\99_PRO~1\ARDUIN~1\Debug\libArduinoCore.a(abi.o)
 .debug_aranges
                0x00000568       0xd8 C:\Users\cyril\DOCUME~1\ATMELS~1\7.0\EBS_PR~1\99_PRO~1\99_PRO~1\ARDUIN~1\Debug\libArduinoCore.a(CDC.o)
 .debug_aranges
                0x00000640       0x68 C:\Users\cyril\DOCUME~1\ATMELS~1\7.0\EBS_PR~1\99_PRO~1\99_PRO~1\ARDUIN~1\Debug\libArduinoCore.a(HardwareSerial.o)
 .debug_aranges
                0x000006a8       0x48 C:\Users\cyril\DOCUME~1\ATMELS~1\7.0\EBS_PR~1\99_PRO~1\99_PRO~1\ARDUIN~1\Debug\libArduinoCore.a(HardwareSerial1.o)
 .debug_aranges
                0x000006f0       0x30 C:\Users\cyril\DOCUME~1\ATMELS~1\7.0\EBS_PR~1\99_PRO~1\99_PRO~1\ARDUIN~1\Debug\libArduinoCore.a(main.o)
 .debug_aranges
                0x00000720      0x100 C:\Users\cyril\DOCUME~1\ATMELS~1\7.0\EBS_PR~1\99_PRO~1\99_PRO~1\ARDUIN~1\Debug\libArduinoCore.a(Print.o)
 .debug_aranges
                0x00000820       0xe0 C:\Users\cyril\DOCUME~1\ATMELS~1\7.0\EBS_PR~1\99_PRO~1\99_PRO~1\ARDUIN~1\Debug\libArduinoCore.a(USBCore.o)
 .debug_aranges
                0x00000900       0x58 C:\Users\cyril\DOCUME~1\ATMELS~1\7.0\EBS_PR~1\99_PRO~1\99_PRO~1\ARDUIN~1\Debug\libArduinoCore.a(WInterrupts.o)
 .debug_aranges
                0x00000958       0x48 C:\Users\cyril\DOCUME~1\ATMELS~1\7.0\EBS_PR~1\99_PRO~1\99_PRO~1\ARDUIN~1\Debug\libArduinoCore.a(wiring.o)
 .debug_aranges
                0x000009a0       0x30 C:\Users\cyril\DOCUME~1\ATMELS~1\7.0\EBS_PR~1\99_PRO~1\99_PRO~1\ARDUIN~1\Debug\libArduinoCore.a(wiring_analog.o)
 .debug_aranges
                0x000009d0       0x38 C:\Users\cyril\DOCUME~1\ATMELS~1\7.0\EBS_PR~1\99_PRO~1\99_PRO~1\ARDUIN~1\Debug\libArduinoCore.a(wiring_digital.o)
 .debug_aranges
                0x00000a08      0x2b8 C:\Users\cyril\DOCUME~1\ATMELS~1\7.0\EBS_PR~1\99_PRO~1\99_PRO~1\ARDUIN~1\Debug\libArduinoCore.a(WString.o)
 .debug_aranges
                0x00000cc0       0x20 C:\Users\cyril\DOCUME~1\ATMELS~1\7.0\EBS_PR~1\99_PRO~1\99_PRO~1\ARDUIN~1\Debug\libArduinoCore.a(hooks.o)
 .debug_aranges
                0x00000ce0       0x50 C:\Users\cyril\DOCUME~1\ATMELS~1\7.0\EBS_PR~1\99_PRO~1\99_PRO~1\ARDUIN~1\Debug\libArduinoCore.a(PluggableUSB.o)

.debug_pubnames
 *(.debug_pubnames)

.debug_info     0x00000000    0x1ded1
 *(.debug_info .gnu.linkonce.wi.*)
 .debug_info    0x00000000      0x9f4 C:/Program Files (x86)/Atmel/Studio/7.0/Packs/Atmel/ATmega_DFP/1.3.300/gcc/dev/atmega32u4/avr5/crtatmega32u4.o
 .debug_info    0x000009f4      0x23b Romeo_keys.o
 .debug_info    0x00000c2f     0x5582 Sketch.o
 .debug_info    0x000061b1      0xc88 src/libraries/Arduino-PID-Library-master/PID_v1.o
 .debug_info    0x00006e39      0x843 src/libraries/DHTlib/dht.o
 .debug_info    0x0000767c     0x34d5 src/libraries/hd44780/hd44780.o
 .debug_info    0x0000ab51      0x632 src/libraries/Wire/src/utility/twi.o
 .debug_info    0x0000b183     0x27b0 src/libraries/Wire/src/Wire.o
 .debug_info    0x0000d933       0x76 C:\Users\cyril\DOCUME~1\ATMELS~1\7.0\EBS_PR~1\99_PRO~1\99_PRO~1\ARDUIN~1\Debug\libArduinoCore.a(abi.o)
 .debug_info    0x0000d9a9     0x29ed C:\Users\cyril\DOCUME~1\ATMELS~1\7.0\EBS_PR~1\99_PRO~1\99_PRO~1\ARDUIN~1\Debug\libArduinoCore.a(CDC.o)
 .debug_info    0x00010396     0x1f92 C:\Users\cyril\DOCUME~1\ATMELS~1\7.0\EBS_PR~1\99_PRO~1\99_PRO~1\ARDUIN~1\Debug\libArduinoCore.a(HardwareSerial.o)
 .debug_info    0x00012328     0x1b44 C:\Users\cyril\DOCUME~1\ATMELS~1\7.0\EBS_PR~1\99_PRO~1\99_PRO~1\ARDUIN~1\Debug\libArduinoCore.a(HardwareSerial1.o)
 .debug_info    0x00013e6c      0x35a C:\Users\cyril\DOCUME~1\ATMELS~1\7.0\EBS_PR~1\99_PRO~1\99_PRO~1\ARDUIN~1\Debug\libArduinoCore.a(main.o)
 .debug_info    0x000141c6     0x292d C:\Users\cyril\DOCUME~1\ATMELS~1\7.0\EBS_PR~1\99_PRO~1\99_PRO~1\ARDUIN~1\Debug\libArduinoCore.a(Print.o)
 .debug_info    0x00016af3     0x1a3a C:\Users\cyril\DOCUME~1\ATMELS~1\7.0\EBS_PR~1\99_PRO~1\99_PRO~1\ARDUIN~1\Debug\libArduinoCore.a(USBCore.o)
 .debug_info    0x0001852d      0x28c C:\Users\cyril\DOCUME~1\ATMELS~1\7.0\EBS_PR~1\99_PRO~1\99_PRO~1\ARDUIN~1\Debug\libArduinoCore.a(WInterrupts.o)
 .debug_info    0x000187b9      0x2f9 C:\Users\cyril\DOCUME~1\ATMELS~1\7.0\EBS_PR~1\99_PRO~1\99_PRO~1\ARDUIN~1\Debug\libArduinoCore.a(wiring.o)
 .debug_info    0x00018ab2      0x2d7 C:\Users\cyril\DOCUME~1\ATMELS~1\7.0\EBS_PR~1\99_PRO~1\99_PRO~1\ARDUIN~1\Debug\libArduinoCore.a(wiring_analog.o)
 .debug_info    0x00018d89      0x633 C:\Users\cyril\DOCUME~1\ATMELS~1\7.0\EBS_PR~1\99_PRO~1\99_PRO~1\ARDUIN~1\Debug\libArduinoCore.a(wiring_digital.o)
 .debug_info    0x000193bc     0x4338 C:\Users\cyril\DOCUME~1\ATMELS~1\7.0\EBS_PR~1\99_PRO~1\99_PRO~1\ARDUIN~1\Debug\libArduinoCore.a(WString.o)
 .debug_info    0x0001d6f4       0x3e C:\Users\cyril\DOCUME~1\ATMELS~1\7.0\EBS_PR~1\99_PRO~1\99_PRO~1\ARDUIN~1\Debug\libArduinoCore.a(hooks.o)
 .debug_info    0x0001d732      0x79f C:\Users\cyril\DOCUME~1\ATMELS~1\7.0\EBS_PR~1\99_PRO~1\99_PRO~1\ARDUIN~1\Debug\libArduinoCore.a(PluggableUSB.o)

.debug_abbrev   0x00000000     0x4dc5
 *(.debug_abbrev)
 .debug_abbrev  0x00000000      0x96a C:/Program Files (x86)/Atmel/Studio/7.0/Packs/Atmel/ATmega_DFP/1.3.300/gcc/dev/atmega32u4/avr5/crtatmega32u4.o
 .debug_abbrev  0x0000096a      0x10f Romeo_keys.o
 .debug_abbrev  0x00000a79      0x93a Sketch.o
 .debug_abbrev  0x000013b3      0x2d2 src/libraries/Arduino-PID-Library-master/PID_v1.o
 .debug_abbrev  0x00001685      0x220 src/libraries/DHTlib/dht.o
 .debug_abbrev  0x000018a5      0x5a5 src/libraries/hd44780/hd44780.o
 .debug_abbrev  0x00001e4a      0x260 src/libraries/Wire/src/utility/twi.o
 .debug_abbrev  0x000020aa      0x581 src/libraries/Wire/src/Wire.o
 .debug_abbrev  0x0000262b       0x6d C:\Users\cyril\DOCUME~1\ATMELS~1\7.0\EBS_PR~1\99_PRO~1\99_PRO~1\ARDUIN~1\Debug\libArduinoCore.a(abi.o)
 .debug_abbrev  0x00002698      0x5f3 C:\Users\cyril\DOCUME~1\ATMELS~1\7.0\EBS_PR~1\99_PRO~1\99_PRO~1\ARDUIN~1\Debug\libArduinoCore.a(CDC.o)
 .debug_abbrev  0x00002c8b      0x4b7 C:\Users\cyril\DOCUME~1\ATMELS~1\7.0\EBS_PR~1\99_PRO~1\99_PRO~1\ARDUIN~1\Debug\libArduinoCore.a(HardwareSerial.o)
 .debug_abbrev  0x00003142      0x3ce C:\Users\cyril\DOCUME~1\ATMELS~1\7.0\EBS_PR~1\99_PRO~1\99_PRO~1\ARDUIN~1\Debug\libArduinoCore.a(HardwareSerial1.o)
 .debug_abbrev  0x00003510      0x19a C:\Users\cyril\DOCUME~1\ATMELS~1\7.0\EBS_PR~1\99_PRO~1\99_PRO~1\ARDUIN~1\Debug\libArduinoCore.a(main.o)
 .debug_abbrev  0x000036aa      0x47a C:\Users\cyril\DOCUME~1\ATMELS~1\7.0\EBS_PR~1\99_PRO~1\99_PRO~1\ARDUIN~1\Debug\libArduinoCore.a(Print.o)
 .debug_abbrev  0x00003b24      0x5e0 C:\Users\cyril\DOCUME~1\ATMELS~1\7.0\EBS_PR~1\99_PRO~1\99_PRO~1\ARDUIN~1\Debug\libArduinoCore.a(USBCore.o)
 .debug_abbrev  0x00004104       0xed C:\Users\cyril\DOCUME~1\ATMELS~1\7.0\EBS_PR~1\99_PRO~1\99_PRO~1\ARDUIN~1\Debug\libArduinoCore.a(WInterrupts.o)
 .debug_abbrev  0x000041f1      0x146 C:\Users\cyril\DOCUME~1\ATMELS~1\7.0\EBS_PR~1\99_PRO~1\99_PRO~1\ARDUIN~1\Debug\libArduinoCore.a(wiring.o)
 .debug_abbrev  0x00004337      0x183 C:\Users\cyril\DOCUME~1\ATMELS~1\7.0\EBS_PR~1\99_PRO~1\99_PRO~1\ARDUIN~1\Debug\libArduinoCore.a(wiring_analog.o)
 .debug_abbrev  0x000044ba      0x15a C:\Users\cyril\DOCUME~1\ATMELS~1\7.0\EBS_PR~1\99_PRO~1\99_PRO~1\ARDUIN~1\Debug\libArduinoCore.a(wiring_digital.o)
 .debug_abbrev  0x00004614      0x4c2 C:\Users\cyril\DOCUME~1\ATMELS~1\7.0\EBS_PR~1\99_PRO~1\99_PRO~1\ARDUIN~1\Debug\libArduinoCore.a(WString.o)
 .debug_abbrev  0x00004ad6       0x2a C:\Users\cyril\DOCUME~1\ATMELS~1\7.0\EBS_PR~1\99_PRO~1\99_PRO~1\ARDUIN~1\Debug\libArduinoCore.a(hooks.o)
 .debug_abbrev  0x00004b00      0x2c5 C:\Users\cyril\DOCUME~1\ATMELS~1\7.0\EBS_PR~1\99_PRO~1\99_PRO~1\ARDUIN~1\Debug\libArduinoCore.a(PluggableUSB.o)

.debug_line     0x00000000     0x7629
 *(.debug_line .debug_line.* .debug_line_end)
 .debug_line    0x00000000      0x199 C:/Program Files (x86)/Atmel/Studio/7.0/Packs/Atmel/ATmega_DFP/1.3.300/gcc/dev/atmega32u4/avr5/crtatmega32u4.o
 .debug_line    0x00000199      0x1e3 Romeo_keys.o
 .debug_line    0x0000037c     0x148b Sketch.o
 .debug_line    0x00001807      0x4c0 src/libraries/Arduino-PID-Library-master/PID_v1.o
 .debug_line    0x00001cc7      0x3af src/libraries/DHTlib/dht.o
 .debug_line    0x00002076      0x9d6 src/libraries/hd44780/hd44780.o
 .debug_line    0x00002a4c      0x519 src/libraries/Wire/src/utility/twi.o
 .debug_line    0x00002f65      0x608 src/libraries/Wire/src/Wire.o
 .debug_line    0x0000356d       0xa9 C:\Users\cyril\DOCUME~1\ATMELS~1\7.0\EBS_PR~1\99_PRO~1\99_PRO~1\ARDUIN~1\Debug\libArduinoCore.a(abi.o)
 .debug_line    0x00003616      0x68b C:\Users\cyril\DOCUME~1\ATMELS~1\7.0\EBS_PR~1\99_PRO~1\99_PRO~1\ARDUIN~1\Debug\libArduinoCore.a(CDC.o)
 .debug_line    0x00003ca1      0x4c4 C:\Users\cyril\DOCUME~1\ATMELS~1\7.0\EBS_PR~1\99_PRO~1\99_PRO~1\ARDUIN~1\Debug\libArduinoCore.a(HardwareSerial.o)
 .debug_line    0x00004165      0x28c C:\Users\cyril\DOCUME~1\ATMELS~1\7.0\EBS_PR~1\99_PRO~1\99_PRO~1\ARDUIN~1\Debug\libArduinoCore.a(HardwareSerial1.o)
 .debug_line    0x000043f1      0x177 C:\Users\cyril\DOCUME~1\ATMELS~1\7.0\EBS_PR~1\99_PRO~1\99_PRO~1\ARDUIN~1\Debug\libArduinoCore.a(main.o)
 .debug_line    0x00004568      0x685 C:\Users\cyril\DOCUME~1\ATMELS~1\7.0\EBS_PR~1\99_PRO~1\99_PRO~1\ARDUIN~1\Debug\libArduinoCore.a(Print.o)
 .debug_line    0x00004bed      0x9e7 C:\Users\cyril\DOCUME~1\ATMELS~1\7.0\EBS_PR~1\99_PRO~1\99_PRO~1\ARDUIN~1\Debug\libArduinoCore.a(USBCore.o)
 .debug_line    0x000055d4      0x240 C:\Users\cyril\DOCUME~1\ATMELS~1\7.0\EBS_PR~1\99_PRO~1\99_PRO~1\ARDUIN~1\Debug\libArduinoCore.a(WInterrupts.o)
 .debug_line    0x00005814      0x2bd C:\Users\cyril\DOCUME~1\ATMELS~1\7.0\EBS_PR~1\99_PRO~1\99_PRO~1\ARDUIN~1\Debug\libArduinoCore.a(wiring.o)
 .debug_line    0x00005ad1      0x27a C:\Users\cyril\DOCUME~1\ATMELS~1\7.0\EBS_PR~1\99_PRO~1\99_PRO~1\ARDUIN~1\Debug\libArduinoCore.a(wiring_analog.o)
 .debug_line    0x00005d4b      0x26a C:\Users\cyril\DOCUME~1\ATMELS~1\7.0\EBS_PR~1\99_PRO~1\99_PRO~1\ARDUIN~1\Debug\libArduinoCore.a(wiring_digital.o)
 .debug_line    0x00005fb5     0x1355 C:\Users\cyril\DOCUME~1\ATMELS~1\7.0\EBS_PR~1\99_PRO~1\99_PRO~1\ARDUIN~1\Debug\libArduinoCore.a(WString.o)
 .debug_line    0x0000730a       0x41 C:\Users\cyril\DOCUME~1\ATMELS~1\7.0\EBS_PR~1\99_PRO~1\99_PRO~1\ARDUIN~1\Debug\libArduinoCore.a(hooks.o)
 .debug_line    0x0000734b      0x2de C:\Users\cyril\DOCUME~1\ATMELS~1\7.0\EBS_PR~1\99_PRO~1\99_PRO~1\ARDUIN~1\Debug\libArduinoCore.a(PluggableUSB.o)

.debug_frame    0x00000000     0x2c4c
 *(.debug_frame)
 .debug_frame   0x00000000       0x24 Romeo_keys.o
 .debug_frame   0x00000024      0x520 Sketch.o
 .debug_frame   0x00000544      0x364 src/libraries/Arduino-PID-Library-master/PID_v1.o
 .debug_frame   0x000008a8      0x12c src/libraries/DHTlib/dht.o
 .debug_frame   0x000009d4      0x41c src/libraries/hd44780/hd44780.o
 .debug_frame   0x00000df0      0x134 src/libraries/Wire/src/utility/twi.o
 .debug_frame   0x00000f24      0x280 src/libraries/Wire/src/Wire.o
 .debug_frame   0x000011a4       0x34 C:\Users\cyril\DOCUME~1\ATMELS~1\7.0\EBS_PR~1\99_PRO~1\99_PRO~1\ARDUIN~1\Debug\libArduinoCore.a(abi.o)
 .debug_frame   0x000011d8      0x1d8 C:\Users\cyril\DOCUME~1\ATMELS~1\7.0\EBS_PR~1\99_PRO~1\99_PRO~1\ARDUIN~1\Debug\libArduinoCore.a(CDC.o)
 .debug_frame   0x000013b0      0x110 C:\Users\cyril\DOCUME~1\ATMELS~1\7.0\EBS_PR~1\99_PRO~1\99_PRO~1\ARDUIN~1\Debug\libArduinoCore.a(HardwareSerial.o)
 .debug_frame   0x000014c0       0xe0 C:\Users\cyril\DOCUME~1\ATMELS~1\7.0\EBS_PR~1\99_PRO~1\99_PRO~1\ARDUIN~1\Debug\libArduinoCore.a(HardwareSerial1.o)
 .debug_frame   0x000015a0       0x54 C:\Users\cyril\DOCUME~1\ATMELS~1\7.0\EBS_PR~1\99_PRO~1\99_PRO~1\ARDUIN~1\Debug\libArduinoCore.a(main.o)
 .debug_frame   0x000015f4      0x3ac C:\Users\cyril\DOCUME~1\ATMELS~1\7.0\EBS_PR~1\99_PRO~1\99_PRO~1\ARDUIN~1\Debug\libArduinoCore.a(Print.o)
 .debug_frame   0x000019a0      0x3ac C:\Users\cyril\DOCUME~1\ATMELS~1\7.0\EBS_PR~1\99_PRO~1\99_PRO~1\ARDUIN~1\Debug\libArduinoCore.a(USBCore.o)
 .debug_frame   0x00001d4c      0x1fc C:\Users\cyril\DOCUME~1\ATMELS~1\7.0\EBS_PR~1\99_PRO~1\99_PRO~1\ARDUIN~1\Debug\libArduinoCore.a(WInterrupts.o)
 .debug_frame   0x00001f48       0xc4 C:\Users\cyril\DOCUME~1\ATMELS~1\7.0\EBS_PR~1\99_PRO~1\99_PRO~1\ARDUIN~1\Debug\libArduinoCore.a(wiring.o)
 .debug_frame   0x0000200c       0x54 C:\Users\cyril\DOCUME~1\ATMELS~1\7.0\EBS_PR~1\99_PRO~1\99_PRO~1\ARDUIN~1\Debug\libArduinoCore.a(wiring_analog.o)
 .debug_frame   0x00002060       0x7c C:\Users\cyril\DOCUME~1\ATMELS~1\7.0\EBS_PR~1\99_PRO~1\99_PRO~1\ARDUIN~1\Debug\libArduinoCore.a(wiring_digital.o)
 .debug_frame   0x000020dc      0xa60 C:\Users\cyril\DOCUME~1\ATMELS~1\7.0\EBS_PR~1\99_PRO~1\99_PRO~1\ARDUIN~1\Debug\libArduinoCore.a(WString.o)
 .debug_frame   0x00002b3c       0x24 C:\Users\cyril\DOCUME~1\ATMELS~1\7.0\EBS_PR~1\99_PRO~1\99_PRO~1\ARDUIN~1\Debug\libArduinoCore.a(hooks.o)
 .debug_frame   0x00002b60       0xec C:\Users\cyril\DOCUME~1\ATMELS~1\7.0\EBS_PR~1\99_PRO~1\99_PRO~1\ARDUIN~1\Debug\libArduinoCore.a(PluggableUSB.o)

.debug_str      0x00000000     0x576f
 *(.debug_str)
 .debug_str     0x00000000      0x371 C:/Program Files (x86)/Atmel/Studio/7.0/Packs/Atmel/ATmega_DFP/1.3.300/gcc/dev/atmega32u4/avr5/crtatmega32u4.o
 .debug_str     0x00000371      0x28b Romeo_keys.o
                                0x2d5 (size before relaxing)
 .debug_str     0x000005fc     0x2138 Sketch.o
                               0x253d (size before relaxing)
 .debug_str     0x00002734       0xa4 src/libraries/Arduino-PID-Library-master/PID_v1.o
                                0x5d8 (size before relaxing)
 .debug_str     0x000027d8       0xca src/libraries/DHTlib/dht.o
                                0x578 (size before relaxing)
 .debug_str     0x000028a2      0x90d src/libraries/hd44780/hd44780.o
                               0x1c2d (size before relaxing)
 .debug_str     0x000031af      0x2b2 src/libraries/Wire/src/utility/twi.o
                                0x40c (size before relaxing)
 .debug_str     0x00003461      0x864 src/libraries/Wire/src/Wire.o
                               0x1903 (size before relaxing)
 .debug_str     0x00003cc5       0xb9 C:\Users\cyril\DOCUME~1\ATMELS~1\7.0\EBS_PR~1\99_PRO~1\99_PRO~1\ARDUIN~1\Debug\libArduinoCore.a(abi.o)
                                0x1d2 (size before relaxing)
 .debug_str     0x00003d7e      0x5fe C:\Users\cyril\DOCUME~1\ATMELS~1\7.0\EBS_PR~1\99_PRO~1\99_PRO~1\ARDUIN~1\Debug\libArduinoCore.a(CDC.o)
                               0x1a5d (size before relaxing)
 .debug_str     0x0000437c      0x2d0 C:\Users\cyril\DOCUME~1\ATMELS~1\7.0\EBS_PR~1\99_PRO~1\99_PRO~1\ARDUIN~1\Debug\libArduinoCore.a(HardwareSerial.o)
                               0x164b (size before relaxing)
 .debug_str     0x0000464c       0x47 C:\Users\cyril\DOCUME~1\ATMELS~1\7.0\EBS_PR~1\99_PRO~1\99_PRO~1\ARDUIN~1\Debug\libArduinoCore.a(HardwareSerial1.o)
                               0x143d (size before relaxing)
 .debug_str     0x00004693      0x139 C:\Users\cyril\DOCUME~1\ATMELS~1\7.0\EBS_PR~1\99_PRO~1\99_PRO~1\ARDUIN~1\Debug\libArduinoCore.a(main.o)
                                0x3ea (size before relaxing)
 .debug_str     0x000047cc      0x336 C:\Users\cyril\DOCUME~1\ATMELS~1\7.0\EBS_PR~1\99_PRO~1\99_PRO~1\ARDUIN~1\Debug\libArduinoCore.a(Print.o)
                               0x1276 (size before relaxing)
 .debug_str     0x00004b02      0x684 C:\Users\cyril\DOCUME~1\ATMELS~1\7.0\EBS_PR~1\99_PRO~1\99_PRO~1\ARDUIN~1\Debug\libArduinoCore.a(USBCore.o)
                                0xcaa (size before relaxing)
 .debug_str     0x00005186       0x93 C:\Users\cyril\DOCUME~1\ATMELS~1\7.0\EBS_PR~1\99_PRO~1\99_PRO~1\ARDUIN~1\Debug\libArduinoCore.a(WInterrupts.o)
                                0x28c (size before relaxing)
 .debug_str     0x00005219       0x66 C:\Users\cyril\DOCUME~1\ATMELS~1\7.0\EBS_PR~1\99_PRO~1\99_PRO~1\ARDUIN~1\Debug\libArduinoCore.a(wiring.o)
                                0x27e (size before relaxing)
 .debug_str     0x0000527f       0x75 C:\Users\cyril\DOCUME~1\ATMELS~1\7.0\EBS_PR~1\99_PRO~1\99_PRO~1\ARDUIN~1\Debug\libArduinoCore.a(wiring_analog.o)
                                0x29c (size before relaxing)
 .debug_str     0x000052f4       0x52 C:\Users\cyril\DOCUME~1\ATMELS~1\7.0\EBS_PR~1\99_PRO~1\99_PRO~1\ARDUIN~1\Debug\libArduinoCore.a(wiring_digital.o)
                                0x2fd (size before relaxing)
 .debug_str     0x00005346      0x3c1 C:\Users\cyril\DOCUME~1\ATMELS~1\7.0\EBS_PR~1\99_PRO~1\99_PRO~1\ARDUIN~1\Debug\libArduinoCore.a(WString.o)
                               0x11c9 (size before relaxing)
 .debug_str     0x00005707       0x1c C:\Users\cyril\DOCUME~1\ATMELS~1\7.0\EBS_PR~1\99_PRO~1\99_PRO~1\ARDUIN~1\Debug\libArduinoCore.a(hooks.o)
                                0x173 (size before relaxing)
 .debug_str     0x00005723       0x4c C:\Users\cyril\DOCUME~1\ATMELS~1\7.0\EBS_PR~1\99_PRO~1\99_PRO~1\ARDUIN~1\Debug\libArduinoCore.a(PluggableUSB.o)
                                0x5ef (size before relaxing)

.debug_loc      0x00000000     0xeb1f
 *(.debug_loc)
 .debug_loc     0x00000000       0xe3 Romeo_keys.o
 .debug_loc     0x000000e3     0x191e Sketch.o
 .debug_loc     0x00001a01     0x109d src/libraries/Arduino-PID-Library-master/PID_v1.o
 .debug_loc     0x00002a9e      0x7df src/libraries/DHTlib/dht.o
 .debug_loc     0x0000327d     0x1510 src/libraries/hd44780/hd44780.o
 .debug_loc     0x0000478d      0x3e6 src/libraries/Wire/src/utility/twi.o
 .debug_loc     0x00004b73      0xbe6 src/libraries/Wire/src/Wire.o
 .debug_loc     0x00005759      0x790 C:\Users\cyril\DOCUME~1\ATMELS~1\7.0\EBS_PR~1\99_PRO~1\99_PRO~1\ARDUIN~1\Debug\libArduinoCore.a(CDC.o)
 .debug_loc     0x00005ee9      0x4dc C:\Users\cyril\DOCUME~1\ATMELS~1\7.0\EBS_PR~1\99_PRO~1\99_PRO~1\ARDUIN~1\Debug\libArduinoCore.a(HardwareSerial.o)
 .debug_loc     0x000063c5      0x1b0 C:\Users\cyril\DOCUME~1\ATMELS~1\7.0\EBS_PR~1\99_PRO~1\99_PRO~1\ARDUIN~1\Debug\libArduinoCore.a(HardwareSerial1.o)
 .debug_loc     0x00006575     0x1c87 C:\Users\cyril\DOCUME~1\ATMELS~1\7.0\EBS_PR~1\99_PRO~1\99_PRO~1\ARDUIN~1\Debug\libArduinoCore.a(Print.o)
 .debug_loc     0x000081fc     0x1277 C:\Users\cyril\DOCUME~1\ATMELS~1\7.0\EBS_PR~1\99_PRO~1\99_PRO~1\ARDUIN~1\Debug\libArduinoCore.a(USBCore.o)