Archive member included to satisfy reference by file (symbol)

c:/program files (x86)/atmel/studio/7.0/toolchain/avr8/avr8-gnu-toolchain/bin/../lib/gcc/avr/5.4.0/../../../../avr/lib/avr5\libm.a(addsf3.o)
                              src/libraries/Arduino-PID-Library-master/PID_v1.o (__subsf3)
c:/program files (x86)/atmel/studio/7.0/toolchain/avr8/avr8-gnu-toolchain/bin/../lib/gcc/avr/5.4.0/../../../../avr/lib/avr5\libm.a(addsf3x.o)
                              c:/program files (x86)/atmel/studio/7.0/toolchain/avr8/avr8-gnu-toolchain/bin/../lib/gcc/avr/5.4.0/../../../../avr/lib/avr5\libm.a(addsf3.o) (__addsf3x)
c:/program files (x86)/atmel/studio/7.0/toolchain/avr8/avr8-gnu-toolchain/bin/../lib/gcc/avr/5.4.0/../../../../avr/lib/avr5\libm.a(cmpsf2.o)
                              src/libraries/Arduino-PID-Library-master/PID_v1.o (__ltsf2)
c:/program files (x86)/atmel/studio/7.0/toolchain/avr8/avr8-gnu-toolchain/bin/../lib/gcc/avr/5.4.0/../../../../avr/lib/avr5\libm.a(divsf3.o)
                              Sketch.o (__divsf3)
c:/program files (x86)/atmel/studio/7.0/toolchain/avr8/avr8-gnu-toolchain/bin/../lib/gcc/avr/5.4.0/../../../../avr/lib/avr5\libm.a(divsf3x.o)
                              c:/program files (x86)/atmel/studio/7.0/toolchain/avr8/avr8-gnu-toolchain/bin/../lib/gcc/avr/5.4.0/../../../../avr/lib/avr5\libm.a(divsf3.o) (__divsf3x)
c:/program files (x86)/atmel/studio/7.0/toolchain/avr8/avr8-gnu-toolchain/bin/../lib/gcc/avr/5.4.0/../../../../avr/lib/avr5\libm.a(fixsfsi.o)
                              Sketch.o (__fixsfsi)
c:/program files (x86)/atmel/studio/7.0/toolchain/avr8/avr8-gnu-toolchain/bin/../lib/gcc/avr/5.4.0/../../../../avr/lib/avr5\libm.a(fixunssfsi.o)
                              c:/program files (x86)/atmel/studio/7.0/toolchain/avr8/avr8-gnu-toolchain/bin/../lib/gcc/avr/5.4.0/../../../../avr/lib/avr5\libm.a(fixsfsi.o) (__fixunssfsi)
c:/program files (x86)/atmel/studio/7.0/toolchain/avr8/avr8-gnu-toolchain/bin/../lib/gcc/avr/5.4.0/../../../../avr/lib/avr5\libm.a(floatsisf.o)
                              src/libraries/Arduino-PID-Library-master/PID_v1.o (__floatunsisf)
c:/program files (x86)/atmel/studio/7.0/toolchain/avr8/avr8-gnu-toolchain/bin/../lib/gcc/avr/5.4.0/../../../../avr/lib/avr5\libm.a(fp_cmp.o)
                              c:/program files (x86)/atmel/studio/7.0/toolchain/avr8/avr8-gnu-toolchain/bin/../lib/gcc/avr/5.4.0/../../../../avr/lib/avr5\libm.a(cmpsf2.o) (__fp_cmp)
c:/program files (x86)/atmel/studio/7.0/toolchain/avr8/avr8-gnu-toolchain/bin/../lib/gcc/avr/5.4.0/../../../../avr/lib/avr5\libm.a(fp_inf.o)
                              c:/program files (x86)/atmel/studio/7.0/toolchain/avr8/avr8-gnu-toolchain/bin/../lib/gcc/avr/5.4.0/../../../../avr/lib/avr5\libm.a(addsf3x.o) (__fp_inf)
c:/program files (x86)/atmel/studio/7.0/toolchain/avr8/avr8-gnu-toolchain/bin/../lib/gcc/avr/5.4.0/../../../../avr/lib/avr5\libm.a(fp_nan.o)
                              c:/program files (x86)/atmel/studio/7.0/toolchain/avr8/avr8-gnu-toolchain/bin/../lib/gcc/avr/5.4.0/../../../../avr/lib/avr5\libm.a(addsf3x.o) (__fp_nan)
c:/program files (x86)/atmel/studio/7.0/toolchain/avr8/avr8-gnu-toolchain/bin/../lib/gcc/avr/5.4.0/../../../../avr/lib/avr5\libm.a(fp_pscA.o)
                              c:/program files (x86)/atmel/studio/7.0/toolchain/avr8/avr8-gnu-toolchain/bin/../lib/gcc/avr/5.4.0/../../../../avr/lib/avr5\libm.a(addsf3x.o) (__fp_pscA)
c:/program files (x86)/atmel/studio/7.0/toolchain/avr8/avr8-gnu-toolchain/bin/../lib/gcc/avr/5.4.0/../../../../avr/lib/avr5\libm.a(fp_pscB.o)
                              c:/program files (x86)/atmel/studio/7.0/toolchain/avr8/avr8-gnu-toolchain/bin/../lib/gcc/avr/5.4.0/../../../../avr/lib/avr5\libm.a(addsf3x.o) (__fp_pscB)
c:/program files (x86)/atmel/studio/7.0/toolchain/avr8/avr8-gnu-toolchain/bin/../lib/gcc/avr/5.4.0/../../../../avr/lib/avr5\libm.a(fp_round.o)
                              c:/program files (x86)/atmel/studio/7.0/toolchain/avr8/avr8-gnu-toolchain/bin/../lib/gcc/avr/5.4.0/../../../../avr/lib/avr5\libm.a(addsf3.o) (__fp_round)
c:/program files (x86)/atmel/studio/7.0/toolchain/avr8/avr8-gnu-toolchain/bin/../lib/gcc/avr/5.4.0/../../../../avr/lib/avr5\libm.a(fp_split3.o)
                              c:/program files (x86)/atmel/studio/7.0/toolchain/avr8/avr8-gnu-toolchain/bin/../lib/gcc/avr/5.4.0/../../../../avr/lib/avr5\libm.a(addsf3x.o) (__fp_split3)
c:/program files (x86)/atmel/studio/7.0/toolchain/avr8/avr8-gnu-toolchain/bin/../lib/gcc/avr/5.4.0/../../../../avr/lib/avr5\libm.a(fp_zero.o)
                              c:/program files (x86)/atmel/studio/7.0/toolchain/avr8/avr8-gnu-toolchain/bin/../lib/gcc/avr/5.4.0/../../../../avr/lib/avr5\libm.a(addsf3x.o) (__fp_zero)
c:/program files (x86)/atmel/studio/7.0/toolchain/avr8/avr8-gnu-toolchain/bin/../lib/gcc/avr/5.4.0/../../../../avr/lib/avr5\libm.a(gesf2.o)
                              src/libraries/Arduino-PID-Library-master/PID_v1.o (__gesf2)
[...]
Memory Configuration

Name             Origin             Length             Attributes
text             0x00000000         0x00020000         xr
data             0x00800060         0x0000ffa0         rw !x
eeprom           0x00810000         0x00010000         rw !x
fuse             0x00820000         0x00000003         rw !x
lock             0x00830000         0x00000400         rw !x
signature        0x00840000         0x00000400         rw !x
user_signatures  0x00850000         0x00000400         rw !x
*default*        0x00000000         0xffffffff

Linker script and memory map

Address of section .data set to 0x800100
LOAD C:/Program Files (x86)/Atmel/Studio/7.0/Packs/atmel/ATmega_DFP/1.2.209/gcc/dev/atmega32u4/avr5/crtatmega32u4.o
LOAD Sketch.o
LOAD src/libraries/Arduino-PID-Library-master/PID_v1.o
LOAD src/libraries/hd44780/hd44780.o
LOAD src/libraries/Wire/src/utility/twi.o
LOAD src/libraries/Wire/src/Wire.o
START GROUP
LOAD c:/program files (x86)/atmel/studio/7.0/toolchain/avr8/avr8-gnu-toolchain/bin/../lib/gcc/avr/5.4.0/../../../../avr/lib/avr5\libm.a
LOAD C:\Users\cyril\DOCUME~1\ATMELS~1\7.0\EBS_PR~1\00_TES~1\01_HEL~1\ARDUIN~1\Debug\libArduinoCore.a
END GROUP
LOAD c:/program files (x86)/atmel/studio/7.0/toolchain/avr8/avr8-gnu-toolchain/bin/../lib/gcc/avr/5.4.0/avr5\libgcc.a
LOAD c:/program files (x86)/atmel/studio/7.0/toolchain/avr8/avr8-gnu-toolchain/bin/../lib/gcc/avr/5.4.0/../../../../avr/lib/avr5\libm.a
START GROUP
LOAD c:/program files (x86)/atmel/studio/7.0/toolchain/avr8/avr8-gnu-toolchain/bin/../lib/gcc/avr/5.4.0/avr5\libgcc.a
LOAD c:/program files (x86)/atmel/studio/7.0/toolchain/avr8/avr8-gnu-toolchain/bin/../lib/gcc/avr/5.4.0/../../../../avr/lib/avr5\libm.a
LOAD c:/program files (x86)/atmel/studio/7.0/toolchain/avr8/avr8-gnu-toolchain/bin/../lib/gcc/avr/5.4.0/../../../../avr/lib/avr5\libc.a
LOAD C:/Program Files (x86)/Atmel/Studio/7.0/Packs/atmel/ATmega_DFP/1.2.209/gcc/dev/atmega32u4/avr5\libatmega32u4.a
END GROUP
                0x00020000                __TEXT_REGION_LENGTH__ = DEFINED (__TEXT_REGION_LENGTH__)?__TEXT_REGION_LENGTH__:0x20000
                0x0000ffa0                __DATA_REGION_LENGTH__ = DEFINED (__DATA_REGION_LENGTH__)?__DATA_REGION_LENGTH__:0xffa0
                0x00010000                __EEPROM_REGION_LENGTH__ = DEFINED (__EEPROM_REGION_LENGTH__)?__EEPROM_REGION_LENGTH__:0x10000
                [0x00000003]                __FUSE_REGION_LENGTH__ = DEFINED (__FUSE_REGION_LENGTH__)?__FUSE_REGION_LENGTH__:0x400
                0x00000400                __LOCK_REGION_LENGTH__ = DEFINED (__LOCK_REGION_LENGTH__)?__LOCK_REGION_LENGTH__:0x400
                0x00000400                __SIGNATURE_REGION_LENGTH__ = DEFINED (__SIGNATURE_REGION_LENGTH__)?__SIGNATURE_REGION_LENGTH__:0x400
                0x00000400                __USER_SIGNATURE_REGION_LENGTH__ = DEFINED (__USER_SIGNATURE_REGION_LENGTH__)?__USER_SIGNATURE_REGION_LENGTH__:0x400

.hash
 *(.hash)

.dynsym
 *(.dynsym)

.dynstr
 *(.dynstr)

.gnu.version
 *(.gnu.version)

.gnu.version_d
 *(.gnu.version_d)

.gnu.version_r
 *(.gnu.version_r)

.rel.init
 *(.rel.init)

.rela.init
 *(.rela.init)

.rel.text
 *(.rel.text)
 *(.rel.text.*)
 *(.rel.gnu.linkonce.t*)

.rela.text
 *(.rela.text)
 *(.rela.text.*)
 *(.rela.gnu.linkonce.t*)

.rel.fini
 *(.rel.fini)

.rela.fini
 *(.rela.fini)

.rel.rodata
 *(.rel.rodata)
 *(.rel.rodata.*)
 *(.rel.gnu.linkonce.r*)

.rela.rodata
 *(.rela.rodata)
 *(.rela.rodata.*)
 *(.rela.gnu.linkonce.r*)

.rel.data
 *(.rel.data)
 *(.rel.data.*)
 *(.rel.gnu.linkonce.d*)

.rela.data
 *(.rela.data)
 *(.rela.data.*)
 *(.rela.gnu.linkonce.d*)

.rel.ctors
 *(.rel.ctors)

.rela.ctors
 *(.rela.ctors)

.rel.dtors
 *(.rel.dtors)

.rela.dtors
 *(.rela.dtors)

.rel.got
 *(.rel.got)

.rela.got
 *(.rela.got)

.rel.bss
 *(.rel.bss)

.rela.bss
 *(.rela.bss)

.rel.plt
 *(.rel.plt)

.rela.plt
 *(.rela.plt)

.text           0x00000000     0x3a04
 *(.vectors)
 .vectors       0x00000000       0xac C:/Program Files (x86)/Atmel/Studio/7.0/Packs/atmel/ATmega_DFP/1.2.209/gcc/dev/atmega32u4/avr5/crtatmega32u4.o
                0x00000000                __vector_default
                0x00000000                __vectors
 *(.vectors)
 *(.progmem.gcc*)
 .progmem.gcc_sw_table.analogWrite
                0x000000ac       0x1e C:\Users\cyril\DOCUME~1\ATMELS~1\7.0\EBS_PR~1\00_TES~1\01_HEL~1\ARDUIN~1\Debug\libArduinoCore.a(wiring_analog.o)
 .progmem.gcc_sw_table.turnOffPWM
                0x000000ca       0x1e C:\Users\cyril\DOCUME~1\ATMELS~1\7.0\EBS_PR~1\00_TES~1\01_HEL~1\ARDUIN~1\Debug\libArduinoCore.a(wiring_digital.o)
                0x000000e8                . = ALIGN (0x2)
                0x000000e8                __trampolines_start = .
 *(.trampolines)
 .trampolines   0x000000e8        0x0 linker stubs
 *(.trampolines*)
                0x000000e8                __trampolines_end = .
 *libprintf_flt.a:*(.progmem.data)
 *libc.a:*(.progmem.data)
 *(.progmem*)
 .progmem.data.USB_DeviceDescriptorIAD
                0x000000e8       0x12 C:\Users\cyril\DOCUME~1\ATMELS~1\7.0\EBS_PR~1\00_TES~1\01_HEL~1\ARDUIN~1\Debug\libArduinoCore.a(USBCore.o)
                0x000000e8                USB_DeviceDescriptorIAD
 .progmem.data.STRING_MANUFACTURER
                0x000000fa        0xc C:\Users\cyril\DOCUME~1\ATMELS~1\7.0\EBS_PR~1\00_TES~1\01_HEL~1\ARDUIN~1\Debug\libArduinoCore.a(USBCore.o)
                0x000000fa                STRING_MANUFACTURER
 .progmem.data.STRING_PRODUCT
                0x00000106       0x11 C:\Users\cyril\DOCUME~1\ATMELS~1\7.0\EBS_PR~1\00_TES~1\01_HEL~1\ARDUIN~1\Debug\libArduinoCore.a(USBCore.o)
                0x00000106                STRING_PRODUCT
 .progmem.data.STRING_LANGUAGE
                0x00000117        0x4 C:\Users\cyril\DOCUME~1\ATMELS~1\7.0\EBS_PR~1\00_TES~1\01_HEL~1\ARDUIN~1\Debug\libArduinoCore.a(USBCore.o)
                0x00000117                STRING_LANGUAGE
 .progmem.data.digital_pin_to_timer_PGM
                0x0000011b       0x1f C:\Users\cyril\DOCUME~1\ATMELS~1\7.0\EBS_PR~1\00_TES~1\01_HEL~1\ARDUIN~1\Debug\libArduinoCore.a(wiring_digital.o)
                0x0000011b                digital_pin_to_timer_PGM
 .progmem.data.digital_pin_to_bit_mask_PGM
                0x0000013a       0x1f C:\Users\cyril\DOCUME~1\ATMELS~1\7.0\EBS_PR~1\00_TES~1\01_HEL~1\ARDUIN~1\Debug\libArduinoCore.a(wiring_digital.o)
                0x0000013a                digital_pin_to_bit_mask_PGM
 .progmem.data.digital_pin_to_port_PGM
                0x00000159       0x1f C:\Users\cyril\DOCUME~1\ATMELS~1\7.0\EBS_PR~1\00_TES~1\01_HEL~1\ARDUIN~1\Debug\libArduinoCore.a(wiring_digital.o)
                0x00000159                digital_pin_to_port_PGM
 .progmem.data.port_to_output_PGM
                0x00000178        0xe C:\Users\cyril\DOCUME~1\ATMELS~1\7.0\EBS_PR~1\00_TES~1\01_HEL~1\ARDUIN~1\Debug\libArduinoCore.a(wiring_digital.o)
                0x00000178                port_to_output_PGM
 .progmem.data.port_to_mode_PGM
                0x00000186        0xe C:\Users\cyril\DOCUME~1\ATMELS~1\7.0\EBS_PR~1\00_TES~1\01_HEL~1\ARDUIN~1\Debug\libArduinoCore.a(wiring_digital.o)
                0x00000186                port_to_mode_PGM
 .progmem.data._cdcInterface
                0x00000194       0x42 C:\Users\cyril\DOCUME~1\ATMELS~1\7.0\EBS_PR~1\00_TES~1\01_HEL~1\ARDUIN~1\Debug\libArduinoCore.a(CDC.o)
                0x00000194                _cdcInterface
                0x000001d6                . = ALIGN (0x2)
 *(.jumptables)
 *(.jumptables*)
 *(.lowtext)
 *(.lowtext*)
                0x000001d6                __ctors_start = .
 *(.ctors)
 .ctors         0x000001d6        0x2 Sketch.o
 .ctors         0x000001d8        0x2 src/libraries/Wire/src/Wire.o
 .ctors         0x000001da        0x2 C:\Users\cyril\DOCUME~1\ATMELS~1\7.0\EBS_PR~1\00_TES~1\01_HEL~1\ARDUIN~1\Debug\libArduinoCore.a(CDC.o)
                0x000001dc                __ctors_end = .
                0x000001dc                __dtors_start = .
 *(.dtors)
                0x000001dc                __dtors_end = .
 SORT(*)(.ctors)
 SORT(*)(.dtors)
 *(.init0)
 .init0         0x000001dc        0x0 C:/Program Files (x86)/Atmel/Studio/7.0/Packs/atmel/ATmega_DFP/1.2.209/gcc/dev/atmega32u4/avr5/crtatmega32u4.o
                0x000001dc                __init
 *(.init0)
 *(.init1)
 *(.init1)
 *(.init2)
 .init2         0x000001dc        0xc C:/Program Files (x86)/Atmel/Studio/7.0/Packs/atmel/ATmega_DFP/1.2.209/gcc/dev/atmega32u4/avr5/crtatmega32u4.o
 *(.init2)
 *(.init3)
 *(.init3)
 *(.init4)
 .init4         0x000001e8       0x16 c:/program files (x86)/atmel/studio/7.0/toolchain/avr8/avr8-gnu-toolchain/bin/../lib/gcc/avr/5.4.0/avr5\libgcc.a(_copy_data.o)
                0x000001e8                __do_copy_data
 .init4         0x000001fe       0x10 c:/program files (x86)/atmel/studio/7.0/toolchain/avr8/avr8-gnu-toolchain/bin/../lib/gcc/avr/5.4.0/avr5\libgcc.a(_clear_bss.o)
                0x000001fe                __do_clear_bss
 *(.init4)
 *(.init5)
 *(.init5)
 *(.init6)
 .init6         0x0000020e       0x16 c:/program files (x86)/atmel/studio/7.0/toolchain/avr8/avr8-gnu-toolchain/bin/../lib/gcc/avr/5.4.0/avr5\libgcc.a(_ctors.o)
                0x0000020e                __do_global_ctors
 *(.init6)
 *(.init7)
 *(.init7)
 *(.init8)
 *(.init8)
 *(.init9)
 .init9         0x00000224        0x8 C:/Program Files (x86)/Atmel/Studio/7.0/Packs/atmel/ATmega_DFP/1.2.209/gcc/dev/atmega32u4/avr5/crtatmega32u4.o
 *(.init9)
 *(.text)
 .text          0x0000022c        0x4 C:/Program Files (x86)/Atmel/Studio/7.0/Packs/atmel/ATmega_DFP/1.2.209/gcc/dev/atmega32u4/avr5/crtatmega32u4.o
                0x0000022c                __vector_38
                0x0000022c                __vector_22
                0x0000022c                __vector_28
                0x0000022c                __vector_32
                0x0000022c                __vector_34
                0x0000022c                __vector_24
                0x0000022c                __vector_12
                0x0000022c                __bad_interrupt
                0x0000022c                __vector_6
                0x0000022c                __vector_31
                0x0000022c                __vector_35
                0x0000022c                __vector_39
                0x0000022c                __vector_30
                0x0000022c                __vector_25
                0x0000022c                __vector_13
                0x0000022c                __vector_17
                0x0000022c                __vector_19
                0x0000022c                __vector_41
                0x0000022c                __vector_27
                0x0000022c                __vector_5
                0x0000022c                __vector_33
                0x0000022c                __vector_37
                0x0000022c                __vector_9
                0x0000022c                __vector_21
                0x0000022c                __vector_15
                0x0000022c                __vector_29
                0x0000022c                __vector_40
                0x0000022c                __vector_8
                0x0000022c                __vector_26
                0x0000022c                __vector_14
                0x0000022c                __vector_16
                0x0000022c                __vector_18
                0x0000022c                __vector_20
                0x0000022c                __vector_42
                0x00000230                . = ALIGN (0x2)
 *(.text.*)
 .text._ZN5Print17availableForWriteEv
                0x00000230        0x6 Sketch.o
                0x00000230                _ZN5Print17availableForWriteEv
 .text._ZN5Print5flushEv
                0x00000236        0x2 Sketch.o
                0x00000236                _ZN5Print5flushEv
 .text._ZN7hd4478013iosetContrastEh
                0x00000238        0x6 Sketch.o
                0x00000238                _ZN7hd4478013iosetContrastEh
 .text._Z10wheelSpeedv
                0x0000023e       0x2e Sketch.o
                0x0000023e                _Z10wheelSpeedv
 .text._ZN14hd44780_I2Cexp12LocateDeviceEh.isra.1
                0x0000026c       0x80 Sketch.o
 .text._ZN7TwoWire5writeEi
                0x000002ec        0xe Sketch.o
                0x000002ec                _ZN7TwoWire5writeEi
 .text._Z11EncoderInitv
                0x000002fa       0x1c Sketch.o
                0x000002fa                _Z11EncoderInitv
 .text._Z7advancev
                0x00000316       0x26 Sketch.o
                0x00000316                _Z7advancev
 .text.setup    0x0000033c       0x74 Sketch.o
                0x0000033c                setup
 .text.loop     0x000003b0       0xf6 Sketch.o
                0x000003b0                loop
 .text.startup._GLOBAL__sub_I_E_left
                0x000004a6       0x96 Sketch.o
 .text._ZN14hd44780_I2Cexp14iosetBacklightEh
                0x0000053c       0x72 Sketch.o
                0x0000053c                _ZN14hd44780_I2Cexp14iosetBacklightEh
 .text._ZN14hd44780_I2Cexp10write4bitsEhN7hd447806iotypeE
                0x000005ae       0x48 Sketch.o
                0x000005ae                _ZN14hd44780_I2Cexp10write4bitsEhN7hd447806iotypeE
 .text._ZN14hd44780_I2Cexp7iowriteEN7hd447806iotypeEh
                0x000005f6       0xe0 Sketch.o
                0x000005f6                _ZN14hd44780_I2Cexp7iowriteEN7hd447806iotypeEh
 .text._ZN14hd44780_I2Cexp6ioreadEN7hd447806iotypeE
                0x000006d6      0x236 Sketch.o
                0x000006d6                _ZN14hd44780_I2Cexp6ioreadEN7hd447806iotypeE
 .text._ZN14hd44780_I2Cexp11autocfg8574Ev
                0x0000090c      0x198 Sketch.o
                0x0000090c                _ZN14hd44780_I2Cexp11autocfg8574Ev
 .text._ZN14hd44780_I2Cexp15autocfgMCP23008Ev
                0x00000aa4      0x13c Sketch.o
                0x00000aa4                _ZN14hd44780_I2Cexp15autocfgMCP23008Ev
 .text._ZN14hd44780_I2Cexp6ioinitEv
                0x00000be0      0x19a Sketch.o
                0x00000be0                _ZN14hd44780_I2Cexp6ioinitEv
 .text._ZN3PID7ComputeEv
                0x00000d7a      0x2ce src/libraries/Arduino-PID-Library-master/PID_v1.o
                0x00000d7a                _ZN3PID7ComputeEv
 .text._ZN3PID10SetTuningsEdddi
                0x00001048      0x1ac src/libraries/Arduino-PID-Library-master/PID_v1.o
                0x00001048                _ZN3PID10SetTuningsEdddi
 .text._ZN3PID13SetSampleTimeEi
                0x000011f4       0x9c src/libraries/Arduino-PID-Library-master/PID_v1.o
                0x000011f4                _ZN3PID13SetSampleTimeEi
 .text._ZN3PID10InitializeEv
                0x00001290       0x8c src/libraries/Arduino-PID-Library-master/PID_v1.o
                0x00001290                _ZN3PID10InitializeEv
 .text._ZN3PID7SetModeEi
                0x0000131c       0x2e src/libraries/Arduino-PID-Library-master/PID_v1.o
                0x0000131c                _ZN3PID7SetModeEi
 .text._ZN3PID22SetControllerDirectionEi
                0x0000134a       0x78 src/libraries/Arduino-PID-Library-master/PID_v1.o
                0x0000134a                _ZN3PID22SetControllerDirectionEi
 .text._ZN3PIDC2EPdS0_S0_dddii
                0x000013c2       0xe2 src/libraries/Arduino-PID-Library-master/PID_v1.o
                0x000013c2                _ZN3PIDC2EPdS0_S0_dddii
                0x000013c2                _ZN3PIDC1EPdS0_S0_dddii
 .text._ZN3PIDC2EPdS0_S0_dddi
                0x000014a4       0x64 src/libraries/Arduino-PID-Library-master/PID_v1.o
                0x000014a4                _ZN3PIDC2EPdS0_S0_dddi
                0x000014a4                _ZN3PIDC1EPdS0_S0_dddi
 .text._ZN7hd447806ioinitEv
                0x00001508        0x6 src/libraries/hd44780/hd44780.o
                0x00001508                _ZN7hd447806ioinitEv
 .text._ZN7hd447806ioreadENS_6iotypeE
                0x0000150e        0x6 src/libraries/hd44780/hd44780.o
                0x0000150e                _ZN7hd447806ioreadENS_6iotypeE
 .text._ZN7hd4478014iosetBacklightEh
                0x00001514        0x6 src/libraries/hd44780/hd44780.o
                0x00001514                _ZN7hd4478014iosetBacklightEh
 .text._ZN7hd44780C2Ev
                0x0000151a       0x5a src/libraries/hd44780/hd44780.o
                0x0000151a                _ZN7hd44780C2Ev
                0x0000151a                _ZN7hd44780C1Ev
 .text._ZN7hd447809backlightEv
                0x00001574       0x10 src/libraries/hd44780/hd44780.o
                0x00001574                _ZN7hd447809backlightEv
 .text._ZN7hd4478011noBacklightEv
                0x00001584       0x10 src/libraries/hd44780/hd44780.o
                0x00001584                _ZN7hd4478011noBacklightEv
 .text._ZN7hd447807commandEh
                0x00001594       0x6e src/libraries/hd44780/hd44780.o
                0x00001594                _ZN7hd447807commandEh
 .text._ZN7hd447805clearEv
                0x00001602        0x6 src/libraries/hd44780/hd44780.o
                0x00001602                _ZN7hd447805clearEv
 .text._ZN7hd447809setCursorEhh
                0x00001608       0x3c src/libraries/hd44780/hd44780.o
                0x00001608                _ZN7hd447809setCursorEhh
 .text._ZN7hd447807displayEv
                0x00001644       0x10 src/libraries/hd44780/hd44780.o
                0x00001644                _ZN7hd447807displayEv
 .text._ZN7hd447805beginEhhh
                0x00001654      0x134 src/libraries/hd44780/hd44780.o
                0x00001654                _ZN7hd447805beginEhhh
 .text._ZN7hd447806_writeEh
                0x00001788       0x5e src/libraries/hd44780/hd44780.o
                0x00001788                _ZN7hd447806_writeEh
 .text._ZN7hd447805writeEh
                0x000017e6       0x48 src/libraries/hd44780/hd44780.o
                0x000017e6                _ZN7hd447805writeEh
 .text.twi_init
                0x0000182e       0x3c src/libraries/Wire/src/utility/twi.o
                0x0000182e                twi_init
 .text.twi_readFrom
                0x0000186a       0x90 src/libraries/Wire/src/utility/twi.o
                0x0000186a                twi_readFrom
 .text.twi_writeTo
                0x000018fa       0xac src/libraries/Wire/src/utility/twi.o
                0x000018fa                twi_writeTo
 .text.twi_transmit
                0x000019a6       0x50 src/libraries/Wire/src/utility/twi.o
                0x000019a6                twi_transmit
 .text.twi_attachSlaveRxEvent
                0x000019f6        0xa src/libraries/Wire/src/utility/twi.o
                0x000019f6                twi_attachSlaveRxEvent
 .text.twi_attachSlaveTxEvent
                0x00001a00        0xa src/libraries/Wire/src/utility/twi.o
                0x00001a00                twi_attachSlaveTxEvent
 .text.twi_stop
                0x00001a0a       0x14 src/libraries/Wire/src/utility/twi.o
                0x00001a0a                twi_stop
 .text.twi_releaseBus
                0x00001a1e        0xc src/libraries/Wire/src/utility/twi.o
                0x00001a1e                twi_releaseBus
 .text.__vector_36
                0x00001a2a      0x25a src/libraries/Wire/src/utility/twi.o
                0x00001a2a                __vector_36
 .text._ZN7TwoWire9availableEv
                0x00001c84       0x10 src/libraries/Wire/src/Wire.o
                0x00001c84                _ZN7TwoWire9availableEv
 .text._ZN7TwoWire4readEv
                0x00001c94       0x28 src/libraries/Wire/src/Wire.o
                0x00001c94                _ZN7TwoWire4readEv
 .text._ZN7TwoWire4peekEv
                0x00001cbc       0x1e src/libraries/Wire/src/Wire.o
                0x00001cbc                _ZN7TwoWire4peekEv
 .text._ZN7TwoWire5flushEv
                0x00001cda        0x2 src/libraries/Wire/src/Wire.o
                0x00001cda                _ZN7TwoWire5flushEv
 .text._ZN7TwoWire16onReceiveServiceEPhi
                0x00001cdc       0x54 src/libraries/Wire/src/Wire.o
                0x00001cdc                _ZN7TwoWire16onReceiveServiceEPhi
 .text._ZN7TwoWire16onRequestServiceEv
                0x00001d30       0x18 src/libraries/Wire/src/Wire.o
                0x00001d30                _ZN7TwoWire16onRequestServiceEv
 .text._ZN7TwoWire5writeEPKhj
                0x00001d48       0x5a src/libraries/Wire/src/Wire.o
                0x00001d48                _ZN7TwoWire5writeEPKhj
 .text._ZN7TwoWire5writeEh
                0x00001da2       0x5e src/libraries/Wire/src/Wire.o
                0x00001da2                _ZN7TwoWire5writeEh
 .text._ZN7TwoWireC2Ev
                0x00001e00       0x20 src/libraries/Wire/src/Wire.o
                0x00001e00                _ZN7TwoWireC1Ev
                0x00001e00                _ZN7TwoWireC2Ev
 .text._ZN7TwoWire5beginEv
                0x00001e20       0x24 src/libraries/Wire/src/Wire.o
                0x00001e20                _ZN7TwoWire5beginEv
 .text._ZN7TwoWire17beginTransmissionEh
                0x00001e44       0x14 src/libraries/Wire/src/Wire.o
                0x00001e44                _ZN7TwoWire17beginTransmissionEh
 .text._ZN7TwoWire15endTransmissionEh
                0x00001e58       0x26 src/libraries/Wire/src/Wire.o
                0x00001e58                _ZN7TwoWire15endTransmissionEh
 .text._ZN7TwoWire11requestFromEhhmhh
                0x00001e7e       0xa8 src/libraries/Wire/src/Wire.o
                0x00001e7e                _ZN7TwoWire11requestFromEhhmhh
 .text._ZN7TwoWire11requestFromEhhh
                0x00001f26       0x20 src/libraries/Wire/src/Wire.o
                0x00001f26                _ZN7TwoWire11requestFromEhhh
 .text._ZN7TwoWire11requestFromEii
                0x00001f46        0x6 src/libraries/Wire/src/Wire.o
                0x00001f46                _ZN7TwoWire11requestFromEii
 .text._ZN7TwoWire15endTransmissionEv
                0x00001f4c        0x6 src/libraries/Wire/src/Wire.o
                0x00001f4c                _ZN7TwoWire15endTransmissionEv
 .text.startup._GLOBAL__sub_I__ZN7TwoWire8rxBufferE
                0x00001f52        0x8 src/libraries/Wire/src/Wire.o
 .text.avr-libc.fplib
                0x00001f5a        0xe c:/program files (x86)/atmel/studio/7.0/toolchain/avr8/avr8-gnu-toolchain/bin/../lib/gcc/avr/5.4.0/../../../../avr/lib/avr5\libm.a(addsf3.o)
                0x00001f5a                __subsf3
                0x00001f5c                __addsf3
 .text.avr-libc.fplib
                0x00001f68       0xcc c:/program files (x86)/atmel/studio/7.0/toolchain/avr8/avr8-gnu-toolchain/bin/../lib/gcc/avr/5.4.0/../../../../avr/lib/avr5\libm.a(addsf3x.o)
                0x00001f8a                __addsf3x
 .text.avr-libc.fplib
                0x00002034        0xa c:/program files (x86)/atmel/studio/7.0/toolchain/avr8/avr8-gnu-toolchain/bin/../lib/gcc/avr/5.4.0/../../../../avr/lib/avr5\libm.a(cmpsf2.o)
                0x00002034                __nesf2
                0x00002034                __eqsf2
                0x00002034                __cmpsf2
                0x00002034                __ltsf2
                0x00002034                __lesf2
 .text.avr-libc.fplib
                0x0000203e        0x8 c:/program files (x86)/atmel/studio/7.0/toolchain/avr8/avr8-gnu-toolchain/bin/../lib/gcc/avr/5.4.0/../../../../avr/lib/avr5\libm.a(divsf3.o)
                0x0000203e                __divsf3
 .text.avr-libc.fplib
                0x00002046       0xdc c:/program files (x86)/atmel/studio/7.0/toolchain/avr8/avr8-gnu-toolchain/bin/../lib/gcc/avr/5.4.0/../../../../avr/lib/avr5\libm.a(divsf3x.o)
                0x00002066                __divsf3x
                0x0000206c                __divsf3_pse
 .text.avr-libc.fplib
                0x00002122        0xe c:/program files (x86)/atmel/studio/7.0/toolchain/avr8/avr8-gnu-toolchain/bin/../lib/gcc/avr/5.4.0/../../../../avr/lib/avr5\libm.a(fixsfsi.o)
                0x00002122                __fixsfsi
 .text.avr-libc.fplib
                0x00002130       0x5e c:/program files (x86)/atmel/studio/7.0/toolchain/avr8/avr8-gnu-toolchain/bin/../lib/gcc/avr/5.4.0/../../../../avr/lib/avr5\libm.a(fixunssfsi.o)
                0x00002130                __fixunssfsi
 .text.avr-libc.fplib
                0x0000218e       0x7a c:/program files (x86)/atmel/studio/7.0/toolchain/avr8/avr8-gnu-toolchain/bin/../lib/gcc/avr/5.4.0/../../../../avr/lib/avr5\libm.a(floatsisf.o)
                0x0000218e                __floatunsisf
                0x00002192                __floatsisf
 .text.avr-libc.fplib
                0x00002208       0x48 c:/program files (x86)/atmel/studio/7.0/toolchain/avr8/avr8-gnu-toolchain/bin/../lib/gcc/avr/5.4.0/../../../../avr/lib/avr5\libm.a(fp_cmp.o)
                0x00002208                __fp_cmp
 .text.avr-libc.fplib
                0x00002250        0xc c:/program files (x86)/atmel/studio/7.0/toolchain/avr8/avr8-gnu-toolchain/bin/../lib/gcc/avr/5.4.0/../../../../avr/lib/avr5\libm.a(fp_inf.o)
                0x00002250                __fp_inf
 .text.avr-libc.fplib
                0x0000225c        0x6 c:/program files (x86)/atmel/studio/7.0/toolchain/avr8/avr8-gnu-toolchain/bin/../lib/gcc/avr/5.4.0/../../../../avr/lib/avr5\libm.a(fp_nan.o)
                0x0000225c                __fp_nan
 .text.avr-libc.fplib
                0x00002262        0xe c:/program files (x86)/atmel/studio/7.0/toolchain/avr8/avr8-gnu-toolchain/bin/../lib/gcc/avr/5.4.0/../../../../avr/lib/avr5\libm.a(fp_pscA.o)
                0x00002262                __fp_pscA
 .text.avr-libc.fplib
                0x00002270        0xe c:/program files (x86)/atmel/studio/7.0/toolchain/avr8/avr8-gnu-toolchain/bin/../lib/gcc/avr/5.4.0/../../../../avr/lib/avr5\libm.a(fp_pscB.o)
                0x00002270                __fp_pscB
 .text.avr-libc.fplib
                0x0000227e       0x22 c:/program files (x86)/atmel/studio/7.0/toolchain/avr8/avr8-gnu-toolchain/bin/../lib/gcc/avr/5.4.0/../../../../avr/lib/avr5\libm.a(fp_round.o)
                0x0000227e                __fp_round
 .text.avr-libc.fplib
                0x000022a0       0x44 c:/program files (x86)/atmel/studio/7.0/toolchain/avr8/avr8-gnu-toolchain/bin/../lib/gcc/avr/5.4.0/../../../../avr/lib/avr5\libm.a(fp_split3.o)
                0x000022a0                __fp_split3
                0x000022b0                __fp_splitA
 .text.avr-libc.fplib
                0x000022e4        0xe c:/program files (x86)/atmel/studio/7.0/toolchain/avr8/avr8-gnu-toolchain/bin/../lib/gcc/avr/5.4.0/../../../../avr/lib/avr5\libm.a(fp_zero.o)
                0x000022e4                __fp_zero
                0x000022e6                __fp_szero
 .text.avr-libc.fplib
                0x000022f2        0xa c:/program files (x86)/atmel/studio/7.0/toolchain/avr8/avr8-gnu-toolchain/bin/../lib/gcc/avr/5.4.0/../../../../avr/lib/avr5\libm.a(gesf2.o)
                0x000022f2                __gesf2
                0x000022f2                __gtsf2
 .text.avr-libc.fplib
                0x000022fc        0x8 c:/program files (x86)/atmel/studio/7.0/toolchain/avr8/avr8-gnu-toolchain/bin/../lib/gcc/avr/5.4.0/../../../../avr/lib/avr5\libm.a(mulsf3.o)
                0x000022fc                __mulsf3
 .text.avr-libc.fplib
                0x00002304       0xd2 c:/program files (x86)/atmel/studio/7.0/toolchain/avr8/avr8-gnu-toolchain/bin/../lib/gcc/avr/5.4.0/../../../../avr/lib/avr5\libm.a(mulsf3x.o)
                0x00002322                __mulsf3x
                0x00002328                __mulsf3_pse
 .text.__cxa_pure_virtual
                0x000023d6        0x4 C:\Users\cyril\DOCUME~1\ATMELS~1\7.0\EBS_PR~1\00_TES~1\01_HEL~1\ARDUIN~1\Debug\libArduinoCore.a(abi.o)
                0x000023d6                __cxa_pure_virtual
 .text.initVariant
                0x000023da        0x2 C:\Users\cyril\DOCUME~1\ATMELS~1\7.0\EBS_PR~1\00_TES~1\01_HEL~1\ARDUIN~1\Debug\libArduinoCore.a(main.o)
                0x000023da                initVariant
 .text.startup.main
                0x000023dc       0x26 C:\Users\cyril\DOCUME~1\ATMELS~1\7.0\EBS_PR~1\00_TES~1\01_HEL~1\ARDUIN~1\Debug\libArduinoCore.a(main.o)
                0x000023dc                main
 .text._ZN5Print5writeEPKhj
                0x00002402       0x54 C:\Users\cyril\DOCUME~1\ATMELS~1\7.0\EBS_PR~1\00_TES~1\01_HEL~1\ARDUIN~1\Debug\libArduinoCore.a(Print.o)
                0x00002402                _ZN5Print5writeEPKhj
 .text._ZN5Print5writeEPKc
                0x00002456       0x2a C:\Users\cyril\DOCUME~1\ATMELS~1\7.0\EBS_PR~1\00_TES~1\01_HEL~1\ARDUIN~1\Debug\libArduinoCore.a(Print.o)
                0x00002456                _ZN5Print5writeEPKc
 .text._ZN5Print5printEc
                0x00002480        0xe C:\Users\cyril\DOCUME~1\ATMELS~1\7.0\EBS_PR~1\00_TES~1\01_HEL~1\ARDUIN~1\Debug\libArduinoCore.a(Print.o)
                0x00002480                _ZN5Print5printEc
 .text._ZN5Print11printNumberEmh
                0x0000248e       0x92 C:\Users\cyril\DOCUME~1\ATMELS~1\7.0\EBS_PR~1\00_TES~1\01_HEL~1\ARDUIN~1\Debug\libArduinoCore.a(Print.o)
                0x0000248e                _ZN5Print11printNumberEmh
 .text._ZN5Print5printEmi
                0x00002520       0x1a C:\Users\cyril\DOCUME~1\ATMELS~1\7.0\EBS_PR~1\00_TES~1\01_HEL~1\ARDUIN~1\Debug\libArduinoCore.a(Print.o)
                0x00002520                _ZN5Print5printEmi
 .text._ZN5Print5printEji
                0x0000253a        0xc C:\Users\cyril\DOCUME~1\ATMELS~1\7.0\EBS_PR~1\00_TES~1\01_HEL~1\ARDUIN~1\Debug\libArduinoCore.a(Print.o)
                0x0000253a                _ZN5Print5printEji
 .text._ZN5Print10printFloatEdh
                0x00002546      0x1b6 C:\Users\cyril\DOCUME~1\ATMELS~1\7.0\EBS_PR~1\00_TES~1\01_HEL~1\ARDUIN~1\Debug\libArduinoCore.a(Print.o)
                0x00002546                _ZN5Print10printFloatEdh
 .text._ZN5Print5printEdi
                0x000026fc        0x4 C:\Users\cyril\DOCUME~1\ATMELS~1\7.0\EBS_PR~1\00_TES~1\01_HEL~1\ARDUIN~1\Debug\libArduinoCore.a(Print.o)
                0x000026fc                _ZN5Print5printEdi
 .text._ZL4RecvPVhh
                0x00002700       0x1a C:\Users\cyril\DOCUME~1\ATMELS~1\7.0\EBS_PR~1\00_TES~1\01_HEL~1\ARDUIN~1\Debug\libArduinoCore.a(USBCore.o)
 .text._ZL11SendControlh
                0x0000271a       0x5c C:\Users\cyril\DOCUME~1\ATMELS~1\7.0\EBS_PR~1\00_TES~1\01_HEL~1\ARDUIN~1\Debug\libArduinoCore.a(USBCore.o)
 .text._ZL24USB_SendStringDescriptorPKhhh
                0x00002776       0x6a C:\Users\cyril\DOCUME~1\ATMELS~1\7.0\EBS_PR~1\00_TES~1\01_HEL~1\ARDUIN~1\Debug\libArduinoCore.a(USBCore.o)
 .text._ZL15USB_ClockEnablev
                0x000027e0       0x46 C:\Users\cyril\DOCUME~1\ATMELS~1\7.0\EBS_PR~1\00_TES~1\01_HEL~1\ARDUIN~1\Debug\libArduinoCore.a(USBCore.o)
 .text._ZL14SendInterfacesv
                0x00002826       0x2c C:\Users\cyril\DOCUME~1\ATMELS~1\7.0\EBS_PR~1\00_TES~1\01_HEL~1\ARDUIN~1\Debug\libArduinoCore.a(USBCore.o)
 .text._ZN6LockEPC2Eh
                0x00002852       0x10 C:\Users\cyril\DOCUME~1\ATMELS~1\7.0\EBS_PR~1\00_TES~1\01_HEL~1\ARDUIN~1\Debug\libArduinoCore.a(USBCore.o)
                0x00002852                _ZN6LockEPC2Eh
                0x00002852                _ZN6LockEPC1Eh
 .text._Z13USB_Availableh
                0x00002862       0x24 C:\Users\cyril\DOCUME~1\ATMELS~1\7.0\EBS_PR~1\00_TES~1\01_HEL~1\ARDUIN~1\Debug\libArduinoCore.a(USBCore.o)
                0x00002862                _Z13USB_Availableh
 .text._Z8USB_RecvhPvi
                0x00002886       0x86 C:\Users\cyril\DOCUME~1\ATMELS~1\7.0\EBS_PR~1\00_TES~1\01_HEL~1\ARDUIN~1\Debug\libArduinoCore.a(USBCore.o)
                0x00002886                _Z8USB_RecvhPvi
 .text._Z8USB_Recvh
                0x0000290c       0x2e C:\Users\cyril\DOCUME~1\ATMELS~1\7.0\EBS_PR~1\00_TES~1\01_HEL~1\ARDUIN~1\Debug\libArduinoCore.a(USBCore.o)
                0x0000290c                _Z8USB_Recvh
 .text._Z13USB_SendSpaceh
                0x0000293a       0x34 C:\Users\cyril\DOCUME~1\ATMELS~1\7.0\EBS_PR~1\00_TES~1\01_HEL~1\ARDUIN~1\Debug\libArduinoCore.a(USBCore.o)
                0x0000293a                _Z13USB_SendSpaceh
 .text._Z8USB_SendhPKvi
                0x0000296e      0x14a C:\Users\cyril\DOCUME~1\ATMELS~1\7.0\EBS_PR~1\00_TES~1\01_HEL~1\ARDUIN~1\Debug\libArduinoCore.a(USBCore.o)
                0x0000296e                _Z8USB_SendhPKvi
 .text._Z11InitControli
                0x00002ab8       0x16 C:\Users\cyril\DOCUME~1\ATMELS~1\7.0\EBS_PR~1\00_TES~1\01_HEL~1\ARDUIN~1\Debug\libArduinoCore.a(USBCore.o)
                0x00002ab8                _Z11InitControli
 .text._Z15USB_SendControlhPKvi
                0x00002ace       0x4e C:\Users\cyril\DOCUME~1\ATMELS~1\7.0\EBS_PR~1\00_TES~1\01_HEL~1\ARDUIN~1\Debug\libArduinoCore.a(USBCore.o)
                0x00002ace                _Z15USB_SendControlhPKvi
 .text._Z15USB_RecvControlPvi
                0x00002b1c       0x66 C:\Users\cyril\DOCUME~1\ATMELS~1\7.0\EBS_PR~1\00_TES~1\01_HEL~1\ARDUIN~1\Debug\libArduinoCore.a(USBCore.o)
                0x00002b1c                _Z15USB_RecvControlPvi
 .text.__vector_11
                0x00002b82      0x2b4 C:\Users\cyril\DOCUME~1\ATMELS~1\7.0\EBS_PR~1\00_TES~1\01_HEL~1\ARDUIN~1\Debug\libArduinoCore.a(USBCore.o)
                0x00002b82                __vector_11
 .text._Z9USB_Flushh
                0x00002e36       0x14 C:\Users\cyril\DOCUME~1\ATMELS~1\7.0\EBS_PR~1\00_TES~1\01_HEL~1\ARDUIN~1\Debug\libArduinoCore.a(USBCore.o)
                0x00002e36                _Z9USB_Flushh
 .text.__vector_10
                0x00002e4a      0x102 C:\Users\cyril\DOCUME~1\ATMELS~1\7.0\EBS_PR~1\00_TES~1\01_HEL~1\ARDUIN~1\Debug\libArduinoCore.a(USBCore.o)
                0x00002e4a                __vector_10
 .text._ZN10USBDevice_6attachEv
                0x00002f4c       0x26 C:\Users\cyril\DOCUME~1\ATMELS~1\7.0\EBS_PR~1\00_TES~1\01_HEL~1\ARDUIN~1\Debug\libArduinoCore.a(USBCore.o)
                0x00002f4c                _ZN10USBDevice_6attachEv
 .text.nothing  0x00002f72        0x2 C:\Users\cyril\DOCUME~1\ATMELS~1\7.0\EBS_PR~1\00_TES~1\01_HEL~1\ARDUIN~1\Debug\libArduinoCore.a(WInterrupts.o)
 .text.attachInterrupt
                0x00002f74       0xa0 C:\Users\cyril\DOCUME~1\ATMELS~1\7.0\EBS_PR~1\00_TES~1\01_HEL~1\ARDUIN~1\Debug\libArduinoCore.a(WInterrupts.o)
                0x00002f74                attachInterrupt
 .text.__vector_1
                0x00003014       0x4e C:\Users\cyril\DOCUME~1\ATMELS~1\7.0\EBS_PR~1\00_TES~1\01_HEL~1\ARDUIN~1\Debug\libArduinoCore.a(WInterrupts.o)
                0x00003014                __vector_1
 .text.__vector_2
                0x00003062       0x4e C:\Users\cyril\DOCUME~1\ATMELS~1\7.0\EBS_PR~1\00_TES~1\01_HEL~1\ARDUIN~1\Debug\libArduinoCore.a(WInterrupts.o)
                0x00003062                __vector_2
 .text.__vector_3
                0x000030b0       0x4e C:\Users\cyril\DOCUME~1\ATMELS~1\7.0\EBS_PR~1\00_TES~1\01_HEL~1\ARDUIN~1\Debug\libArduinoCore.a(WInterrupts.o)
                0x000030b0                __vector_3
 .text.__vector_4
                0x000030fe       0x4e C:\Users\cyril\DOCUME~1\ATMELS~1\7.0\EBS_PR~1\00_TES~1\01_HEL~1\ARDUIN~1\Debug\libArduinoCore.a(WInterrupts.o)
                0x000030fe                __vector_4
 .text.__vector_7
                0x0000314c       0x4e C:\Users\cyril\DOCUME~1\ATMELS~1\7.0\EBS_PR~1\00_TES~1\01_HEL~1\ARDUIN~1\Debug\libArduinoCore.a(WInterrupts.o)
                0x0000314c                __vector_7
 .text.__vector_23
                0x0000319a       0x94 C:\Users\cyril\DOCUME~1\ATMELS~1\7.0\EBS_PR~1\00_TES~1\01_HEL~1\ARDUIN~1\Debug\libArduinoCore.a(wiring.o)
                0x0000319a                __vector_23
 .text.millis   0x0000322e       0x18 C:\Users\cyril\DOCUME~1\ATMELS~1\7.0\EBS_PR~1\00_TES~1\01_HEL~1\ARDUIN~1\Debug\libArduinoCore.a(wiring.o)
                0x0000322e                millis
 .text.micros   0x00003246       0x4a C:\Users\cyril\DOCUME~1\ATMELS~1\7.0\EBS_PR~1\00_TES~1\01_HEL~1\ARDUIN~1\Debug\libArduinoCore.a(wiring.o)
                0x00003246                micros
 .text.delay    0x00003290       0x78 C:\Users\cyril\DOCUME~1\ATMELS~1\7.0\EBS_PR~1\00_TES~1\01_HEL~1\ARDUIN~1\Debug\libArduinoCore.a(wiring.o)
                0x00003290                delay
 .text.init     0x00003308       0xac C:\Users\cyril\DOCUME~1\ATMELS~1\7.0\EBS_PR~1\00_TES~1\01_HEL~1\ARDUIN~1\Debug\libArduinoCore.a(wiring.o)
                0x00003308                init
 .text.analogWrite
                0x000033b4      0x130 C:\Users\cyril\DOCUME~1\ATMELS~1\7.0\EBS_PR~1\00_TES~1\01_HEL~1\ARDUIN~1\Debug\libArduinoCore.a(wiring_analog.o)
                0x000033b4                analogWrite
 .text.turnOffPWM
                0x000034e4       0x7a C:\Users\cyril\DOCUME~1\ATMELS~1\7.0\EBS_PR~1\00_TES~1\01_HEL~1\ARDUIN~1\Debug\libArduinoCore.a(wiring_digital.o)
 .text.pinMode  0x0000355e       0x78 C:\Users\cyril\DOCUME~1\ATMELS~1\7.0\EBS_PR~1\00_TES~1\01_HEL~1\ARDUIN~1\Debug\libArduinoCore.a(wiring_digital.o)
                0x0000355e                pinMode
 .text.digitalWrite
                0x000035d6       0x5e C:\Users\cyril\DOCUME~1\ATMELS~1\7.0\EBS_PR~1\00_TES~1\01_HEL~1\ARDUIN~1\Debug\libArduinoCore.a(wiring_digital.o)
                0x000035d6                digitalWrite
 .text._ZN7Serial_5writeEh
                0x00003634       0x2c C:\Users\cyril\DOCUME~1\ATMELS~1\7.0\EBS_PR~1\00_TES~1\01_HEL~1\ARDUIN~1\Debug\libArduinoCore.a(CDC.o)
                0x00003634                _ZN7Serial_5writeEh
 .text._ZN7Serial_4peekEv
                0x00003660       0x22 C:\Users\cyril\DOCUME~1\ATMELS~1\7.0\EBS_PR~1\00_TES~1\01_HEL~1\ARDUIN~1\Debug\libArduinoCore.a(CDC.o)
                0x00003660                _ZN7Serial_4peekEv
 .text._ZN7Serial_17availableForWriteEv
                0x00003682        0xa C:\Users\cyril\DOCUME~1\ATMELS~1\7.0\EBS_PR~1\00_TES~1\01_HEL~1\ARDUIN~1\Debug\libArduinoCore.a(CDC.o)
                0x00003682                _ZN7Serial_17availableForWriteEv
 .text._ZN7Serial_5flushEv
                0x0000368c        0x6 C:\Users\cyril\DOCUME~1\ATMELS~1\7.0\EBS_PR~1\00_TES~1\01_HEL~1\ARDUIN~1\Debug\libArduinoCore.a(CDC.o)
                0x0000368c                _ZN7Serial_5flushEv
 .text._ZN7Serial_9availableEv
                0x00003692       0x20 C:\Users\cyril\DOCUME~1\ATMELS~1\7.0\EBS_PR~1\00_TES~1\01_HEL~1\ARDUIN~1\Debug\libArduinoCore.a(CDC.o)
                0x00003692                _ZN7Serial_9availableEv
 .text._ZN7Serial_4readEv
                0x000036b2       0x1a C:\Users\cyril\DOCUME~1\ATMELS~1\7.0\EBS_PR~1\00_TES~1\01_HEL~1\ARDUIN~1\Debug\libArduinoCore.a(CDC.o)
                0x000036b2                _ZN7Serial_4readEv
 .text._ZN7Serial_5writeEPKhj
                0x000036cc       0x2c C:\Users\cyril\DOCUME~1\ATMELS~1\7.0\EBS_PR~1\00_TES~1\01_HEL~1\ARDUIN~1\Debug\libArduinoCore.a(CDC.o)
                0x000036cc                _ZN7Serial_5writeEPKhj
 .text._Z16isLUFAbootloaderv
                0x000036f8       0x14 C:\Users\cyril\DOCUME~1\ATMELS~1\7.0\EBS_PR~1\00_TES~1\01_HEL~1\ARDUIN~1\Debug\libArduinoCore.a(CDC.o)
                0x000036f8                _Z16isLUFAbootloaderv
 .text._Z16CDC_GetInterfacePh
                0x0000370c       0x16 C:\Users\cyril\DOCUME~1\ATMELS~1\7.0\EBS_PR~1\00_TES~1\01_HEL~1\ARDUIN~1\Debug\libArduinoCore.a(CDC.o)
                0x0000370c                _Z16CDC_GetInterfacePh
 .text._Z9CDC_SetupR8USBSetup
                0x00003722      0x11c C:\Users\cyril\DOCUME~1\ATMELS~1\7.0\EBS_PR~1\00_TES~1\01_HEL~1\ARDUIN~1\Debug\libArduinoCore.a(CDC.o)
                0x00003722                _Z9CDC_SetupR8USBSetup
 .text.startup._GLOBAL__sub_I__cdcInterface
                0x0000383e       0x2a C:\Users\cyril\DOCUME~1\ATMELS~1\7.0\EBS_PR~1\00_TES~1\01_HEL~1\ARDUIN~1\Debug\libArduinoCore.a(CDC.o)
 .text.__empty  0x00003868        0x2 C:\Users\cyril\DOCUME~1\ATMELS~1\7.0\EBS_PR~1\00_TES~1\01_HEL~1\ARDUIN~1\Debug\libArduinoCore.a(hooks.o)
                0x00003868                yield
 .text._ZN13PluggableUSB_12getInterfaceEPh
                0x0000386a       0x52 C:\Users\cyril\DOCUME~1\ATMELS~1\7.0\EBS_PR~1\00_TES~1\01_HEL~1\ARDUIN~1\Debug\libArduinoCore.a(PluggableUSB.o)
                0x0000386a                _ZN13PluggableUSB_12getInterfaceEPh
 .text._ZN13PluggableUSB_13getDescriptorER8USBSetup
                0x000038bc       0x3e C:\Users\cyril\DOCUME~1\ATMELS~1\7.0\EBS_PR~1\00_TES~1\01_HEL~1\ARDUIN~1\Debug\libArduinoCore.a(PluggableUSB.o)
                0x000038bc                _ZN13PluggableUSB_13getDescriptorER8USBSetup
 .text._ZN13PluggableUSB_12getShortNameEPc
                0x000038fa       0x3e C:\Users\cyril\DOCUME~1\ATMELS~1\7.0\EBS_PR~1\00_TES~1\01_HEL~1\ARDUIN~1\Debug\libArduinoCore.a(PluggableUSB.o)
                0x000038fa                _ZN13PluggableUSB_12getShortNameEPc
 .text._ZN13PluggableUSB_5setupER8USBSetup
                0x00003938       0x3c C:\Users\cyril\DOCUME~1\ATMELS~1\7.0\EBS_PR~1\00_TES~1\01_HEL~1\ARDUIN~1\Debug\libArduinoCore.a(PluggableUSB.o)
                0x00003938                _ZN13PluggableUSB_5setupER8USBSetup
 .text._Z12PluggableUSBv
                0x00003974       0x28 C:\Users\cyril\DOCUME~1\ATMELS~1\7.0\EBS_PR~1\00_TES~1\01_HEL~1\ARDUIN~1\Debug\libArduinoCore.a(PluggableUSB.o)
                0x00003974                _Z12PluggableUSBv
 .text.avr-libc.fplib
                0x0000399c        0xa c:/program files (x86)/atmel/studio/7.0/toolchain/avr8/avr8-gnu-toolchain/bin/../lib/gcc/avr/5.4.0/../../../../avr/lib/avr5\libm.a(unordsf2.o)
                0x0000399c                __unordsf2
 .text.libgcc.div
                0x000039a6       0x44 c:/program files (x86)/atmel/studio/7.0/toolchain/avr8/avr8-gnu-toolchain/bin/../lib/gcc/avr/5.4.0/avr5\libgcc.a(_udivmodsi4.o)
                0x000039a6                __udivmodsi4
 .text.libgcc   0x000039ea        0xc c:/program files (x86)/atmel/studio/7.0/toolchain/avr8/avr8-gnu-toolchain/bin/../lib/gcc/avr/5.4.0/avr5\libgcc.a(_tablejump2.o)
                0x000039ea                __tablejump2__
 .text.avr-libc
                0x000039f6        0xa c:/program files (x86)/atmel/studio/7.0/toolchain/avr8/avr8-gnu-toolchain/bin/../lib/gcc/avr/5.4.0/../../../../avr/lib/avr5\libc.a(abort.o)
                0x000039f6                abort
                0x00003a00                . = ALIGN (0x2)
 *(.fini9)
 .fini9         0x00003a00        0x0 c:/program files (x86)/atmel/studio/7.0/toolchain/avr8/avr8-gnu-toolchain/bin/../lib/gcc/avr/5.4.0/avr5\libgcc.a(_exit.o)
                0x00003a00                _exit
                0x00003a00                exit
 *(.fini9)
 *(.fini8)
 *(.fini8)
 *(.fini7)
 *(.fini7)
 *(.fini6)
 *(.fini6)
 *(.fini5)
 *(.fini5)
 *(.fini4)
 *(.fini4)
 *(.fini3)
 *(.fini3)
 *(.fini2)
 *(.fini2)
 *(.fini1)
 *(.fini1)
 *(.fini0)
 .fini0         0x00003a00        0x4 c:/program files (x86)/atmel/studio/7.0/toolchain/avr8/avr8-gnu-toolchain/bin/../lib/gcc/avr/5.4.0/avr5\libgcc.a(_exit.o)
 *(.fini0)
                0x00003a04                _etext = .

.data           0x00800100       0x8a load address 0x00003a04
                0x00800100                PROVIDE (__data_start, .)
 *(.data)
 *(.data*)
 .data.interval
                0x00800100        0x2 Sketch.o
                0x00800100                interval
 .data.Ki       0x00800102        0x4 Sketch.o
                0x00800102                Ki
 .data.Kp       0x00800106        0x4 Sketch.o
                0x00800106                Kp
 .data.M_left   0x0080010a        0x2 Sketch.o
                0x0080010a                M_left
 .data.E_left   0x0080010c        0x2 Sketch.o
                0x0080010c                E_left
 .data._initEndpoints
                0x0080010e        0x7 C:\Users\cyril\DOCUME~1\ATMELS~1\7.0\EBS_PR~1\00_TES~1\01_HEL~1\ARDUIN~1\Debug\libArduinoCore.a(USBCore.o)
                0x0080010e                _initEndpoints
 .data.intFunc  0x00800115        0xa C:\Users\cyril\DOCUME~1\ATMELS~1\7.0\EBS_PR~1\00_TES~1\01_HEL~1\ARDUIN~1\Debug\libArduinoCore.a(WInterrupts.o)
 .data._ZL10breakValue
                0x0080011f        0x4 C:\Users\cyril\DOCUME~1\ATMELS~1\7.0\EBS_PR~1\00_TES~1\01_HEL~1\ARDUIN~1\Debug\libArduinoCore.a(CDC.o)
 .data._ZL12_usbLineInfo
                0x00800123        0x8 C:\Users\cyril\DOCUME~1\ATMELS~1\7.0\EBS_PR~1\00_TES~1\01_HEL~1\ARDUIN~1\Debug\libArduinoCore.a(CDC.o)
 *(.gnu.linkonce.d*)
 *(.rodata)
 *(.rodata*)
 .rodata._ZTV14hd44780_I2Cexp
                0x0080012b       0x16 Sketch.o
                0x0080012b                _ZTV14hd44780_I2Cexp
 .rodata._ZTV7hd44780
                0x00800141       0x16 src/libraries/hd44780/hd44780.o
                0x00800141                _ZTV7hd44780
 .rodata._ZTV7TwoWire
                0x00800157       0x12 src/libraries/Wire/src/Wire.o
                0x00800157                _ZTV7TwoWire
 .rodata.str1.1
                0x00800169        0xf C:\Users\cyril\DOCUME~1\ATMELS~1\7.0\EBS_PR~1\00_TES~1\01_HEL~1\ARDUIN~1\Debug\libArduinoCore.a(Print.o)
 .rodata._ZTV7Serial_
                0x00800178       0x12 C:\Users\cyril\DOCUME~1\ATMELS~1\7.0\EBS_PR~1\00_TES~1\01_HEL~1\ARDUIN~1\Debug\libArduinoCore.a(CDC.o)
                0x00800178                _ZTV7Serial_
 *(.gnu.linkonce.r*)
                0x0080018a                . = ALIGN (0x2)
                0x0080018a                _edata = .
                0x0080018a                PROVIDE (__data_end, .)

.bss            0x0080018a      0x1bb
                0x0080018a                PROVIDE (__bss_start, .)
 *(.bss)
 *(.bss*)
 .bss.lcd       0x0080018a       0x2c Sketch.o
                0x0080018a                lcd
 .bss.currentMillis
                0x008001b6        0x4 Sketch.o
                0x008001b6                currentMillis
 .bss.previousMillis
                0x008001ba        0x4 Sketch.o
                0x008001ba                previousMillis
 .bss.myPID     0x008001be       0x3c Sketch.o
                0x008001be                myPID
 .bss.Kd        0x008001fa        0x4 Sketch.o
                0x008001fa                Kd
 .bss.Setpoint  0x008001fe        0x4 Sketch.o
                0x008001fe                Setpoint
 .bss.val_output
                0x00800202        0x4 Sketch.o
                0x00800202                val_output
 .bss.result    0x00800206        0x1 Sketch.o
                0x00800206                result
 .bss.Direction
                0x00800207        0x1 Sketch.o
                0x00800207                Direction
 .bss.abs_duration
                0x00800208        0x4 Sketch.o
                0x00800208                abs_duration
 .bss.duration  0x0080020c        0x4 Sketch.o
                0x0080020c                duration
 .bss._ZZN14hd44780_I2Cexp6ioinitEvE8AutoInst
                0x00800210        0x1 Sketch.o
                0x00800210                _ZZN14hd44780_I2Cexp6ioinitEvE8AutoInst
 .bss.twi_error
                0x00800211        0x1 src/libraries/Wire/src/utility/twi.o
 .bss.twi_rxBufferIndex
                0x00800212        0x1 src/libraries/Wire/src/utility/twi.o
 .bss.twi_rxBuffer
                0x00800213       0x20 src/libraries/Wire/src/utility/twi.o
 .bss.twi_txBufferLength
                0x00800233        0x1 src/libraries/Wire/src/utility/twi.o
 .bss.twi_txBufferIndex
                0x00800234        0x1 src/libraries/Wire/src/utility/twi.o
 .bss.twi_txBuffer
                0x00800235       0x20 src/libraries/Wire/src/utility/twi.o
 .bss.twi_masterBufferLength
                0x00800255        0x1 src/libraries/Wire/src/utility/twi.o
 .bss.twi_masterBufferIndex
                0x00800256        0x1 src/libraries/Wire/src/utility/twi.o
 .bss.twi_masterBuffer
                0x00800257       0x20 src/libraries/Wire/src/utility/twi.o
 .bss.twi_onSlaveReceive
                0x00800277        0x2 src/libraries/Wire/src/utility/twi.o
 .bss.twi_onSlaveTransmit
                0x00800279        0x2 src/libraries/Wire/src/utility/twi.o
 .bss.twi_inRepStart
                0x0080027b        0x1 src/libraries/Wire/src/utility/twi.o
 .bss.twi_sendStop
                0x0080027c        0x1 src/libraries/Wire/src/utility/twi.o
 .bss.twi_slarw
                0x0080027d        0x1 src/libraries/Wire/src/utility/twi.o
 .bss.twi_state
                0x0080027e        0x1 src/libraries/Wire/src/utility/twi.o
 .bss.Wire      0x0080027f        0xc src/libraries/Wire/src/Wire.o
                0x0080027f                Wire
 .bss._ZN7TwoWire14user_onReceiveE
                0x0080028b        0x2 src/libraries/Wire/src/Wire.o
                0x0080028b                _ZN7TwoWire14user_onReceiveE
 .bss._ZN7TwoWire14user_onRequestE
                0x0080028d        0x2 src/libraries/Wire/src/Wire.o
                0x0080028d                _ZN7TwoWire14user_onRequestE
 .bss._ZN7TwoWire12transmittingE
                0x0080028f        0x1 src/libraries/Wire/src/Wire.o
                0x0080028f                _ZN7TwoWire12transmittingE
 .bss._ZN7TwoWire14txBufferLengthE
                0x00800290        0x1 src/libraries/Wire/src/Wire.o
                0x00800290                _ZN7TwoWire14txBufferLengthE
 .bss._ZN7TwoWire13txBufferIndexE
                0x00800291        0x1 src/libraries/Wire/src/Wire.o
                0x00800291                _ZN7TwoWire13txBufferIndexE
 .bss._ZN7TwoWire8txBufferE
                0x00800292       0x20 src/libraries/Wire/src/Wire.o
                0x00800292                _ZN7TwoWire8txBufferE
 .bss._ZN7TwoWire9txAddressE
                0x008002b2        0x1 src/libraries/Wire/src/Wire.o
                0x008002b2                _ZN7TwoWire9txAddressE
 .bss._ZN7TwoWire14rxBufferLengthE
                0x008002b3        0x1 src/libraries/Wire/src/Wire.o
                0x008002b3                _ZN7TwoWire14rxBufferLengthE
 .bss._ZN7TwoWire13rxBufferIndexE
                0x008002b4        0x1 src/libraries/Wire/src/Wire.o
                0x008002b4                _ZN7TwoWire13rxBufferIndexE
 .bss._ZN7TwoWire8rxBufferE
                0x008002b5       0x20 src/libraries/Wire/src/Wire.o
                0x008002b5                _ZN7TwoWire8rxBufferE
 .bss.USBDevice
                0x008002d5        0x1 C:\Users\cyril\DOCUME~1\ATMELS~1\7.0\EBS_PR~1\00_TES~1\01_HEL~1\ARDUIN~1\Debug\libArduinoCore.a(USBCore.o)
                0x008002d5                USBDevice
 .bss._ZL5_cend
                0x008002d6        0x2 C:\Users\cyril\DOCUME~1\ATMELS~1\7.0\EBS_PR~1\00_TES~1\01_HEL~1\ARDUIN~1\Debug\libArduinoCore.a(USBCore.o)
 .bss._ZL6_cmark
                0x008002d8        0x2 C:\Users\cyril\DOCUME~1\ATMELS~1\7.0\EBS_PR~1\00_TES~1\01_HEL~1\ARDUIN~1\Debug\libArduinoCore.a(USBCore.o)
 .bss._usbSuspendState
                0x008002da        0x1 C:\Users\cyril\DOCUME~1\ATMELS~1\7.0\EBS_PR~1\00_TES~1\01_HEL~1\ARDUIN~1\Debug\libArduinoCore.a(USBCore.o)
                0x008002da                _usbSuspendState
 .bss._usbCurrentStatus
                0x008002db        0x1 C:\Users\cyril\DOCUME~1\ATMELS~1\7.0\EBS_PR~1\00_TES~1\01_HEL~1\ARDUIN~1\Debug\libArduinoCore.a(USBCore.o)
                0x008002db                _usbCurrentStatus
 .bss._usbConfiguration
                0x008002dc        0x1 C:\Users\cyril\DOCUME~1\ATMELS~1\7.0\EBS_PR~1\00_TES~1\01_HEL~1\ARDUIN~1\Debug\libArduinoCore.a(USBCore.o)
                0x008002dc                _usbConfiguration
 .bss.RxLEDPulse
                0x008002dd        0x1 C:\Users\cyril\DOCUME~1\ATMELS~1\7.0\EBS_PR~1\00_TES~1\01_HEL~1\ARDUIN~1\Debug\libArduinoCore.a(USBCore.o)
                0x008002dd                RxLEDPulse
 .bss.TxLEDPulse
                0x008002de        0x1 C:\Users\cyril\DOCUME~1\ATMELS~1\7.0\EBS_PR~1\00_TES~1\01_HEL~1\ARDUIN~1\Debug\libArduinoCore.a(USBCore.o)
                0x008002de                TxLEDPulse
 .bss.timer0_fract
                0x008002df        0x1 C:\Users\cyril\DOCUME~1\ATMELS~1\7.0\EBS_PR~1\00_TES~1\01_HEL~1\ARDUIN~1\Debug\libArduinoCore.a(wiring.o)
 .bss.timer0_millis
                0x008002e0        0x4 C:\Users\cyril\DOCUME~1\ATMELS~1\7.0\EBS_PR~1\00_TES~1\01_HEL~1\ARDUIN~1\Debug\libArduinoCore.a(wiring.o)
                0x008002e0                timer0_millis
 .bss.timer0_overflow_count
                0x008002e4        0x4 C:\Users\cyril\DOCUME~1\ATMELS~1\7.0\EBS_PR~1\00_TES~1\01_HEL~1\ARDUIN~1\Debug\libArduinoCore.a(wiring.o)
                0x008002e4                timer0_overflow_count
 .bss.Serial    0x008002e8       0x50 C:\Users\cyril\DOCUME~1\ATMELS~1\7.0\EBS_PR~1\00_TES~1\01_HEL~1\ARDUIN~1\Debug\libArduinoCore.a(CDC.o)
                0x008002e8                Serial
 .bss._ZL11wdtcsr_save
                0x00800338        0x1 C:\Users\cyril\DOCUME~1\ATMELS~1\7.0\EBS_PR~1\00_TES~1\01_HEL~1\ARDUIN~1\Debug\libArduinoCore.a(CDC.o)
 .bss._ZZ12PluggableUSBvE3obj
                0x00800339        0x4 C:\Users\cyril\DOCUME~1\ATMELS~1\7.0\EBS_PR~1\00_TES~1\01_HEL~1\ARDUIN~1\Debug\libArduinoCore.a(PluggableUSB.o)
 .bss._ZGVZ12PluggableUSBvE3obj
                0x0080033d        0x8 C:\Users\cyril\DOCUME~1\ATMELS~1\7.0\EBS_PR~1\00_TES~1\01_HEL~1\ARDUIN~1\Debug\libArduinoCore.a(PluggableUSB.o)
 *(COMMON)
                0x00800345                PROVIDE (__bss_end, .)
                0x00003a04                __data_load_start = LOADADDR (.data)
                0x00003a8e                __data_load_end = (__data_load_start + SIZEOF (.data))

.noinit         0x00800345        0x0
                [!provide]                PROVIDE (__noinit_start, .)
 *(.noinit*)
                [!provide]                PROVIDE (__noinit_end, .)
                0x00800345                _end = .
                [!provide]                PROVIDE (__heap_start, .)

.eeprom         0x00810000        0x0
 *(.eeprom*)
                0x00810000                __eeprom_end = .

.fuse
 *(.fuse)
 *(.lfuse)
 *(.hfuse)
 *(.efuse)

.lock
 *(.lock*)

.signature
 *(.signature*)

.user_signatures
 *(.user_signatures*)

.stab
 *(.stab)

.stabstr
 *(.stabstr)

.stab.excl
 *(.stab.excl)

.stab.exclstr
 *(.stab.exclstr)

.stab.index
 *(.stab.index)

.stab.indexstr
 *(.stab.indexstr)

.comment        0x00000000       0x30
 *(.comment)
 .comment       0x00000000       0x30 Sketch.o
                                 0x31 (size before relaxing)
 .comment       0x00000030       0x31 src/libraries/Arduino-PID-Library-master/PID_v1.o
 .comment       0x00000030       0x31 src/libraries/hd44780/hd44780.o
 .comment       0x00000030       0x31 src/libraries/Wire/src/utility/twi.o
 .comment       0x00000030       0x31 src/libraries/Wire/src/Wire.o
 .comment       0x00000030       0x31 C:\Users\cyril\DOCUME~1\ATMELS~1\7.0\EBS_PR~1\00_TES~1\01_HEL~1\ARDUIN~1\Debug\libArduinoCore.a(abi.o)
 .comment       0x00000030       0x31 C:\Users\cyril\DOCUME~1\ATMELS~1\7.0\EBS_PR~1\00_TES~1\01_HEL~1\ARDUIN~1\Debug\libArduinoCore.a(main.o)
 .comment       0x00000030       0x31 C:\Users\cyril\DOCUME~1\ATMELS~1\7.0\EBS_PR~1\00_TES~1\01_HEL~1\ARDUIN~1\Debug\libArduinoCore.a(Print.o)
 .comment       0x00000030       0x31 C:\Users\cyril\DOCUME~1\ATMELS~1\7.0\EBS_PR~1\00_TES~1\01_HEL~1\ARDUIN~1\Debug\libArduinoCore.a(USBCore.o)
 .comment       0x00000030       0x31 C:\Users\cyril\DOCUME~1\ATMELS~1\7.0\EBS_PR~1\00_TES~1\01_HEL~1\ARDUIN~1\Debug\libArduinoCore.a(WInterrupts.o)
 .comment       0x00000030       0x31 C:\Users\cyril\DOCUME~1\ATMELS~1\7.0\EBS_PR~1\00_TES~1\01_HEL~1\ARDUIN~1\Debug\libArduinoCore.a(wiring.o)
 .comment       0x00000030       0x31 C:\Users\cyril\DOCUME~1\ATMELS~1\7.0\EBS_PR~1\00_TES~1\01_HEL~1\ARDUIN~1\Debug\libArduinoCore.a(wiring_analog.o)
 .comment       0x00000030       0x31 C:\Users\cyril\DOCUME~1\ATMELS~1\7.0\EBS_PR~1\00_TES~1\01_HEL~1\ARDUIN~1\Debug\libArduinoCore.a(wiring_digital.o)
 .comment       0x00000030       0x31 C:\Users\cyril\DOCUME~1\ATMELS~1\7.0\EBS_PR~1\00_TES~1\01_HEL~1\ARDUIN~1\Debug\libArduinoCore.a(CDC.o)
 .comment       0x00000030       0x31 C:\Users\cyril\DOCUME~1\ATMELS~1\7.0\EBS_PR~1\00_TES~1\01_HEL~1\ARDUIN~1\Debug\libArduinoCore.a(hooks.o)
 .comment       0x00000030       0x31 C:\Users\cyril\DOCUME~1\ATMELS~1\7.0\EBS_PR~1\00_TES~1\01_HEL~1\ARDUIN~1\Debug\libArduinoCore.a(PluggableUSB.o)

.note.gnu.avr.deviceinfo
                0x00000000       0x40
 .note.gnu.avr.deviceinfo
                0x00000000       0x40 C:/Program Files (x86)/Atmel/Studio/7.0/Packs/atmel/ATmega_DFP/1.2.209/gcc/dev/atmega32u4/avr5/crtatmega32u4.o

.note.gnu.build-id
 *(.note.gnu.build-id)

.debug
 *(.debug)

.line
 *(.line)

.debug_srcinfo
 *(.debug_srcinfo)

.debug_sfnames
 *(.debug_sfnames)

.debug_aranges  0x00000000      0x898
 *(.debug_aranges)
 .debug_aranges
                0x00000000       0xa8 Sketch.o
 .debug_aranges
                0x000000a8       0x90 src/libraries/Arduino-PID-Library-master/PID_v1.o
 .debug_aranges
                0x00000138      0x168 src/libraries/hd44780/hd44780.o
 .debug_aranges
                0x000002a0       0x80 src/libraries/Wire/src/utility/twi.o
 .debug_aranges
                0x00000320       0xf8 src/libraries/Wire/src/Wire.o
 .debug_aranges
                0x00000418       0x20 C:\Users\cyril\DOCUME~1\ATMELS~1\7.0\EBS_PR~1\00_TES~1\01_HEL~1\ARDUIN~1\Debug\libArduinoCore.a(abi.o)
 .debug_aranges
                0x00000438       0x30 C:\Users\cyril\DOCUME~1\ATMELS~1\7.0\EBS_PR~1\00_TES~1\01_HEL~1\ARDUIN~1\Debug\libArduinoCore.a(main.o)
 .debug_aranges
                0x00000468      0x100 C:\Users\cyril\DOCUME~1\ATMELS~1\7.0\EBS_PR~1\00_TES~1\01_HEL~1\ARDUIN~1\Debug\libArduinoCore.a(Print.o)
 .debug_aranges
                0x00000568       0xe0 C:\Users\cyril\DOCUME~1\ATMELS~1\7.0\EBS_PR~1\00_TES~1\01_HEL~1\ARDUIN~1\Debug\libArduinoCore.a(USBCore.o)
 .debug_aranges
                0x00000648       0x58 C:\Users\cyril\DOCUME~1\ATMELS~1\7.0\EBS_PR~1\00_TES~1\01_HEL~1\ARDUIN~1\Debug\libArduinoCore.a(WInterrupts.o)
 .debug_aranges
                0x000006a0       0x48 C:\Users\cyril\DOCUME~1\ATMELS~1\7.0\EBS_PR~1\00_TES~1\01_HEL~1\ARDUIN~1\Debug\libArduinoCore.a(wiring.o)
 .debug_aranges
                0x000006e8       0x30 C:\Users\cyril\DOCUME~1\ATMELS~1\7.0\EBS_PR~1\00_TES~1\01_HEL~1\ARDUIN~1\Debug\libArduinoCore.a(wiring_analog.o)
 .debug_aranges
                0x00000718       0x38 C:\Users\cyril\DOCUME~1\ATMELS~1\7.0\EBS_PR~1\00_TES~1\01_HEL~1\ARDUIN~1\Debug\libArduinoCore.a(wiring_digital.o)
 .debug_aranges
                0x00000750       0xd8 C:\Users\cyril\DOCUME~1\ATMELS~1\7.0\EBS_PR~1\00_TES~1\01_HEL~1\ARDUIN~1\Debug\libArduinoCore.a(CDC.o)
 .debug_aranges
                0x00000828       0x20 C:\Users\cyril\DOCUME~1\ATMELS~1\7.0\EBS_PR~1\00_TES~1\01_HEL~1\ARDUIN~1\Debug\libArduinoCore.a(hooks.o)
 .debug_aranges
                0x00000848       0x50 C:\Users\cyril\DOCUME~1\ATMELS~1\7.0\EBS_PR~1\00_TES~1\01_HEL~1\ARDUIN~1\Debug\libArduinoCore.a(PluggableUSB.o)

.debug_pubnames
 *(.debug_pubnames)

.debug_info     0x00000000    0x121df
 *(.debug_info .gnu.linkonce.wi.*)
 .debug_info    0x00000000      0x9f4 C:/Program Files (x86)/Atmel/Studio/7.0/Packs/atmel/ATmega_DFP/1.2.209/gcc/dev/atmega32u4/avr5/crtatmega32u4.o
 .debug_info    0x000009f4     0x211c Sketch.o
 .debug_info    0x00002b10      0xc88 src/libraries/Arduino-PID-Library-master/PID_v1.o
 .debug_info    0x00003798     0x34d5 src/libraries/hd44780/hd44780.o
 .debug_info    0x00006c6d      0x632 src/libraries/Wire/src/utility/twi.o
 .debug_info    0x0000729f     0x27b0 src/libraries/Wire/src/Wire.o
 .debug_info    0x00009a4f       0x76 C:\Users\cyril\DOCUME~1\ATMELS~1\7.0\EBS_PR~1\00_TES~1\01_HEL~1\ARDUIN~1\Debug\libArduinoCore.a(abi.o)
 .debug_info    0x00009ac5      0x35a C:\Users\cyril\DOCUME~1\ATMELS~1\7.0\EBS_PR~1\00_TES~1\01_HEL~1\ARDUIN~1\Debug\libArduinoCore.a(main.o)
 .debug_info    0x00009e1f     0x292d C:\Users\cyril\DOCUME~1\ATMELS~1\7.0\EBS_PR~1\00_TES~1\01_HEL~1\ARDUIN~1\Debug\libArduinoCore.a(Print.o)
 .debug_info    0x0000c74c     0x1a3a C:\Users\cyril\DOCUME~1\ATMELS~1\7.0\EBS_PR~1\00_TES~1\01_HEL~1\ARDUIN~1\Debug\libArduinoCore.a(USBCore.o)
 .debug_info    0x0000e186      0x28c C:\Users\cyril\DOCUME~1\ATMELS~1\7.0\EBS_PR~1\00_TES~1\01_HEL~1\ARDUIN~1\Debug\libArduinoCore.a(WInterrupts.o)
 .debug_info    0x0000e412      0x2f9 C:\Users\cyril\DOCUME~1\ATMELS~1\7.0\EBS_PR~1\00_TES~1\01_HEL~1\ARDUIN~1\Debug\libArduinoCore.a(wiring.o)
 .debug_info    0x0000e70b      0x2d7 C:\Users\cyril\DOCUME~1\ATMELS~1\7.0\EBS_PR~1\00_TES~1\01_HEL~1\ARDUIN~1\Debug\libArduinoCore.a(wiring_analog.o)
 .debug_info    0x0000e9e2      0x633 C:\Users\cyril\DOCUME~1\ATMELS~1\7.0\EBS_PR~1\00_TES~1\01_HEL~1\ARDUIN~1\Debug\libArduinoCore.a(wiring_digital.o)
 .debug_info    0x0000f015     0x29ed C:\Users\cyril\DOCUME~1\ATMELS~1\7.0\EBS_PR~1\00_TES~1\01_HEL~1\ARDUIN~1\Debug\libArduinoCore.a(CDC.o)
 .debug_info    0x00011a02       0x3e C:\Users\cyril\DOCUME~1\ATMELS~1\7.0\EBS_PR~1\00_TES~1\01_HEL~1\ARDUIN~1\Debug\libArduinoCore.a(hooks.o)
 .debug_info    0x00011a40      0x79f C:\Users\cyril\DOCUME~1\ATMELS~1\7.0\EBS_PR~1\00_TES~1\01_HEL~1\ARDUIN~1\Debug\libArduinoCore.a(PluggableUSB.o)

.debug_abbrev   0x00000000     0x39ca
 *(.debug_abbrev)
 .debug_abbrev  0x00000000      0x96a C:/Program Files (x86)/Atmel/Studio/7.0/Packs/atmel/ATmega_DFP/1.2.209/gcc/dev/atmega32u4/avr5/crtatmega32u4.o
 .debug_abbrev  0x0000096a      0x5b5 Sketch.o
 .debug_abbrev  0x00000f1f      0x2d2 src/libraries/Arduino-PID-Library-master/PID_v1.o
 .debug_abbrev  0x000011f1      0x5a5 src/libraries/hd44780/hd44780.o
 .debug_abbrev  0x00001796      0x260 src/libraries/Wire/src/utility/twi.o
 .debug_abbrev  0x000019f6      0x581 src/libraries/Wire/src/Wire.o
 .debug_abbrev  0x00001f77       0x6d C:\Users\cyril\DOCUME~1\ATMELS~1\7.0\EBS_PR~1\00_TES~1\01_HEL~1\ARDUIN~1\Debug\libArduinoCore.a(abi.o)
 .debug_abbrev  0x00001fe4      0x19a C:\Users\cyril\DOCUME~1\ATMELS~1\7.0\EBS_PR~1\00_TES~1\01_HEL~1\ARDUIN~1\Debug\libArduinoCore.a(main.o)
 .debug_abbrev  0x0000217e      0x47a C:\Users\cyril\DOCUME~1\ATMELS~1\7.0\EBS_PR~1\00_TES~1\01_HEL~1\ARDUIN~1\Debug\libArduinoCore.a(Print.o)
 .debug_abbrev  0x000025f8      0x5e0 C:\Users\cyril\DOCUME~1\ATMELS~1\7.0\EBS_PR~1\00_TES~1\01_HEL~1\ARDUIN~1\Debug\libArduinoCore.a(USBCore.o)
 .debug_abbrev  0x00002bd8       0xed C:\Users\cyril\DOCUME~1\ATMELS~1\7.0\EBS_PR~1\00_TES~1\01_HEL~1\ARDUIN~1\Debug\libArduinoCore.a(WInterrupts.o)
 .debug_abbrev  0x00002cc5      0x146 C:\Users\cyril\DOCUME~1\ATMELS~1\7.0\EBS_PR~1\00_TES~1\01_HEL~1\ARDUIN~1\Debug\libArduinoCore.a(wiring.o)
 .debug_abbrev  0x00002e0b      0x183 C:\Users\cyril\DOCUME~1\ATMELS~1\7.0\EBS_PR~1\00_TES~1\01_HEL~1\ARDUIN~1\Debug\libArduinoCore.a(wiring_analog.o)
 .debug_abbrev  0x00002f8e      0x15a C:\Users\cyril\DOCUME~1\ATMELS~1\7.0\EBS_PR~1\00_TES~1\01_HEL~1\ARDUIN~1\Debug\libArduinoCore.a(wiring_digital.o)
 .debug_abbrev  0x000030e8      0x5f3 C:\Users\cyril\DOCUME~1\ATMELS~1\7.0\EBS_PR~1\00_TES~1\01_HEL~1\ARDUIN~1\Debug\libArduinoCore.a(CDC.o)
 .debug_abbrev  0x000036db       0x2a C:\Users\cyril\DOCUME~1\ATMELS~1\7.0\EBS_PR~1\00_TES~1\01_HEL~1\ARDUIN~1\Debug\libArduinoCore.a(hooks.o)
 .debug_abbrev  0x00003705      0x2c5 C:\Users\cyril\DOCUME~1\ATMELS~1\7.0\EBS_PR~1\00_TES~1\01_HEL~1\ARDUIN~1\Debug\libArduinoCore.a(PluggableUSB.o)

.debug_line     0x00000000     0x4bc1
 *(.debug_line .debug_line.* .debug_line_end)
 .debug_line    0x00000000      0x199 C:/Program Files (x86)/Atmel/Studio/7.0/Packs/atmel/ATmega_DFP/1.2.209/gcc/dev/atmega32u4/avr5/crtatmega32u4.o
 .debug_line    0x00000199      0xa6a Sketch.o
 .debug_line    0x00000c03      0x4c0 src/libraries/Arduino-PID-Library-master/PID_v1.o
 .debug_line    0x000010c3      0x9c6 src/libraries/hd44780/hd44780.o
 .debug_line    0x00001a89      0x519 src/libraries/Wire/src/utility/twi.o
 .debug_line    0x00001fa2      0x608 src/libraries/Wire/src/Wire.o
 .debug_line    0x000025aa       0xa9 C:\Users\cyril\DOCUME~1\ATMELS~1\7.0\EBS_PR~1\00_TES~1\01_HEL~1\ARDUIN~1\Debug\libArduinoCore.a(abi.o)
 .debug_line    0x00002653      0x177 C:\Users\cyril\DOCUME~1\ATMELS~1\7.0\EBS_PR~1\00_TES~1\01_HEL~1\ARDUIN~1\Debug\libArduinoCore.a(main.o)
 .debug_line    0x000027ca      0x685 C:\Users\cyril\DOCUME~1\ATMELS~1\7.0\EBS_PR~1\00_TES~1\01_HEL~1\ARDUIN~1\Debug\libArduinoCore.a(Print.o)
 .debug_line    0x00002e4f      0x9e7 C:\Users\cyril\DOCUME~1\ATMELS~1\7.0\EBS_PR~1\00_TES~1\01_HEL~1\ARDUIN~1\Debug\libArduinoCore.a(USBCore.o)
 .debug_line    0x00003836      0x240 C:\Users\cyril\DOCUME~1\ATMELS~1\7.0\EBS_PR~1\00_TES~1\01_HEL~1\ARDUIN~1\Debug\libArduinoCore.a(WInterrupts.o)
 .debug_line    0x00003a76      0x2bd C:\Users\cyril\DOCUME~1\ATMELS~1\7.0\EBS_PR~1\00_TES~1\01_HEL~1\ARDUIN~1\Debug\libArduinoCore.a(wiring.o)
 .debug_line    0x00003d33      0x27a C:\Users\cyril\DOCUME~1\ATMELS~1\7.0\EBS_PR~1\00_TES~1\01_HEL~1\ARDUIN~1\Debug\libArduinoCore.a(wiring_analog.o)
 .debug_line    0x00003fad      0x26a C:\Users\cyril\DOCUME~1\ATMELS~1\7.0\EBS_PR~1\00_TES~1\01_HEL~1\ARDUIN~1\Debug\libArduinoCore.a(wiring_digital.o)
 .debug_line    0x00004217      0x68b C:\Users\cyril\DOCUME~1\ATMELS~1\7.0\EBS_PR~1\00_TES~1\01_HEL~1\ARDUIN~1\Debug\libArduinoCore.a(CDC.o)
 .debug_line    0x000048a2       0x41 C:\Users\cyril\DOCUME~1\ATMELS~1\7.0\EBS_PR~1\00_TES~1\01_HEL~1\ARDUIN~1\Debug\libArduinoCore.a(hooks.o)
 .debug_line    0x000048e3      0x2de C:\Users\cyril\DOCUME~1\ATMELS~1\7.0\EBS_PR~1\00_TES~1\01_HEL~1\ARDUIN~1\Debug\libArduinoCore.a(PluggableUSB.o)

.debug_frame    0x00000000     0x1bf0
 *(.debug_frame)
 .debug_frame   0x00000000      0x264 Sketch.o
 .debug_frame   0x00000264      0x364 src/libraries/Arduino-PID-Library-master/PID_v1.o
 .debug_frame   0x000005c8      0x41c src/libraries/hd44780/hd44780.o
 .debug_frame   0x000009e4      0x134 src/libraries/Wire/src/utility/twi.o
 .debug_frame   0x00000b18      0x280 src/libraries/Wire/src/Wire.o
 .debug_frame   0x00000d98       0x34 C:\Users\cyril\DOCUME~1\ATMELS~1\7.0\EBS_PR~1\00_TES~1\01_HEL~1\ARDUIN~1\Debug\libArduinoCore.a(abi.o)
 .debug_frame   0x00000dcc       0x54 C:\Users\cyril\DOCUME~1\ATMELS~1\7.0\EBS_PR~1\00_TES~1\01_HEL~1\ARDUIN~1\Debug\libArduinoCore.a(main.o)
 .debug_frame   0x00000e20      0x3ac C:\Users\cyril\DOCUME~1\ATMELS~1\7.0\EBS_PR~1\00_TES~1\01_HEL~1\ARDUIN~1\Debug\libArduinoCore.a(Print.o)
 .debug_frame   0x000011cc      0x3ac C:\Users\cyril\DOCUME~1\ATMELS~1\7.0\EBS_PR~1\00_TES~1\01_HEL~1\ARDUIN~1\Debug\libArduinoCore.a(USBCore.o)
 .debug_frame   0x00001578      0x1fc C:\Users\cyril\DOCUME~1\ATMELS~1\7.0\EBS_PR~1\00_TES~1\01_HEL~1\ARDUIN~1\Debug\libArduinoCore.a(WInterrupts.o)
 .debug_frame   0x00001774       0xc4 C:\Users\cyril\DOCUME~1\ATMELS~1\7.0\EBS_PR~1\00_TES~1\01_HEL~1\ARDUIN~1\Debug\libArduinoCore.a(wiring.o)
 .debug_frame   0x00001838       0x54 C:\Users\cyril\DOCUME~1\ATMELS~1\7.0\EBS_PR~1\00_TES~1\01_HEL~1\ARDUIN~1\Debug\libArduinoCore.a(wiring_analog.o)
 .debug_frame   0x0000188c       0x7c C:\Users\cyril\DOCUME~1\ATMELS~1\7.0\EBS_PR~1\00_TES~1\01_HEL~1\ARDUIN~1\Debug\libArduinoCore.a(wiring_digital.o)
 .debug_frame   0x00001908      0x1d8 C:\Users\cyril\DOCUME~1\ATMELS~1\7.0\EBS_PR~1\00_TES~1\01_HEL~1\ARDUIN~1\Debug\libArduinoCore.a(CDC.o)
 .debug_frame   0x00001ae0       0x24 C:\Users\cyril\DOCUME~1\ATMELS~1\7.0\EBS_PR~1\00_TES~1\01_HEL~1\ARDUIN~1\Debug\libArduinoCore.a(hooks.o)
 .debug_frame   0x00001b04       0xec C:\Users\cyril\DOCUME~1\ATMELS~1\7.0\EBS_PR~1\00_TES~1\01_HEL~1\ARDUIN~1\Debug\libArduinoCore.a(PluggableUSB.o)

.debug_str      0x00000000     0x493d
 *(.debug_str)
 .debug_str     0x00000000      0x371 C:/Program Files (x86)/Atmel/Studio/7.0/Packs/atmel/ATmega_DFP/1.2.209/gcc/dev/atmega32u4/avr5/crtatmega32u4.o
 .debug_str     0x00000371      0xfca Sketch.o
                               0x10ce (size before relaxing)
 .debug_str     0x0000133b      0x106 src/libraries/Arduino-PID-Library-master/PID_v1.o
                                0x5a1 (size before relaxing)
 .debug_str     0x00001441     0x14d7 src/libraries/hd44780/hd44780.o
                               0x1bf6 (size before relaxing)
 .debug_str     0x00002918      0x2b2 src/libraries/Wire/src/utility/twi.o
                                0x3d5 (size before relaxing)
 .debug_str     0x00002bca      0x86e src/libraries/Wire/src/Wire.o
                               0x18cc (size before relaxing)
 .debug_str     0x00003438       0x8c C:\Users\cyril\DOCUME~1\ATMELS~1\7.0\EBS_PR~1\00_TES~1\01_HEL~1\ARDUIN~1\Debug\libArduinoCore.a(abi.o)
                                0x1a5 (size before relaxing)
 .debug_str     0x000034c4      0x15c C:\Users\cyril\DOCUME~1\ATMELS~1\7.0\EBS_PR~1\00_TES~1\01_HEL~1\ARDUIN~1\Debug\libArduinoCore.a(main.o)
                                0x3bd (size before relaxing)
 .debug_str     0x00003620      0x390 C:\Users\cyril\DOCUME~1\ATMELS~1\7.0\EBS_PR~1\00_TES~1\01_HEL~1\ARDUIN~1\Debug\libArduinoCore.a(Print.o)
                               0x1249 (size before relaxing)
 .debug_str     0x000039b0      0x80b C:\Users\cyril\DOCUME~1\ATMELS~1\7.0\EBS_PR~1\00_TES~1\01_HEL~1\ARDUIN~1\Debug\libArduinoCore.a(USBCore.o)
                                0xc7d (size before relaxing)
 .debug_str     0x000041bb       0x93 C:\Users\cyril\DOCUME~1\ATMELS~1\7.0\EBS_PR~1\00_TES~1\01_HEL~1\ARDUIN~1\Debug\libArduinoCore.a(WInterrupts.o)
                                0x25f (size before relaxing)
 .debug_str     0x0000424e       0x78 C:\Users\cyril\DOCUME~1\ATMELS~1\7.0\EBS_PR~1\00_TES~1\01_HEL~1\ARDUIN~1\Debug\libArduinoCore.a(wiring.o)
                                0x251 (size before relaxing)
 .debug_str     0x000042c6       0x80 C:\Users\cyril\DOCUME~1\ATMELS~1\7.0\EBS_PR~1\00_TES~1\01_HEL~1\ARDUIN~1\Debug\libArduinoCore.a(wiring_analog.o)
                                0x26f (size before relaxing)
 .debug_str     0x00004346       0xa9 C:\Users\cyril\DOCUME~1\ATMELS~1\7.0\EBS_PR~1\00_TES~1\01_HEL~1\ARDUIN~1\Debug\libArduinoCore.a(wiring_digital.o)
                                0x2d0 (size before relaxing)
 .debug_str     0x000043ef      0x4e6 C:\Users\cyril\DOCUME~1\ATMELS~1\7.0\EBS_PR~1\00_TES~1\01_HEL~1\ARDUIN~1\Debug\libArduinoCore.a(CDC.o)
                               0x1a30 (size before relaxing)
 .debug_str     0x000048d5       0x1c C:\Users\cyril\DOCUME~1\ATMELS~1\7.0\EBS_PR~1\00_TES~1\01_HEL~1\ARDUIN~1\Debug\libArduinoCore.a(hooks.o)
                                0x146 (size before relaxing)
 .debug_str     0x000048f1       0x4c C:\Users\cyril\DOCUME~1\ATMELS~1\7.0\EBS_PR~1\00_TES~1\01_HEL~1\ARDUIN~1\Debug\libArduinoCore.a(PluggableUSB.o)
                                0x5c2 (size before relaxing)

.debug_loc      0x00000000     0x8e9e
 *(.debug_loc)
 .debug_loc     0x00000000      0xe18 Sketch.o
 .debug_loc     0x00000e18     0x109d src/libraries/Arduino-PID-Library-master/PID_v1.o
 .debug_loc     0x00001eb5     0x1510 src/libraries/hd44780/hd44780.o
 .debug_loc     0x000033c5      0x3e6 src/libraries/Wire/src/utility/twi.o
 .debug_loc     0x000037ab      0xbe6 src/libraries/Wire/src/Wire.o
 .debug_loc     0x00004391     0x1c87 C:\Users\cyril\DOCUME~1\ATMELS~1\7.0\EBS_PR~1\00_TES~1\01_HEL~1\ARDUIN~1\Debug\libArduinoCore.a(Print.o)
 .debug_loc     0x00006018     0x1277 C:\Users\cyril\DOCUME~1\ATMELS~1\7.0\EBS_PR~1\00_TES~1\01_HEL~1\ARDUIN~1\Debug\libArduinoCore.a(USBCore.o)
 .debug_loc     0x0000728f      0x57d C:\Users\cyril\DOCUME~1\ATMELS~1\7.0\EBS_PR~1\00_TES~1\01_HEL~1\ARDUIN~1\Debug\libArduinoCore.a(WInterrupts.o)
 .debug_loc     0x0000780c      0x28d C:\Users\cyril\DOCUME~1\ATMELS~1\7.0\EBS_PR~1\00_TES~1\01_HEL~1\ARDUIN~1\Debug\libArduinoCore.a(wiring.o)
 .debug_loc     0x00007a99      0x1cb C:\Users\cyril\DOCUME~1\ATMELS~1\7.0\EBS_PR~1\00_TES~1\01_HEL~1\ARDUIN~1\Debug\libArduinoCore.a(wiring_analog.o)
 .debug_loc     0x00007c64      0x665 C:\Users\cyril\DOCUME~1\ATMELS~1\7.0\EBS_PR~1\00_TES~1\01_HEL~1\ARDUIN~1\Debug\libArduinoCore.a(wiring_digital.o)
 .debug_loc     0x000082c9      0x790 C:\Users\cyril\DOCUME~1\ATMELS~1\7.0\EBS_PR~1\00_TES~1\01_HEL~1\ARDUIN~1\Debug\libArduinoCore.a(CDC.o)
 .debug_loc     0x00008a59      0x445 C:\Users\cyril\DOCUME~1\ATMELS~1\7.0\EBS_PR~1\00_TES~1\01_HEL~1\ARDUIN~1\Debug\libArduinoCore.a(PluggableUSB.o)

.debug_macinfo
 *(.debug_macinfo)

.debug_weaknames
 *(.debug_weaknames)

.debug_funcnames
 *(.debug_funcnames)

.debug_typenames
 *(.debug_typenames)

.debug_varnames
 *(.debug_varnames)

.debug_pubtypes
 *(.debug_pubtypes)

.debug_ranges   0x00000000      0x900
 *(.debug_ranges)
 .debug_ranges  0x00000000       0x98 Sketch.o
 .debug_ranges  0x00000098       0x80 src/libraries/Arduino-PID-Library-master/PID_v1.o
 .debug_ranges  0x00000118      0x170 src/libraries/hd44780/hd44780.o
 .debug_ranges  0x00000288       0x70 src/libraries/Wire/src/utility/twi.o
 .debug_ranges  0x000002f8       0xe8 src/libraries/Wire/src/Wire.o
 .debug_ranges  0x000003e0       0x10 C:\Users\cyril\DOCUME~1\ATMELS~1\7.0\EBS_PR~1\00_TES~1\01_HEL~1\ARDUIN~1\Debug\libArduinoCore.a(abi.o)
 .debug_ranges  0x000003f0       0x20 C:\Users\cyril\DOCUME~1\ATMELS~1\7.0\EBS_PR~1\00_TES~1\01_HEL~1\ARDUIN~1\Debug\libArduinoCore.a(main.o)
 .debug_ranges  0x00000410      0x120 C:\Users\cyril\DOCUME~1\ATMELS~1\7.0\EBS_PR~1\00_TES~1\01_HEL~1\ARDUIN~1\Debug\libArduinoCore.a(Print.o)
 .debug_ranges  0x00000530      0x1c0 C:\Users\cyril\DOCUME~1\ATMELS~1\7.0\EBS_PR~1\00_TES~1\01_HEL~1\ARDUIN~1\Debug\libArduinoCore.a(USBCore.o)
 .debug_ranges  0x000006f0       0x48 C:\Users\cyril\DOCUME~1\ATMELS~1\7.0\EBS_PR~1\00_TES~1\01_HEL~1\ARDUIN~1\Debug\libArduinoCore.a(WInterrupts.o)
 .debug_ranges  0x00000738       0x38 C:\Users\cyril\DOCUME~1\ATMELS~1\7.0\EBS_PR~1\00_TES~1\01_HEL~1\ARDUIN~1\Debug\libArduinoCore.a(wiring.o)
 .debug_ranges  0x00000770       0x20 C:\Users\cyril\DOCUME~1\ATMELS~1\7.0\EBS_PR~1\00_TES~1\01_HEL~1\ARDUIN~1\Debug\libArduinoCore.a(wiring_analog.o)
 .debug_ranges  0x00000790       0x28 C:\Users\cyril\DOCUME~1\ATMELS~1\7.0\EBS_PR~1\00_TES~1\01_HEL~1\ARDUIN~1\Debug\libArduinoCore.a(wiring_digital.o)
 .debug_ranges  0x000007b8       0xe0 C:\Users\cyril\DOCUME~1\ATMELS~1\7.0\EBS_PR~1\00_TES~1\01_HEL~1\ARDUIN~1\Debug\libArduinoCore.a(CDC.o)
 .debug_ranges  0x00000898       0x10 C:\Users\cyril\DOCUME~1\ATMELS~1\7.0\EBS_PR~1\00_TES~1\01_HEL~1\ARDUIN~1\Debug\libArduinoCore.a(hooks.o)
 .debug_ranges  0x000008a8       0x58 C:\Users\cyril\DOCUME~1\ATMELS~1\7.0\EBS_PR~1\00_TES~1\01_HEL~1\ARDUIN~1\Debug\libArduinoCore.a(PluggableUSB.o)

.debug_macro
 *(.debug_macro)
OUTPUT(einfaches_hmi.elf elf32-avr)
LOAD linker stubs
