Archive member included to satisfy reference by file (symbol)

C:\Users\cyril\Documents\Atmel Studio\7.0\01_Hello_World\01_Hello_World\ArduinoCore\Debug\libArduinoCore.a(abi.o)
                              src/libraries/hd44780/hd44780.o (__cxa_pure_virtual)
C:\Users\cyril\Documents\Atmel Studio\7.0\01_Hello_World\01_Hello_World\ArduinoCore\Debug\libArduinoCore.a(main.o)
                              C:/Program Files (x86)/Atmel/Studio/7.0/Packs/atmel/ATmega_DFP/1.2.209/gcc/dev/atmega32u4/avr5/crtatmega32u4.o (main)
C:\Users\cyril\Documents\Atmel Studio\7.0\01_Hello_World\01_Hello_World\ArduinoCore\Debug\libArduinoCore.a(Print.o)
                              Sketch.o (_ZN5Print5writeEPKhj)
C:\Users\cyril\Documents\Atmel Studio\7.0\01_Hello_World\01_Hello_World\ArduinoCore\Debug\libArduinoCore.a(USBCore.o)
                              C:\Users\cyril\Documents\Atmel Studio\7.0\01_Hello_World\01_Hello_World\ArduinoCore\Debug\libArduinoCore.a(main.o) (_ZN10USBDevice_6attachEv)
C:\Users\cyril\Documents\Atmel Studio\7.0\01_Hello_World\01_Hello_World\ArduinoCore\Debug\libArduinoCore.a(wiring.o)
                              Sketch.o (micros)
C:\Users\cyril\Documents\Atmel Studio\7.0\01_Hello_World\01_Hello_World\ArduinoCore\Debug\libArduinoCore.a(wiring_digital.o)
                              src/libraries/hd44780/hd44780.o (pinMode)
C:\Users\cyril\Documents\Atmel Studio\7.0\01_Hello_World\01_Hello_World\ArduinoCore\Debug\libArduinoCore.a(CDC.o)
                              C:\Users\cyril\Documents\Atmel Studio\7.0\01_Hello_World\01_Hello_World\ArduinoCore\Debug\libArduinoCore.a(USBCore.o) (_Z16CDC_GetInterfacePh)
C:\Users\cyril\Documents\Atmel Studio\7.0\01_Hello_World\01_Hello_World\ArduinoCore\Debug\libArduinoCore.a(hooks.o)
                              C:\Users\cyril\Documents\Atmel Studio\7.0\01_Hello_World\01_Hello_World\ArduinoCore\Debug\libArduinoCore.a(wiring.o) (yield)
C:\Users\cyril\Documents\Atmel Studio\7.0\01_Hello_World\01_Hello_World\ArduinoCore\Debug\libArduinoCore.a(PluggableUSB.o)
                              C:\Users\cyril\Documents\Atmel Studio\7.0\01_Hello_World\01_Hello_World\ArduinoCore\Debug\libArduinoCore.a(USBCore.o) (_ZN13PluggableUSB_12getInterfaceEPh)
c:/program files (x86)/atmel/studio/7.0/toolchain/avr8/avr8-gnu-toolchain/bin/../lib/gcc/avr/5.4.0/../../../../avr/lib/avr5\libm.a(addsf3.o)
                              C:\Users\cyril\Documents\Atmel Studio\7.0\01_Hello_World\01_Hello_World\ArduinoCore\Debug\libArduinoCore.a(Print.o) (__subsf3)
c:/program files (x86)/atmel/studio/7.0/toolchain/avr8/avr8-gnu-toolchain/bin/../lib/gcc/avr/5.4.0/../../../../avr/lib/avr5\libm.a(addsf3x.o)
                              c:/program files (x86)/atmel/studio/7.0/toolchain/avr8/avr8-gnu-toolchain/bin/../lib/gcc/avr/5.4.0/../../../../avr/lib/avr5\libm.a(addsf3.o) (__addsf3x)
c:/program files (x86)/atmel/studio/7.0/toolchain/avr8/avr8-gnu-toolchain/bin/../lib/gcc/avr/5.4.0/../../../../avr/lib/avr5\libm.a(cmpsf2.o)
                              C:\Users\cyril\Documents\Atmel Studio\7.0\01_Hello_World\01_Hello_World\ArduinoCore\Debug\libArduinoCore.a(Print.o) (__ltsf2)
c:/program files (x86)/atmel/studio/7.0/toolchain/avr8/avr8-gnu-toolchain/bin/../lib/gcc/avr/5.4.0/../../../../avr/lib/avr5\libm.a(divsf3.o)
                              C:\Users\cyril\Documents\Atmel Studio\7.0\01_Hello_World\01_Hello_World\ArduinoCore\Debug\libArduinoCore.a(Print.o) (__divsf3)
c:/program files (x86)/atmel/studio/7.0/toolchain/avr8/avr8-gnu-toolchain/bin/../lib/gcc/avr/5.4.0/../../../../avr/lib/avr5\libm.a(divsf3x.o)
                              c:/program files (x86)/atmel/studio/7.0/toolchain/avr8/avr8-gnu-toolchain/bin/../lib/gcc/avr/5.4.0/../../../../avr/lib/avr5\libm.a(divsf3.o) (__divsf3x)
c:/program files (x86)/atmel/studio/7.0/toolchain/avr8/avr8-gnu-toolchain/bin/../lib/gcc/avr/5.4.0/../../../../avr/lib/avr5\libm.a(fixunssfsi.o)
                              C:\Users\cyril\Documents\Atmel Studio\7.0\01_Hello_World\01_Hello_World\ArduinoCore\Debug\libArduinoCore.a(Print.o) (__fixunssfsi)
c:/program files (x86)/atmel/studio/7.0/toolchain/avr8/avr8-gnu-toolchain/bin/../lib/gcc/avr/5.4.0/../../../../avr/lib/avr5\libm.a(floatsisf.o)
                              C:\Users\cyril\Documents\Atmel Studio\7.0\01_Hello_World\01_Hello_World\ArduinoCore\Debug\libArduinoCore.a(Print.o) (__floatunsisf)
c:/program files (x86)/atmel/studio/7.0/toolchain/avr8/avr8-gnu-toolchain/bin/../lib/gcc/avr/5.4.0/../../../../avr/lib/avr5\libm.a(fp_cmp.o)
                              c:/program files (x86)/atmel/studio/7.0/toolchain/avr8/avr8-gnu-toolchain/bin/../lib/gcc/avr/5.4.0/../../../../avr/lib/avr5\libm.a(cmpsf2.o) (__fp_cmp)
c:/program files (x86)/atmel/studio/7.0/toolchain/avr8/avr8-gnu-toolchain/bin/../lib/gcc/avr/5.4.0/../../../../avr/lib/avr5\libm.a(fp_inf.o)
[...]
Memory Configuration

Name             Origin             Length             Attributes
text             0x00000000         0x00020000         xr
data             0x00800060         0x0000ffa0         rw !x
eeprom           0x00810000         0x00010000         rw !x
fuse             0x00820000         0x00000003         rw !x
lock             0x00830000         0x00000400         rw !x
signature        0x00840000         0x00000400         rw !x
user_signatures  0x00850000         0x00000400         rw !x
*default*        0x00000000         0xffffffff

Linker script and memory map

Address of section .data set to 0x800100
LOAD C:/Program Files (x86)/Atmel/Studio/7.0/Packs/atmel/ATmega_DFP/1.2.209/gcc/dev/atmega32u4/avr5/crtatmega32u4.o
LOAD Sketch.o
LOAD src/libraries/hd44780/hd44780.o
LOAD src/libraries/Wire/src/utility/twi.o
LOAD src/libraries/Wire/src/Wire.o
START GROUP
LOAD c:/program files (x86)/atmel/studio/7.0/toolchain/avr8/avr8-gnu-toolchain/bin/../lib/gcc/avr/5.4.0/../../../../avr/lib/avr5\libm.a
LOAD C:\Users\cyril\Documents\Atmel Studio\7.0\01_Hello_World\01_Hello_World\ArduinoCore\Debug\libArduinoCore.a
END GROUP
LOAD c:/program files (x86)/atmel/studio/7.0/toolchain/avr8/avr8-gnu-toolchain/bin/../lib/gcc/avr/5.4.0/avr5\libgcc.a
LOAD c:/program files (x86)/atmel/studio/7.0/toolchain/avr8/avr8-gnu-toolchain/bin/../lib/gcc/avr/5.4.0/../../../../avr/lib/avr5\libm.a
START GROUP
LOAD c:/program files (x86)/atmel/studio/7.0/toolchain/avr8/avr8-gnu-toolchain/bin/../lib/gcc/avr/5.4.0/avr5\libgcc.a
LOAD c:/program files (x86)/atmel/studio/7.0/toolchain/avr8/avr8-gnu-toolchain/bin/../lib/gcc/avr/5.4.0/../../../../avr/lib/avr5\libm.a
LOAD c:/program files (x86)/atmel/studio/7.0/toolchain/avr8/avr8-gnu-toolchain/bin/../lib/gcc/avr/5.4.0/../../../../avr/lib/avr5\libc.a
LOAD C:/Program Files (x86)/Atmel/Studio/7.0/Packs/atmel/ATmega_DFP/1.2.209/gcc/dev/atmega32u4/avr5\libatmega32u4.a
END GROUP
                0x00020000                __TEXT_REGION_LENGTH__ = DEFINED (__TEXT_REGION_LENGTH__)?__TEXT_REGION_LENGTH__:0x20000
                0x0000ffa0                __DATA_REGION_LENGTH__ = DEFINED (__DATA_REGION_LENGTH__)?__DATA_REGION_LENGTH__:0xffa0
                0x00010000                __EEPROM_REGION_LENGTH__ = DEFINED (__EEPROM_REGION_LENGTH__)?__EEPROM_REGION_LENGTH__:0x10000
                [0x00000003]                __FUSE_REGION_LENGTH__ = DEFINED (__FUSE_REGION_LENGTH__)?__FUSE_REGION_LENGTH__:0x400
                0x00000400                __LOCK_REGION_LENGTH__ = DEFINED (__LOCK_REGION_LENGTH__)?__LOCK_REGION_LENGTH__:0x400
                0x00000400                __SIGNATURE_REGION_LENGTH__ = DEFINED (__SIGNATURE_REGION_LENGTH__)?__SIGNATURE_REGION_LENGTH__:0x400
                0x00000400                __USER_SIGNATURE_REGION_LENGTH__ = DEFINED (__USER_SIGNATURE_REGION_LENGTH__)?__USER_SIGNATURE_REGION_LENGTH__:0x400

.hash
 *(.hash)

.dynsym
 *(.dynsym)

.dynstr
 *(.dynstr)

.gnu.version
 *(.gnu.version)

.gnu.version_d
 *(.gnu.version_d)

.gnu.version_r
 *(.gnu.version_r)

.rel.init
 *(.rel.init)

.rela.init
 *(.rela.init)

.rel.text
 *(.rel.text)
 *(.rel.text.*)
 *(.rel.gnu.linkonce.t*)

.rela.text
 *(.rela.text)
 *(.rela.text.*)
 *(.rela.gnu.linkonce.t*)

.rel.fini
 *(.rel.fini)

.rela.fini
 *(.rela.fini)

.rel.rodata
 *(.rel.rodata)
 *(.rel.rodata.*)
 *(.rel.gnu.linkonce.r*)

.rela.rodata
 *(.rela.rodata)
 *(.rela.rodata.*)
 *(.rela.gnu.linkonce.r*)

.rel.data
 *(.rel.data)
 *(.rel.data.*)
 *(.rel.gnu.linkonce.d*)

.rela.data
 *(.rela.data)
 *(.rela.data.*)
 *(.rela.gnu.linkonce.d*)

.rel.ctors
 *(.rel.ctors)

.rela.ctors
 *(.rela.ctors)

.rel.dtors
 *(.rel.dtors)

.rela.dtors
 *(.rela.dtors)

.rel.got
 *(.rel.got)

.rela.got
 *(.rela.got)

.rel.bss
 *(.rel.bss)

.rela.bss
 *(.rela.bss)

.rel.plt
 *(.rel.plt)

.rela.plt
 *(.rela.plt)

.text           0x00000000     0x2808
 *(.vectors)
 .vectors       0x00000000       0xac C:/Program Files (x86)/Atmel/Studio/7.0/Packs/atmel/ATmega_DFP/1.2.209/gcc/dev/atmega32u4/avr5/crtatmega32u4.o
                0x00000000                __vector_default
                0x00000000                __vectors
 *(.vectors)
 *(.progmem.gcc*)
 .progmem.gcc_sw_table.turnOffPWM
                0x000000ac       0x1e C:\Users\cyril\Documents\Atmel Studio\7.0\01_Hello_World\01_Hello_World\ArduinoCore\Debug\libArduinoCore.a(wiring_digital.o)
                0x000000ca                . = ALIGN (0x2)
                0x000000ca                __trampolines_start = .
 *(.trampolines)
 .trampolines   0x000000ca        0x0 linker stubs
 *(.trampolines*)
                0x000000ca                __trampolines_end = .
 *libprintf_flt.a:*(.progmem.data)
 *libc.a:*(.progmem.data)
 *(.progmem*)
 .progmem.data.USB_DeviceDescriptorIAD
                0x000000ca       0x12 C:\Users\cyril\Documents\Atmel Studio\7.0\01_Hello_World\01_Hello_World\ArduinoCore\Debug\libArduinoCore.a(USBCore.o)
                0x000000ca                USB_DeviceDescriptorIAD
 .progmem.data.STRING_MANUFACTURER
                0x000000dc        0xc C:\Users\cyril\Documents\Atmel Studio\7.0\01_Hello_World\01_Hello_World\ArduinoCore\Debug\libArduinoCore.a(USBCore.o)
                0x000000dc                STRING_MANUFACTURER
 .progmem.data.STRING_PRODUCT
                0x000000e8       0x11 C:\Users\cyril\Documents\Atmel Studio\7.0\01_Hello_World\01_Hello_World\ArduinoCore\Debug\libArduinoCore.a(USBCore.o)
                0x000000e8                STRING_PRODUCT
 .progmem.data.STRING_LANGUAGE
                0x000000f9        0x4 C:\Users\cyril\Documents\Atmel Studio\7.0\01_Hello_World\01_Hello_World\ArduinoCore\Debug\libArduinoCore.a(USBCore.o)
                0x000000f9                STRING_LANGUAGE
 .progmem.data.digital_pin_to_timer_PGM
                0x000000fd       0x1f C:\Users\cyril\Documents\Atmel Studio\7.0\01_Hello_World\01_Hello_World\ArduinoCore\Debug\libArduinoCore.a(wiring_digital.o)
                0x000000fd                digital_pin_to_timer_PGM
 .progmem.data.digital_pin_to_bit_mask_PGM
                0x0000011c       0x1f C:\Users\cyril\Documents\Atmel Studio\7.0\01_Hello_World\01_Hello_World\ArduinoCore\Debug\libArduinoCore.a(wiring_digital.o)
                0x0000011c                digital_pin_to_bit_mask_PGM
 .progmem.data.digital_pin_to_port_PGM
                0x0000013b       0x1f C:\Users\cyril\Documents\Atmel Studio\7.0\01_Hello_World\01_Hello_World\ArduinoCore\Debug\libArduinoCore.a(wiring_digital.o)
                0x0000013b                digital_pin_to_port_PGM
 .progmem.data.port_to_output_PGM
                0x0000015a        0xe C:\Users\cyril\Documents\Atmel Studio\7.0\01_Hello_World\01_Hello_World\ArduinoCore\Debug\libArduinoCore.a(wiring_digital.o)
                0x0000015a                port_to_output_PGM
 .progmem.data.port_to_mode_PGM
                0x00000168        0xe C:\Users\cyril\Documents\Atmel Studio\7.0\01_Hello_World\01_Hello_World\ArduinoCore\Debug\libArduinoCore.a(wiring_digital.o)
                0x00000168                port_to_mode_PGM
 .progmem.data._cdcInterface
                0x00000176       0x42 C:\Users\cyril\Documents\Atmel Studio\7.0\01_Hello_World\01_Hello_World\ArduinoCore\Debug\libArduinoCore.a(CDC.o)
                0x00000176                _cdcInterface
                0x000001b8                . = ALIGN (0x2)
 *(.jumptables)
 *(.jumptables*)
 *(.lowtext)
 *(.lowtext*)
                0x000001b8                __ctors_start = .
 *(.ctors)
 .ctors         0x000001b8        0x2 Sketch.o
 .ctors         0x000001ba        0x2 src/libraries/Wire/src/Wire.o
 .ctors         0x000001bc        0x2 C:\Users\cyril\Documents\Atmel Studio\7.0\01_Hello_World\01_Hello_World\ArduinoCore\Debug\libArduinoCore.a(CDC.o)
                0x000001be                __ctors_end = .
                0x000001be                __dtors_start = .
 *(.dtors)
                0x000001be                __dtors_end = .
 SORT(*)(.ctors)
 SORT(*)(.dtors)
 *(.init0)
 .init0         0x000001be        0x0 C:/Program Files (x86)/Atmel/Studio/7.0/Packs/atmel/ATmega_DFP/1.2.209/gcc/dev/atmega32u4/avr5/crtatmega32u4.o
                0x000001be                __init
 *(.init0)
 *(.init1)
 *(.init1)
 *(.init2)
 .init2         0x000001be        0xc C:/Program Files (x86)/Atmel/Studio/7.0/Packs/atmel/ATmega_DFP/1.2.209/gcc/dev/atmega32u4/avr5/crtatmega32u4.o
 *(.init2)
 *(.init3)
 *(.init3)
 *(.init4)
 .init4         0x000001ca       0x16 c:/program files (x86)/atmel/studio/7.0/toolchain/avr8/avr8-gnu-toolchain/bin/../lib/gcc/avr/5.4.0/avr5\libgcc.a(_copy_data.o)
                0x000001ca                __do_copy_data
 .init4         0x000001e0       0x10 c:/program files (x86)/atmel/studio/7.0/toolchain/avr8/avr8-gnu-toolchain/bin/../lib/gcc/avr/5.4.0/avr5\libgcc.a(_clear_bss.o)
                0x000001e0                __do_clear_bss
 *(.init4)
 *(.init5)
 *(.init5)
 *(.init6)
 .init6         0x000001f0       0x16 c:/program files (x86)/atmel/studio/7.0/toolchain/avr8/avr8-gnu-toolchain/bin/../lib/gcc/avr/5.4.0/avr5\libgcc.a(_ctors.o)
                0x000001f0                __do_global_ctors
 *(.init6)
 *(.init7)
 *(.init7)
 *(.init8)
 *(.init8)
 *(.init9)
 .init9         0x00000206        0x8 C:/Program Files (x86)/Atmel/Studio/7.0/Packs/atmel/ATmega_DFP/1.2.209/gcc/dev/atmega32u4/avr5/crtatmega32u4.o
 *(.init9)
 *(.text)
 .text          0x0000020e        0x4 C:/Program Files (x86)/Atmel/Studio/7.0/Packs/atmel/ATmega_DFP/1.2.209/gcc/dev/atmega32u4/avr5/crtatmega32u4.o
                0x0000020e                __vector_38
                0x0000020e                __vector_22
                0x0000020e                __vector_28
                0x0000020e                __vector_1
                0x0000020e                __vector_32
                0x0000020e                __vector_34
                0x0000020e                __vector_24
                0x0000020e                __vector_12
                0x0000020e                __bad_interrupt
                0x0000020e                __vector_6
                0x0000020e                __vector_31
                0x0000020e                __vector_35
                0x0000020e                __vector_39
                0x0000020e                __vector_3
                0x0000020e                __vector_30
                0x0000020e                __vector_25
                0x0000020e                __vector_13
                0x0000020e                __vector_17
                0x0000020e                __vector_19
                0x0000020e                __vector_7
                0x0000020e                __vector_41
                0x0000020e                __vector_27
                0x0000020e                __vector_5
                0x0000020e                __vector_33
                0x0000020e                __vector_37
                0x0000020e                __vector_4
                0x0000020e                __vector_9
                0x0000020e                __vector_2
                0x0000020e                __vector_21
                0x0000020e                __vector_15
                0x0000020e                __vector_29
                0x0000020e                __vector_40
                0x0000020e                __vector_8
                0x0000020e                __vector_26
                0x0000020e                __vector_14
                0x0000020e                __vector_16
                0x0000020e                __vector_18
                0x0000020e                __vector_20
                0x0000020e                __vector_42
                0x00000212                . = ALIGN (0x2)
 *(.text.*)
 .text._ZN5Print17availableForWriteEv
                0x00000212        0x6 Sketch.o
                0x00000212                _ZN5Print17availableForWriteEv
 .text._ZN5Print5flushEv
                0x00000218        0x2 Sketch.o
                0x00000218                _ZN5Print5flushEv
 .text._ZN7hd4478013iosetContrastEh
                0x0000021a        0x6 Sketch.o
                0x0000021a                _ZN7hd4478013iosetContrastEh
 .text._ZN14hd44780_I2Cexp12LocateDeviceEh.isra.1
                0x00000220       0x80 Sketch.o
 .text._ZN7TwoWire5writeEi
                0x000002a0        0xe Sketch.o
                0x000002a0                _ZN7TwoWire5writeEi
 .text.setup    0x000002ae       0x42 Sketch.o
                0x000002ae                setup
 .text.loop     0x000002f0       0x60 Sketch.o
                0x000002f0                loop
 .text.startup._GLOBAL__sub_I_lcd
                0x00000350       0x1a Sketch.o
 .text._ZN14hd44780_I2Cexp14iosetBacklightEh
                0x0000036a       0x72 Sketch.o
                0x0000036a                _ZN14hd44780_I2Cexp14iosetBacklightEh
 .text._ZN14hd44780_I2Cexp10write4bitsEhN7hd447806iotypeE
                0x000003dc       0x48 Sketch.o
                0x000003dc                _ZN14hd44780_I2Cexp10write4bitsEhN7hd447806iotypeE
 .text._ZN14hd44780_I2Cexp7iowriteEN7hd447806iotypeEh
                0x00000424       0xe0 Sketch.o
                0x00000424                _ZN14hd44780_I2Cexp7iowriteEN7hd447806iotypeEh
 .text._ZN14hd44780_I2Cexp6ioreadEN7hd447806iotypeE
                0x00000504      0x236 Sketch.o
                0x00000504                _ZN14hd44780_I2Cexp6ioreadEN7hd447806iotypeE
 .text._ZN14hd44780_I2Cexp11autocfg8574Ev
                0x0000073a      0x198 Sketch.o
                0x0000073a                _ZN14hd44780_I2Cexp11autocfg8574Ev
 .text._ZN14hd44780_I2Cexp15autocfgMCP23008Ev
                0x000008d2      0x13c Sketch.o
                0x000008d2                _ZN14hd44780_I2Cexp15autocfgMCP23008Ev
 .text._ZN14hd44780_I2Cexp6ioinitEv
                0x00000a0e      0x19a Sketch.o
                0x00000a0e                _ZN14hd44780_I2Cexp6ioinitEv
 .text._ZN7hd447806ioinitEv
                0x00000ba8        0x6 src/libraries/hd44780/hd44780.o
                0x00000ba8                _ZN7hd447806ioinitEv
 .text._ZN7hd447806ioreadENS_6iotypeE
                0x00000bae        0x6 src/libraries/hd44780/hd44780.o
                0x00000bae                _ZN7hd447806ioreadENS_6iotypeE
 .text._ZN7hd4478014iosetBacklightEh
                0x00000bb4        0x6 src/libraries/hd44780/hd44780.o
                0x00000bb4                _ZN7hd4478014iosetBacklightEh
 .text._ZN7hd44780C2Ev
                0x00000bba       0x5a src/libraries/hd44780/hd44780.o
                0x00000bba                _ZN7hd44780C2Ev
                0x00000bba                _ZN7hd44780C1Ev
 .text._ZN7hd447809backlightEv
                0x00000c14       0x10 src/libraries/hd44780/hd44780.o
                0x00000c14                _ZN7hd447809backlightEv
 .text._ZN7hd4478011noBacklightEv
                0x00000c24       0x10 src/libraries/hd44780/hd44780.o
                0x00000c24                _ZN7hd4478011noBacklightEv
 .text._ZN7hd447807commandEh
                0x00000c34       0x6e src/libraries/hd44780/hd44780.o
                0x00000c34                _ZN7hd447807commandEh
 .text._ZN7hd447805clearEv
                0x00000ca2        0x6 src/libraries/hd44780/hd44780.o
                0x00000ca2                _ZN7hd447805clearEv
 .text._ZN7hd447809setCursorEhh
                0x00000ca8       0x3c src/libraries/hd44780/hd44780.o
                0x00000ca8                _ZN7hd447809setCursorEhh
 .text._ZN7hd447809noDisplayEv
                0x00000ce4        0xe src/libraries/hd44780/hd44780.o
                0x00000ce4                _ZN7hd447809noDisplayEv
 .text._ZN7hd447803offEv
                0x00000cf2       0x14 src/libraries/hd44780/hd44780.o
                0x00000cf2                _ZN7hd447803offEv
 .text._ZN7hd447807displayEv
                0x00000d06       0x10 src/libraries/hd44780/hd44780.o
                0x00000d06                _ZN7hd447807displayEv
 .text._ZN7hd447805beginEhhh
                0x00000d16      0x134 src/libraries/hd44780/hd44780.o
                0x00000d16                _ZN7hd447805beginEhhh
 .text._ZN7hd447806_writeEh
                0x00000e4a       0x5e src/libraries/hd44780/hd44780.o
                0x00000e4a                _ZN7hd447806_writeEh
 .text._ZN7hd447805writeEh
                0x00000ea8       0x48 src/libraries/hd44780/hd44780.o
                0x00000ea8                _ZN7hd447805writeEh
 .text._ZN7hd447808blinkLEDEi
                0x00000ef0       0x56 src/libraries/hd44780/hd44780.o
                0x00000ef0                _ZN7hd447808blinkLEDEi
 .text._ZN7hd4478010fatalErrorEi
                0x00000f46       0x20 src/libraries/hd44780/hd44780.o
                0x00000f46                _ZN7hd4478010fatalErrorEi
 .text.twi_init
                0x00000f66       0x3c src/libraries/Wire/src/utility/twi.o
                0x00000f66                twi_init
 .text.twi_readFrom
                0x00000fa2       0x90 src/libraries/Wire/src/utility/twi.o
                0x00000fa2                twi_readFrom
 .text.twi_writeTo
                0x00001032       0xac src/libraries/Wire/src/utility/twi.o
                0x00001032                twi_writeTo
 .text.twi_transmit
                0x000010de       0x50 src/libraries/Wire/src/utility/twi.o
                0x000010de                twi_transmit
 .text.twi_attachSlaveRxEvent
                0x0000112e        0xa src/libraries/Wire/src/utility/twi.o
                0x0000112e                twi_attachSlaveRxEvent
 .text.twi_attachSlaveTxEvent
                0x00001138        0xa src/libraries/Wire/src/utility/twi.o
                0x00001138                twi_attachSlaveTxEvent
 .text.twi_stop
                0x00001142       0x14 src/libraries/Wire/src/utility/twi.o
                0x00001142                twi_stop
 .text.twi_releaseBus
                0x00001156        0xc src/libraries/Wire/src/utility/twi.o
                0x00001156                twi_releaseBus
 .text.__vector_36
                0x00001162      0x25a src/libraries/Wire/src/utility/twi.o
                0x00001162                __vector_36
 .text._ZN7TwoWire9availableEv
                0x000013bc       0x10 src/libraries/Wire/src/Wire.o
                0x000013bc                _ZN7TwoWire9availableEv
 .text._ZN7TwoWire4readEv
                0x000013cc       0x28 src/libraries/Wire/src/Wire.o
                0x000013cc                _ZN7TwoWire4readEv
 .text._ZN7TwoWire4peekEv
                0x000013f4       0x1e src/libraries/Wire/src/Wire.o
                0x000013f4                _ZN7TwoWire4peekEv
 .text._ZN7TwoWire5flushEv
                0x00001412        0x2 src/libraries/Wire/src/Wire.o
                0x00001412                _ZN7TwoWire5flushEv
 .text._ZN7TwoWire16onReceiveServiceEPhi
                0x00001414       0x54 src/libraries/Wire/src/Wire.o
                0x00001414                _ZN7TwoWire16onReceiveServiceEPhi
 .text._ZN7TwoWire16onRequestServiceEv
                0x00001468       0x18 src/libraries/Wire/src/Wire.o
                0x00001468                _ZN7TwoWire16onRequestServiceEv
 .text._ZN7TwoWire5writeEPKhj
                0x00001480       0x5a src/libraries/Wire/src/Wire.o
                0x00001480                _ZN7TwoWire5writeEPKhj
 .text._ZN7TwoWire5writeEh
                0x000014da       0x5e src/libraries/Wire/src/Wire.o
                0x000014da                _ZN7TwoWire5writeEh
 .text._ZN7TwoWireC2Ev
                0x00001538       0x20 src/libraries/Wire/src/Wire.o
                0x00001538                _ZN7TwoWireC1Ev
                0x00001538                _ZN7TwoWireC2Ev
 .text._ZN7TwoWire5beginEv
                0x00001558       0x24 src/libraries/Wire/src/Wire.o
                0x00001558                _ZN7TwoWire5beginEv
 .text._ZN7TwoWire17beginTransmissionEh
                0x0000157c       0x14 src/libraries/Wire/src/Wire.o
                0x0000157c                _ZN7TwoWire17beginTransmissionEh
 .text._ZN7TwoWire15endTransmissionEh
                0x00001590       0x26 src/libraries/Wire/src/Wire.o
                0x00001590                _ZN7TwoWire15endTransmissionEh
 .text._ZN7TwoWire11requestFromEhhmhh
                0x000015b6       0xa8 src/libraries/Wire/src/Wire.o
                0x000015b6                _ZN7TwoWire11requestFromEhhmhh
 .text._ZN7TwoWire11requestFromEhhh
                0x0000165e       0x20 src/libraries/Wire/src/Wire.o
                0x0000165e                _ZN7TwoWire11requestFromEhhh
 .text._ZN7TwoWire11requestFromEii
                0x0000167e        0x6 src/libraries/Wire/src/Wire.o
                0x0000167e                _ZN7TwoWire11requestFromEii
 .text._ZN7TwoWire15endTransmissionEv
                0x00001684        0x6 src/libraries/Wire/src/Wire.o
                0x00001684                _ZN7TwoWire15endTransmissionEv
 .text.startup._GLOBAL__sub_I__ZN7TwoWire8rxBufferE
                0x0000168a        0x8 src/libraries/Wire/src/Wire.o
 .text.__cxa_pure_virtual
                0x00001692        0x4 C:\Users\cyril\Documents\Atmel Studio\7.0\01_Hello_World\01_Hello_World\ArduinoCore\Debug\libArduinoCore.a(abi.o)
                0x00001692                __cxa_pure_virtual
 .text.initVariant
                0x00001696        0x2 C:\Users\cyril\Documents\Atmel Studio\7.0\01_Hello_World\01_Hello_World\ArduinoCore\Debug\libArduinoCore.a(main.o)
                0x00001696                initVariant
 .text.startup.main
                0x00001698       0x26 C:\Users\cyril\Documents\Atmel Studio\7.0\01_Hello_World\01_Hello_World\ArduinoCore\Debug\libArduinoCore.a(main.o)
                0x00001698                main
 .text._ZN5Print5writeEPKhj
                0x000016be       0x54 C:\Users\cyril\Documents\Atmel Studio\7.0\01_Hello_World\01_Hello_World\ArduinoCore\Debug\libArduinoCore.a(Print.o)
                0x000016be                _ZN5Print5writeEPKhj
 .text._ZN5Print5writeEPKc
                0x00001712       0x2a C:\Users\cyril\Documents\Atmel Studio\7.0\01_Hello_World\01_Hello_World\ArduinoCore\Debug\libArduinoCore.a(Print.o)
                0x00001712                _ZN5Print5writeEPKc
 .text._ZN5Print5printEPKc
                0x0000173c        0x4 C:\Users\cyril\Documents\Atmel Studio\7.0\01_Hello_World\01_Hello_World\ArduinoCore\Debug\libArduinoCore.a(Print.o)
                0x0000173c                _ZN5Print5printEPKc
 .text._ZN5Print5printEc
                0x00001740        0xe C:\Users\cyril\Documents\Atmel Studio\7.0\01_Hello_World\01_Hello_World\ArduinoCore\Debug\libArduinoCore.a(Print.o)
                0x00001740                _ZN5Print5printEc
 .text._ZN5Print11printNumberEmh
                0x0000174e       0x92 C:\Users\cyril\Documents\Atmel Studio\7.0\01_Hello_World\01_Hello_World\ArduinoCore\Debug\libArduinoCore.a(Print.o)
                0x0000174e                _ZN5Print11printNumberEmh
 .text._ZN5Print5printEli
                0x000017e0       0x90 C:\Users\cyril\Documents\Atmel Studio\7.0\01_Hello_World\01_Hello_World\ArduinoCore\Debug\libArduinoCore.a(Print.o)
                0x000017e0                _ZN5Print5printEli
 .text._ZN5Print5printEii
                0x00001870        0xe C:\Users\cyril\Documents\Atmel Studio\7.0\01_Hello_World\01_Hello_World\ArduinoCore\Debug\libArduinoCore.a(Print.o)
                0x00001870                _ZN5Print5printEii
 .text._ZL4RecvPVhh
                0x0000187e       0x1a C:\Users\cyril\Documents\Atmel Studio\7.0\01_Hello_World\01_Hello_World\ArduinoCore\Debug\libArduinoCore.a(USBCore.o)
 .text._ZL11SendControlh
                0x00001898       0x5c C:\Users\cyril\Documents\Atmel Studio\7.0\01_Hello_World\01_Hello_World\ArduinoCore\Debug\libArduinoCore.a(USBCore.o)
 .text._ZL24USB_SendStringDescriptorPKhhh
                0x000018f4       0x6a C:\Users\cyril\Documents\Atmel Studio\7.0\01_Hello_World\01_Hello_World\ArduinoCore\Debug\libArduinoCore.a(USBCore.o)
 .text._ZL15USB_ClockEnablev
                0x0000195e       0x46 C:\Users\cyril\Documents\Atmel Studio\7.0\01_Hello_World\01_Hello_World\ArduinoCore\Debug\libArduinoCore.a(USBCore.o)
 .text._ZL14SendInterfacesv
                0x000019a4       0x2c C:\Users\cyril\Documents\Atmel Studio\7.0\01_Hello_World\01_Hello_World\ArduinoCore\Debug\libArduinoCore.a(USBCore.o)
 .text._ZN6LockEPC2Eh
                0x000019d0       0x10 C:\Users\cyril\Documents\Atmel Studio\7.0\01_Hello_World\01_Hello_World\ArduinoCore\Debug\libArduinoCore.a(USBCore.o)
                0x000019d0                _ZN6LockEPC2Eh
                0x000019d0                _ZN6LockEPC1Eh
 .text._Z13USB_Availableh
                0x000019e0       0x24 C:\Users\cyril\Documents\Atmel Studio\7.0\01_Hello_World\01_Hello_World\ArduinoCore\Debug\libArduinoCore.a(USBCore.o)
                0x000019e0                _Z13USB_Availableh
 .text._Z8USB_RecvhPvi
                0x00001a04       0x86 C:\Users\cyril\Documents\Atmel Studio\7.0\01_Hello_World\01_Hello_World\ArduinoCore\Debug\libArduinoCore.a(USBCore.o)
                0x00001a04                _Z8USB_RecvhPvi
 .text._Z8USB_Recvh
                0x00001a8a       0x2e C:\Users\cyril\Documents\Atmel Studio\7.0\01_Hello_World\01_Hello_World\ArduinoCore\Debug\libArduinoCore.a(USBCore.o)
                0x00001a8a                _Z8USB_Recvh
 .text._Z13USB_SendSpaceh
                0x00001ab8       0x34 C:\Users\cyril\Documents\Atmel Studio\7.0\01_Hello_World\01_Hello_World\ArduinoCore\Debug\libArduinoCore.a(USBCore.o)
                0x00001ab8                _Z13USB_SendSpaceh
 .text._Z8USB_SendhPKvi
                0x00001aec      0x14a C:\Users\cyril\Documents\Atmel Studio\7.0\01_Hello_World\01_Hello_World\ArduinoCore\Debug\libArduinoCore.a(USBCore.o)
                0x00001aec                _Z8USB_SendhPKvi
 .text._Z11InitControli
                0x00001c36       0x16 C:\Users\cyril\Documents\Atmel Studio\7.0\01_Hello_World\01_Hello_World\ArduinoCore\Debug\libArduinoCore.a(USBCore.o)
                0x00001c36                _Z11InitControli
 .text._Z15USB_SendControlhPKvi
                0x00001c4c       0x4e C:\Users\cyril\Documents\Atmel Studio\7.0\01_Hello_World\01_Hello_World\ArduinoCore\Debug\libArduinoCore.a(USBCore.o)
                0x00001c4c                _Z15USB_SendControlhPKvi
 .text._Z15USB_RecvControlPvi
                0x00001c9a       0x66 C:\Users\cyril\Documents\Atmel Studio\7.0\01_Hello_World\01_Hello_World\ArduinoCore\Debug\libArduinoCore.a(USBCore.o)
                0x00001c9a                _Z15USB_RecvControlPvi
 .text.__vector_11
                0x00001d00      0x2b4 C:\Users\cyril\Documents\Atmel Studio\7.0\01_Hello_World\01_Hello_World\ArduinoCore\Debug\libArduinoCore.a(USBCore.o)
                0x00001d00                __vector_11
 .text._Z9USB_Flushh
                0x00001fb4       0x14 C:\Users\cyril\Documents\Atmel Studio\7.0\01_Hello_World\01_Hello_World\ArduinoCore\Debug\libArduinoCore.a(USBCore.o)
                0x00001fb4                _Z9USB_Flushh
 .text.__vector_10
                0x00001fc8      0x102 C:\Users\cyril\Documents\Atmel Studio\7.0\01_Hello_World\01_Hello_World\ArduinoCore\Debug\libArduinoCore.a(USBCore.o)
                0x00001fc8                __vector_10
 .text._ZN10USBDevice_6attachEv
                0x000020ca       0x26 C:\Users\cyril\Documents\Atmel Studio\7.0\01_Hello_World\01_Hello_World\ArduinoCore\Debug\libArduinoCore.a(USBCore.o)
                0x000020ca                _ZN10USBDevice_6attachEv
 .text.__vector_23
                0x000020f0       0x94 C:\Users\cyril\Documents\Atmel Studio\7.0\01_Hello_World\01_Hello_World\ArduinoCore\Debug\libArduinoCore.a(wiring.o)
                0x000020f0                __vector_23
 .text.micros   0x00002184       0x4a C:\Users\cyril\Documents\Atmel Studio\7.0\01_Hello_World\01_Hello_World\ArduinoCore\Debug\libArduinoCore.a(wiring.o)
                0x00002184                micros
 .text.delay    0x000021ce       0x78 C:\Users\cyril\Documents\Atmel Studio\7.0\01_Hello_World\01_Hello_World\ArduinoCore\Debug\libArduinoCore.a(wiring.o)
                0x000021ce                delay
 .text.init     0x00002246       0xac C:\Users\cyril\Documents\Atmel Studio\7.0\01_Hello_World\01_Hello_World\ArduinoCore\Debug\libArduinoCore.a(wiring.o)
                0x00002246                init
 .text.turnOffPWM
                0x000022f2       0x7a C:\Users\cyril\Documents\Atmel Studio\7.0\01_Hello_World\01_Hello_World\ArduinoCore\Debug\libArduinoCore.a(wiring_digital.o)
 .text.pinMode  0x0000236c       0x78 C:\Users\cyril\Documents\Atmel Studio\7.0\01_Hello_World\01_Hello_World\ArduinoCore\Debug\libArduinoCore.a(wiring_digital.o)
                0x0000236c                pinMode
 .text.digitalWrite
                0x000023e4       0x5e C:\Users\cyril\Documents\Atmel Studio\7.0\01_Hello_World\01_Hello_World\ArduinoCore\Debug\libArduinoCore.a(wiring_digital.o)
                0x000023e4                digitalWrite
 .text._ZN7Serial_5writeEh
                0x00002442       0x2c C:\Users\cyril\Documents\Atmel Studio\7.0\01_Hello_World\01_Hello_World\ArduinoCore\Debug\libArduinoCore.a(CDC.o)
                0x00002442                _ZN7Serial_5writeEh
 .text._ZN7Serial_4peekEv
                0x0000246e       0x22 C:\Users\cyril\Documents\Atmel Studio\7.0\01_Hello_World\01_Hello_World\ArduinoCore\Debug\libArduinoCore.a(CDC.o)
                0x0000246e                _ZN7Serial_4peekEv
 .text._ZN7Serial_17availableForWriteEv
                0x00002490        0xa C:\Users\cyril\Documents\Atmel Studio\7.0\01_Hello_World\01_Hello_World\ArduinoCore\Debug\libArduinoCore.a(CDC.o)
                0x00002490                _ZN7Serial_17availableForWriteEv
 .text._ZN7Serial_5flushEv
                0x0000249a        0x6 C:\Users\cyril\Documents\Atmel Studio\7.0\01_Hello_World\01_Hello_World\ArduinoCore\Debug\libArduinoCore.a(CDC.o)
                0x0000249a                _ZN7Serial_5flushEv
 .text._ZN7Serial_9availableEv
                0x000024a0       0x20 C:\Users\cyril\Documents\Atmel Studio\7.0\01_Hello_World\01_Hello_World\ArduinoCore\Debug\libArduinoCore.a(CDC.o)
                0x000024a0                _ZN7Serial_9availableEv
 .text._ZN7Serial_4readEv
                0x000024c0       0x1a C:\Users\cyril\Documents\Atmel Studio\7.0\01_Hello_World\01_Hello_World\ArduinoCore\Debug\libArduinoCore.a(CDC.o)
                0x000024c0                _ZN7Serial_4readEv
 .text._ZN7Serial_5writeEPKhj
                0x000024da       0x2c C:\Users\cyril\Documents\Atmel Studio\7.0\01_Hello_World\01_Hello_World\ArduinoCore\Debug\libArduinoCore.a(CDC.o)
                0x000024da                _ZN7Serial_5writeEPKhj
 .text._Z16isLUFAbootloaderv
                0x00002506       0x14 C:\Users\cyril\Documents\Atmel Studio\7.0\01_Hello_World\01_Hello_World\ArduinoCore\Debug\libArduinoCore.a(CDC.o)
                0x00002506                _Z16isLUFAbootloaderv
 .text._Z16CDC_GetInterfacePh
                0x0000251a       0x16 C:\Users\cyril\Documents\Atmel Studio\7.0\01_Hello_World\01_Hello_World\ArduinoCore\Debug\libArduinoCore.a(CDC.o)
                0x0000251a                _Z16CDC_GetInterfacePh
 .text._Z9CDC_SetupR8USBSetup
                0x00002530      0x11c C:\Users\cyril\Documents\Atmel Studio\7.0\01_Hello_World\01_Hello_World\ArduinoCore\Debug\libArduinoCore.a(CDC.o)
                0x00002530                _Z9CDC_SetupR8USBSetup
 .text.startup._GLOBAL__sub_I__cdcInterface
                0x0000264c       0x2a C:\Users\cyril\Documents\Atmel Studio\7.0\01_Hello_World\01_Hello_World\ArduinoCore\Debug\libArduinoCore.a(CDC.o)
 .text.__empty  0x00002676        0x2 C:\Users\cyril\Documents\Atmel Studio\7.0\01_Hello_World\01_Hello_World\ArduinoCore\Debug\libArduinoCore.a(hooks.o)
                0x00002676                yield
 .text._ZN13PluggableUSB_12getInterfaceEPh
                0x00002678       0x52 C:\Users\cyril\Documents\Atmel Studio\7.0\01_Hello_World\01_Hello_World\ArduinoCore\Debug\libArduinoCore.a(PluggableUSB.o)
                0x00002678                _ZN13PluggableUSB_12getInterfaceEPh
 .text._ZN13PluggableUSB_13getDescriptorER8USBSetup
                0x000026ca       0x3e C:\Users\cyril\Documents\Atmel Studio\7.0\01_Hello_World\01_Hello_World\ArduinoCore\Debug\libArduinoCore.a(PluggableUSB.o)
                0x000026ca                _ZN13PluggableUSB_13getDescriptorER8USBSetup
 .text._ZN13PluggableUSB_12getShortNameEPc
                0x00002708       0x3e C:\Users\cyril\Documents\Atmel Studio\7.0\01_Hello_World\01_Hello_World\ArduinoCore\Debug\libArduinoCore.a(PluggableUSB.o)
                0x00002708                _ZN13PluggableUSB_12getShortNameEPc
 .text._ZN13PluggableUSB_5setupER8USBSetup
                0x00002746       0x3c C:\Users\cyril\Documents\Atmel Studio\7.0\01_Hello_World\01_Hello_World\ArduinoCore\Debug\libArduinoCore.a(PluggableUSB.o)
                0x00002746                _ZN13PluggableUSB_5setupER8USBSetup
 .text._Z12PluggableUSBv
                0x00002782       0x28 C:\Users\cyril\Documents\Atmel Studio\7.0\01_Hello_World\01_Hello_World\ArduinoCore\Debug\libArduinoCore.a(PluggableUSB.o)
                0x00002782                _Z12PluggableUSBv
 .text.libgcc.div
                0x000027aa       0x44 c:/program files (x86)/atmel/studio/7.0/toolchain/avr8/avr8-gnu-toolchain/bin/../lib/gcc/avr/5.4.0/avr5\libgcc.a(_udivmodsi4.o)
                0x000027aa                __udivmodsi4
 .text.libgcc   0x000027ee        0xc c:/program files (x86)/atmel/studio/7.0/toolchain/avr8/avr8-gnu-toolchain/bin/../lib/gcc/avr/5.4.0/avr5\libgcc.a(_tablejump2.o)
                0x000027ee                __tablejump2__
 .text.avr-libc
                0x000027fa        0xa c:/program files (x86)/atmel/studio/7.0/toolchain/avr8/avr8-gnu-toolchain/bin/../lib/gcc/avr/5.4.0/../../../../avr/lib/avr5\libc.a(abort.o)
                0x000027fa                abort
                0x00002804                . = ALIGN (0x2)
 *(.fini9)
 .fini9         0x00002804        0x0 c:/program files (x86)/atmel/studio/7.0/toolchain/avr8/avr8-gnu-toolchain/bin/../lib/gcc/avr/5.4.0/avr5\libgcc.a(_exit.o)
                0x00002804                _exit
                0x00002804                exit
 *(.fini9)
 *(.fini8)
 *(.fini8)
 *(.fini7)
 *(.fini7)
 *(.fini6)
 *(.fini6)
 *(.fini5)
 *(.fini5)
 *(.fini4)
 *(.fini4)
 *(.fini3)
 *(.fini3)
 *(.fini2)
 *(.fini2)
 *(.fini1)
 *(.fini1)
 *(.fini0)
 .fini0         0x00002804        0x4 c:/program files (x86)/atmel/studio/7.0/toolchain/avr8/avr8-gnu-toolchain/bin/../lib/gcc/avr/5.4.0/avr5\libgcc.a(_exit.o)
 *(.fini0)
                0x00002808                _etext = .

.data           0x00800100       0x7c load address 0x00002808
                0x00800100                PROVIDE (__data_start, .)
 *(.data)
 *(.data*)
 .data._initEndpoints
                0x00800100        0x7 C:\Users\cyril\Documents\Atmel Studio\7.0\01_Hello_World\01_Hello_World\ArduinoCore\Debug\libArduinoCore.a(USBCore.o)
                0x00800100                _initEndpoints
 .data._ZL10breakValue
                0x00800107        0x4 C:\Users\cyril\Documents\Atmel Studio\7.0\01_Hello_World\01_Hello_World\ArduinoCore\Debug\libArduinoCore.a(CDC.o)
 .data._ZL12_usbLineInfo
                0x0080010b        0x8 C:\Users\cyril\Documents\Atmel Studio\7.0\01_Hello_World\01_Hello_World\ArduinoCore\Debug\libArduinoCore.a(CDC.o)
 *(.gnu.linkonce.d*)
 *(.rodata)
 *(.rodata*)
 .rodata.str1.1
                0x00800113       0x18 Sketch.o
 .rodata._ZTV14hd44780_I2Cexp
                0x0080012b       0x16 Sketch.o
                0x0080012b                _ZTV14hd44780_I2Cexp
 .rodata._ZTV7hd44780
                0x00800141       0x16 src/libraries/hd44780/hd44780.o
                0x00800141                _ZTV7hd44780
 .rodata._ZTV7TwoWire
                0x00800157       0x12 src/libraries/Wire/src/Wire.o
                0x00800157                _ZTV7TwoWire
 .rodata._ZTV7Serial_
                0x00800169       0x12 C:\Users\cyril\Documents\Atmel Studio\7.0\01_Hello_World\01_Hello_World\ArduinoCore\Debug\libArduinoCore.a(CDC.o)
                0x00800169                _ZTV7Serial_
 *(.gnu.linkonce.r*)
                0x0080017c                . = ALIGN (0x2)
 *fill*         0x0080017b        0x1 
                0x0080017c                _edata = .
                0x0080017c                PROVIDE (__data_end, .)

.bss            0x0080017c      0x163
                0x0080017c                PROVIDE (__bss_start, .)
 *(.bss)
 *(.bss*)
 .bss.count     0x0080017c        0x2 Sketch.o
                0x0080017c                count
 .bss.lcd       0x0080017e       0x2c Sketch.o
                0x0080017e                lcd
 .bss._ZZN14hd44780_I2Cexp6ioinitEvE8AutoInst
                0x008001aa        0x1 Sketch.o
                0x008001aa                _ZZN14hd44780_I2Cexp6ioinitEvE8AutoInst
 .bss.twi_error
                0x008001ab        0x1 src/libraries/Wire/src/utility/twi.o
 .bss.twi_rxBufferIndex
                0x008001ac        0x1 src/libraries/Wire/src/utility/twi.o
 .bss.twi_rxBuffer
                0x008001ad       0x20 src/libraries/Wire/src/utility/twi.o
 .bss.twi_txBufferLength
                0x008001cd        0x1 src/libraries/Wire/src/utility/twi.o
 .bss.twi_txBufferIndex
                0x008001ce        0x1 src/libraries/Wire/src/utility/twi.o
 .bss.twi_txBuffer
                0x008001cf       0x20 src/libraries/Wire/src/utility/twi.o
 .bss.twi_masterBufferLength
                0x008001ef        0x1 src/libraries/Wire/src/utility/twi.o
 .bss.twi_masterBufferIndex
                0x008001f0        0x1 src/libraries/Wire/src/utility/twi.o
 .bss.twi_masterBuffer
                0x008001f1       0x20 src/libraries/Wire/src/utility/twi.o
 .bss.twi_onSlaveReceive
                0x00800211        0x2 src/libraries/Wire/src/utility/twi.o
 .bss.twi_onSlaveTransmit
                0x00800213        0x2 src/libraries/Wire/src/utility/twi.o
 .bss.twi_inRepStart
                0x00800215        0x1 src/libraries/Wire/src/utility/twi.o
 .bss.twi_sendStop
                0x00800216        0x1 src/libraries/Wire/src/utility/twi.o
 .bss.twi_slarw
                0x00800217        0x1 src/libraries/Wire/src/utility/twi.o
 .bss.twi_state
                0x00800218        0x1 src/libraries/Wire/src/utility/twi.o
 .bss.Wire      0x00800219        0xc src/libraries/Wire/src/Wire.o
                0x00800219                Wire
 .bss._ZN7TwoWire14user_onReceiveE
                0x00800225        0x2 src/libraries/Wire/src/Wire.o
                0x00800225                _ZN7TwoWire14user_onReceiveE
 .bss._ZN7TwoWire14user_onRequestE
                0x00800227        0x2 src/libraries/Wire/src/Wire.o
                0x00800227                _ZN7TwoWire14user_onRequestE
 .bss._ZN7TwoWire12transmittingE
                0x00800229        0x1 src/libraries/Wire/src/Wire.o
                0x00800229                _ZN7TwoWire12transmittingE
 .bss._ZN7TwoWire14txBufferLengthE
                0x0080022a        0x1 src/libraries/Wire/src/Wire.o
                0x0080022a                _ZN7TwoWire14txBufferLengthE
 .bss._ZN7TwoWire13txBufferIndexE
                0x0080022b        0x1 src/libraries/Wire/src/Wire.o
                0x0080022b                _ZN7TwoWire13txBufferIndexE
 .bss._ZN7TwoWire8txBufferE
                0x0080022c       0x20 src/libraries/Wire/src/Wire.o
                0x0080022c                _ZN7TwoWire8txBufferE
 .bss._ZN7TwoWire9txAddressE
                0x0080024c        0x1 src/libraries/Wire/src/Wire.o
                0x0080024c                _ZN7TwoWire9txAddressE
 .bss._ZN7TwoWire14rxBufferLengthE
                0x0080024d        0x1 src/libraries/Wire/src/Wire.o
                0x0080024d                _ZN7TwoWire14rxBufferLengthE
 .bss._ZN7TwoWire13rxBufferIndexE
                0x0080024e        0x1 src/libraries/Wire/src/Wire.o
                0x0080024e                _ZN7TwoWire13rxBufferIndexE
 .bss._ZN7TwoWire8rxBufferE
                0x0080024f       0x20 src/libraries/Wire/src/Wire.o
                0x0080024f                _ZN7TwoWire8rxBufferE
 .bss.USBDevice
                0x0080026f        0x1 C:\Users\cyril\Documents\Atmel Studio\7.0\01_Hello_World\01_Hello_World\ArduinoCore\Debug\libArduinoCore.a(USBCore.o)
                0x0080026f                USBDevice
 .bss._ZL5_cend
                0x00800270        0x2 C:\Users\cyril\Documents\Atmel Studio\7.0\01_Hello_World\01_Hello_World\ArduinoCore\Debug\libArduinoCore.a(USBCore.o)
 .bss._ZL6_cmark
                0x00800272        0x2 C:\Users\cyril\Documents\Atmel Studio\7.0\01_Hello_World\01_Hello_World\ArduinoCore\Debug\libArduinoCore.a(USBCore.o)
 .bss._usbSuspendState
                0x00800274        0x1 C:\Users\cyril\Documents\Atmel Studio\7.0\01_Hello_World\01_Hello_World\ArduinoCore\Debug\libArduinoCore.a(USBCore.o)
                0x00800274                _usbSuspendState
 .bss._usbCurrentStatus
                0x00800275        0x1 C:\Users\cyril\Documents\Atmel Studio\7.0\01_Hello_World\01_Hello_World\ArduinoCore\Debug\libArduinoCore.a(USBCore.o)
                0x00800275                _usbCurrentStatus
 .bss._usbConfiguration
                0x00800276        0x1 C:\Users\cyril\Documents\Atmel Studio\7.0\01_Hello_World\01_Hello_World\ArduinoCore\Debug\libArduinoCore.a(USBCore.o)
                0x00800276                _usbConfiguration
 .bss.RxLEDPulse
                0x00800277        0x1 C:\Users\cyril\Documents\Atmel Studio\7.0\01_Hello_World\01_Hello_World\ArduinoCore\Debug\libArduinoCore.a(USBCore.o)
                0x00800277                RxLEDPulse
 .bss.TxLEDPulse
                0x00800278        0x1 C:\Users\cyril\Documents\Atmel Studio\7.0\01_Hello_World\01_Hello_World\ArduinoCore\Debug\libArduinoCore.a(USBCore.o)
                0x00800278                TxLEDPulse
 .bss.timer0_fract
                0x00800279        0x1 C:\Users\cyril\Documents\Atmel Studio\7.0\01_Hello_World\01_Hello_World\ArduinoCore\Debug\libArduinoCore.a(wiring.o)
 .bss.timer0_millis
                0x0080027a        0x4 C:\Users\cyril\Documents\Atmel Studio\7.0\01_Hello_World\01_Hello_World\ArduinoCore\Debug\libArduinoCore.a(wiring.o)
                0x0080027a                timer0_millis
 .bss.timer0_overflow_count
                0x0080027e        0x4 C:\Users\cyril\Documents\Atmel Studio\7.0\01_Hello_World\01_Hello_World\ArduinoCore\Debug\libArduinoCore.a(wiring.o)
                0x0080027e                timer0_overflow_count
 .bss.Serial    0x00800282       0x50 C:\Users\cyril\Documents\Atmel Studio\7.0\01_Hello_World\01_Hello_World\ArduinoCore\Debug\libArduinoCore.a(CDC.o)
                0x00800282                Serial
 .bss._ZL11wdtcsr_save
                0x008002d2        0x1 C:\Users\cyril\Documents\Atmel Studio\7.0\01_Hello_World\01_Hello_World\ArduinoCore\Debug\libArduinoCore.a(CDC.o)
 .bss._ZZ12PluggableUSBvE3obj
                0x008002d3        0x4 C:\Users\cyril\Documents\Atmel Studio\7.0\01_Hello_World\01_Hello_World\ArduinoCore\Debug\libArduinoCore.a(PluggableUSB.o)
 .bss._ZGVZ12PluggableUSBvE3obj
                0x008002d7        0x8 C:\Users\cyril\Documents\Atmel Studio\7.0\01_Hello_World\01_Hello_World\ArduinoCore\Debug\libArduinoCore.a(PluggableUSB.o)
 *(COMMON)
                0x008002df                PROVIDE (__bss_end, .)
                0x00002808                __data_load_start = LOADADDR (.data)
                0x00002884                __data_load_end = (__data_load_start + SIZEOF (.data))

.noinit         0x008002df        0x0
                [!provide]                PROVIDE (__noinit_start, .)
 *(.noinit*)
                [!provide]                PROVIDE (__noinit_end, .)
                0x008002df                _end = .
                [!provide]                PROVIDE (__heap_start, .)

.eeprom         0x00810000        0x0
 *(.eeprom*)
                0x00810000                __eeprom_end = .

.fuse
 *(.fuse)
 *(.lfuse)
 *(.hfuse)
 *(.efuse)

.lock
 *(.lock*)

.signature
 *(.signature*)

.user_signatures
 *(.user_signatures*)

.stab
 *(.stab)

.stabstr
 *(.stabstr)

.stab.excl
 *(.stab.excl)

.stab.exclstr
 *(.stab.exclstr)

.stab.index
 *(.stab.index)

.stab.indexstr
 *(.stab.indexstr)

.comment        0x00000000       0x30
 *(.comment)
 .comment       0x00000000       0x30 Sketch.o
                                 0x31 (size before relaxing)
 .comment       0x00000030       0x31 src/libraries/hd44780/hd44780.o
 .comment       0x00000030       0x31 src/libraries/Wire/src/utility/twi.o
 .comment       0x00000030       0x31 src/libraries/Wire/src/Wire.o
 .comment       0x00000030       0x31 C:\Users\cyril\Documents\Atmel Studio\7.0\01_Hello_World\01_Hello_World\ArduinoCore\Debug\libArduinoCore.a(abi.o)
 .comment       0x00000030       0x31 C:\Users\cyril\Documents\Atmel Studio\7.0\01_Hello_World\01_Hello_World\ArduinoCore\Debug\libArduinoCore.a(main.o)
 .comment       0x00000030       0x31 C:\Users\cyril\Documents\Atmel Studio\7.0\01_Hello_World\01_Hello_World\ArduinoCore\Debug\libArduinoCore.a(Print.o)
 .comment       0x00000030       0x31 C:\Users\cyril\Documents\Atmel Studio\7.0\01_Hello_World\01_Hello_World\ArduinoCore\Debug\libArduinoCore.a(USBCore.o)
 .comment       0x00000030       0x31 C:\Users\cyril\Documents\Atmel Studio\7.0\01_Hello_World\01_Hello_World\ArduinoCore\Debug\libArduinoCore.a(wiring.o)
 .comment       0x00000030       0x31 C:\Users\cyril\Documents\Atmel Studio\7.0\01_Hello_World\01_Hello_World\ArduinoCore\Debug\libArduinoCore.a(wiring_digital.o)
 .comment       0x00000030       0x31 C:\Users\cyril\Documents\Atmel Studio\7.0\01_Hello_World\01_Hello_World\ArduinoCore\Debug\libArduinoCore.a(CDC.o)
 .comment       0x00000030       0x31 C:\Users\cyril\Documents\Atmel Studio\7.0\01_Hello_World\01_Hello_World\ArduinoCore\Debug\libArduinoCore.a(hooks.o)
 .comment       0x00000030       0x31 C:\Users\cyril\Documents\Atmel Studio\7.0\01_Hello_World\01_Hello_World\ArduinoCore\Debug\libArduinoCore.a(PluggableUSB.o)

.note.gnu.avr.deviceinfo
                0x00000000       0x40
 .note.gnu.avr.deviceinfo
                0x00000000       0x40 C:/Program Files (x86)/Atmel/Studio/7.0/Packs/atmel/ATmega_DFP/1.2.209/gcc/dev/atmega32u4/avr5/crtatmega32u4.o

.note.gnu.build-id
 *(.note.gnu.build-id)

.debug
 *(.debug)

.line
 *(.line)

.debug_srcinfo
 *(.debug_srcinfo)

.debug_sfnames
 *(.debug_sfnames)

.debug_aranges  0x00000000      0x768
 *(.debug_aranges)
 .debug_aranges
                0x00000000       0x90 Sketch.o
 .debug_aranges
                0x00000090      0x168 src/libraries/hd44780/hd44780.o
 .debug_aranges
                0x000001f8       0x80 src/libraries/Wire/src/utility/twi.o
 .debug_aranges
                0x00000278       0xf8 src/libraries/Wire/src/Wire.o
 .debug_aranges
                0x00000370       0x20 C:\Users\cyril\Documents\Atmel Studio\7.0\01_Hello_World\01_Hello_World\ArduinoCore\Debug\libArduinoCore.a(abi.o)
 .debug_aranges
                0x00000390       0x30 C:\Users\cyril\Documents\Atmel Studio\7.0\01_Hello_World\01_Hello_World\ArduinoCore\Debug\libArduinoCore.a(main.o)
 .debug_aranges
                0x000003c0      0x100 C:\Users\cyril\Documents\Atmel Studio\7.0\01_Hello_World\01_Hello_World\ArduinoCore\Debug\libArduinoCore.a(Print.o)
 .debug_aranges
                0x000004c0       0xe0 C:\Users\cyril\Documents\Atmel Studio\7.0\01_Hello_World\01_Hello_World\ArduinoCore\Debug\libArduinoCore.a(USBCore.o)
 .debug_aranges
                0x000005a0       0x48 C:\Users\cyril\Documents\Atmel Studio\7.0\01_Hello_World\01_Hello_World\ArduinoCore\Debug\libArduinoCore.a(wiring.o)
 .debug_aranges
                0x000005e8       0x38 C:\Users\cyril\Documents\Atmel Studio\7.0\01_Hello_World\01_Hello_World\ArduinoCore\Debug\libArduinoCore.a(wiring_digital.o)
 .debug_aranges
                0x00000620       0xd8 C:\Users\cyril\Documents\Atmel Studio\7.0\01_Hello_World\01_Hello_World\ArduinoCore\Debug\libArduinoCore.a(CDC.o)
 .debug_aranges
                0x000006f8       0x20 C:\Users\cyril\Documents\Atmel Studio\7.0\01_Hello_World\01_Hello_World\ArduinoCore\Debug\libArduinoCore.a(hooks.o)
 .debug_aranges
                0x00000718       0x50 C:\Users\cyril\Documents\Atmel Studio\7.0\01_Hello_World\01_Hello_World\ArduinoCore\Debug\libArduinoCore.a(PluggableUSB.o)

.debug_pubnames
 *(.debug_pubnames)

.debug_info     0x00000000    0x10a88
 *(.debug_info .gnu.linkonce.wi.*)
 .debug_info    0x00000000      0x9f4 C:/Program Files (x86)/Atmel/Studio/7.0/Packs/atmel/ATmega_DFP/1.2.209/gcc/dev/atmega32u4/avr5/crtatmega32u4.o
 .debug_info    0x000009f4     0x1bb0 Sketch.o
 .debug_info    0x000025a4     0x34d5 src/libraries/hd44780/hd44780.o
 .debug_info    0x00005a79      0x632 src/libraries/Wire/src/utility/twi.o
 .debug_info    0x000060ab     0x27b0 src/libraries/Wire/src/Wire.o
 .debug_info    0x0000885b       0x76 C:\Users\cyril\Documents\Atmel Studio\7.0\01_Hello_World\01_Hello_World\ArduinoCore\Debug\libArduinoCore.a(abi.o)
 .debug_info    0x000088d1      0x35a C:\Users\cyril\Documents\Atmel Studio\7.0\01_Hello_World\01_Hello_World\ArduinoCore\Debug\libArduinoCore.a(main.o)
 .debug_info    0x00008c2b     0x292d C:\Users\cyril\Documents\Atmel Studio\7.0\01_Hello_World\01_Hello_World\ArduinoCore\Debug\libArduinoCore.a(Print.o)
 .debug_info    0x0000b558     0x1a3a C:\Users\cyril\Documents\Atmel Studio\7.0\01_Hello_World\01_Hello_World\ArduinoCore\Debug\libArduinoCore.a(USBCore.o)
 .debug_info    0x0000cf92      0x2f9 C:\Users\cyril\Documents\Atmel Studio\7.0\01_Hello_World\01_Hello_World\ArduinoCore\Debug\libArduinoCore.a(wiring.o)
 .debug_info    0x0000d28b      0x633 C:\Users\cyril\Documents\Atmel Studio\7.0\01_Hello_World\01_Hello_World\ArduinoCore\Debug\libArduinoCore.a(wiring_digital.o)
 .debug_info    0x0000d8be     0x29ed C:\Users\cyril\Documents\Atmel Studio\7.0\01_Hello_World\01_Hello_World\ArduinoCore\Debug\libArduinoCore.a(CDC.o)
 .debug_info    0x000102ab       0x3e C:\Users\cyril\Documents\Atmel Studio\7.0\01_Hello_World\01_Hello_World\ArduinoCore\Debug\libArduinoCore.a(hooks.o)
 .debug_info    0x000102e9      0x79f C:\Users\cyril\Documents\Atmel Studio\7.0\01_Hello_World\01_Hello_World\ArduinoCore\Debug\libArduinoCore.a(PluggableUSB.o)

.debug_abbrev   0x00000000     0x33c9
 *(.debug_abbrev)
 .debug_abbrev  0x00000000      0x96a C:/Program Files (x86)/Atmel/Studio/7.0/Packs/atmel/ATmega_DFP/1.2.209/gcc/dev/atmega32u4/avr5/crtatmega32u4.o
 .debug_abbrev  0x0000096a      0x4f6 Sketch.o
 .debug_abbrev  0x00000e60      0x5a5 src/libraries/hd44780/hd44780.o
 .debug_abbrev  0x00001405      0x260 src/libraries/Wire/src/utility/twi.o
 .debug_abbrev  0x00001665      0x581 src/libraries/Wire/src/Wire.o
 .debug_abbrev  0x00001be6       0x6d C:\Users\cyril\Documents\Atmel Studio\7.0\01_Hello_World\01_Hello_World\ArduinoCore\Debug\libArduinoCore.a(abi.o)
 .debug_abbrev  0x00001c53      0x19a C:\Users\cyril\Documents\Atmel Studio\7.0\01_Hello_World\01_Hello_World\ArduinoCore\Debug\libArduinoCore.a(main.o)
 .debug_abbrev  0x00001ded      0x47a C:\Users\cyril\Documents\Atmel Studio\7.0\01_Hello_World\01_Hello_World\ArduinoCore\Debug\libArduinoCore.a(Print.o)
 .debug_abbrev  0x00002267      0x5e0 C:\Users\cyril\Documents\Atmel Studio\7.0\01_Hello_World\01_Hello_World\ArduinoCore\Debug\libArduinoCore.a(USBCore.o)
 .debug_abbrev  0x00002847      0x146 C:\Users\cyril\Documents\Atmel Studio\7.0\01_Hello_World\01_Hello_World\ArduinoCore\Debug\libArduinoCore.a(wiring.o)
 .debug_abbrev  0x0000298d      0x15a C:\Users\cyril\Documents\Atmel Studio\7.0\01_Hello_World\01_Hello_World\ArduinoCore\Debug\libArduinoCore.a(wiring_digital.o)
 .debug_abbrev  0x00002ae7      0x5f3 C:\Users\cyril\Documents\Atmel Studio\7.0\01_Hello_World\01_Hello_World\ArduinoCore\Debug\libArduinoCore.a(CDC.o)
 .debug_abbrev  0x000030da       0x2a C:\Users\cyril\Documents\Atmel Studio\7.0\01_Hello_World\01_Hello_World\ArduinoCore\Debug\libArduinoCore.a(hooks.o)
 .debug_abbrev  0x00003104      0x2c5 C:\Users\cyril\Documents\Atmel Studio\7.0\01_Hello_World\01_Hello_World\ArduinoCore\Debug\libArduinoCore.a(PluggableUSB.o)

.debug_line     0x00000000     0x4179
 *(.debug_line .debug_line.* .debug_line_end)
 .debug_line    0x00000000      0x199 C:/Program Files (x86)/Atmel/Studio/7.0/Packs/atmel/ATmega_DFP/1.2.209/gcc/dev/atmega32u4/avr5/crtatmega32u4.o
 .debug_line    0x00000199      0x99c Sketch.o
 .debug_line    0x00000b35      0x9c6 src/libraries/hd44780/hd44780.o
 .debug_line    0x000014fb      0x519 src/libraries/Wire/src/utility/twi.o
 .debug_line    0x00001a14      0x608 src/libraries/Wire/src/Wire.o
 .debug_line    0x0000201c       0xa9 C:\Users\cyril\Documents\Atmel Studio\7.0\01_Hello_World\01_Hello_World\ArduinoCore\Debug\libArduinoCore.a(abi.o)
 .debug_line    0x000020c5      0x177 C:\Users\cyril\Documents\Atmel Studio\7.0\01_Hello_World\01_Hello_World\ArduinoCore\Debug\libArduinoCore.a(main.o)
 .debug_line    0x0000223c      0x685 C:\Users\cyril\Documents\Atmel Studio\7.0\01_Hello_World\01_Hello_World\ArduinoCore\Debug\libArduinoCore.a(Print.o)
 .debug_line    0x000028c1      0x9e7 C:\Users\cyril\Documents\Atmel Studio\7.0\01_Hello_World\01_Hello_World\ArduinoCore\Debug\libArduinoCore.a(USBCore.o)
 .debug_line    0x000032a8      0x2bd C:\Users\cyril\Documents\Atmel Studio\7.0\01_Hello_World\01_Hello_World\ArduinoCore\Debug\libArduinoCore.a(wiring.o)
 .debug_line    0x00003565      0x26a C:\Users\cyril\Documents\Atmel Studio\7.0\01_Hello_World\01_Hello_World\ArduinoCore\Debug\libArduinoCore.a(wiring_digital.o)
 .debug_line    0x000037cf      0x68b C:\Users\cyril\Documents\Atmel Studio\7.0\01_Hello_World\01_Hello_World\ArduinoCore\Debug\libArduinoCore.a(CDC.o)
 .debug_line    0x00003e5a       0x41 C:\Users\cyril\Documents\Atmel Studio\7.0\01_Hello_World\01_Hello_World\ArduinoCore\Debug\libArduinoCore.a(hooks.o)
 .debug_line    0x00003e9b      0x2de C:\Users\cyril\Documents\Atmel Studio\7.0\01_Hello_World\01_Hello_World\ArduinoCore\Debug\libArduinoCore.a(PluggableUSB.o)

.debug_frame    0x00000000     0x15ac
 *(.debug_frame)
 .debug_frame   0x00000000      0x1d4 Sketch.o
 .debug_frame   0x000001d4      0x41c src/libraries/hd44780/hd44780.o
 .debug_frame   0x000005f0      0x134 src/libraries/Wire/src/utility/twi.o
 .debug_frame   0x00000724      0x280 src/libraries/Wire/src/Wire.o
 .debug_frame   0x000009a4       0x34 C:\Users\cyril\Documents\Atmel Studio\7.0\01_Hello_World\01_Hello_World\ArduinoCore\Debug\libArduinoCore.a(abi.o)
 .debug_frame   0x000009d8       0x54 C:\Users\cyril\Documents\Atmel Studio\7.0\01_Hello_World\01_Hello_World\ArduinoCore\Debug\libArduinoCore.a(main.o)
 .debug_frame   0x00000a2c      0x3ac C:\Users\cyril\Documents\Atmel Studio\7.0\01_Hello_World\01_Hello_World\ArduinoCore\Debug\libArduinoCore.a(Print.o)
 .debug_frame   0x00000dd8      0x3ac C:\Users\cyril\Documents\Atmel Studio\7.0\01_Hello_World\01_Hello_World\ArduinoCore\Debug\libArduinoCore.a(USBCore.o)
 .debug_frame   0x00001184       0xc4 C:\Users\cyril\Documents\Atmel Studio\7.0\01_Hello_World\01_Hello_World\ArduinoCore\Debug\libArduinoCore.a(wiring.o)
 .debug_frame   0x00001248       0x7c C:\Users\cyril\Documents\Atmel Studio\7.0\01_Hello_World\01_Hello_World\ArduinoCore\Debug\libArduinoCore.a(wiring_digital.o)
 .debug_frame   0x000012c4      0x1d8 C:\Users\cyril\Documents\Atmel Studio\7.0\01_Hello_World\01_Hello_World\ArduinoCore\Debug\libArduinoCore.a(CDC.o)
 .debug_frame   0x0000149c       0x24 C:\Users\cyril\Documents\Atmel Studio\7.0\01_Hello_World\01_Hello_World\ArduinoCore\Debug\libArduinoCore.a(hooks.o)
 .debug_frame   0x000014c0       0xec C:\Users\cyril\Documents\Atmel Studio\7.0\01_Hello_World\01_Hello_World\ArduinoCore\Debug\libArduinoCore.a(PluggableUSB.o)

.debug_str      0x00000000     0x446c
 *(.debug_str)
 .debug_str     0x00000000      0x371 C:/Program Files (x86)/Atmel/Studio/7.0/Packs/atmel/ATmega_DFP/1.2.209/gcc/dev/atmega32u4/avr5/crtatmega32u4.o
 .debug_str     0x00000371      0xcc9 Sketch.o
                                0xd97 (size before relaxing)
 .debug_str     0x0000103a     0x14f5 src/libraries/hd44780/hd44780.o
                               0x1bf4 (size before relaxing)
 .debug_str     0x0000252f      0x2b2 src/libraries/Wire/src/utility/twi.o
                                0x3d3 (size before relaxing)
 .debug_str     0x000027e1      0x86e src/libraries/Wire/src/Wire.o
                               0x18ca (size before relaxing)
 .debug_str     0x0000304f       0x8a C:\Users\cyril\Documents\Atmel Studio\7.0\01_Hello_World\01_Hello_World\ArduinoCore\Debug\libArduinoCore.a(abi.o)
                                0x1a3 (size before relaxing)
 .debug_str     0x000030d9      0x15c C:\Users\cyril\Documents\Atmel Studio\7.0\01_Hello_World\01_Hello_World\ArduinoCore\Debug\libArduinoCore.a(main.o)
                                0x3bb (size before relaxing)
 .debug_str     0x00003235      0x37c C:\Users\cyril\Documents\Atmel Studio\7.0\01_Hello_World\01_Hello_World\ArduinoCore\Debug\libArduinoCore.a(Print.o)
                               0x1247 (size before relaxing)
 .debug_str     0x000035b1      0x80b C:\Users\cyril\Documents\Atmel Studio\7.0\01_Hello_World\01_Hello_World\ArduinoCore\Debug\libArduinoCore.a(USBCore.o)
                                0xc7b (size before relaxing)
 .debug_str     0x00003dbc       0x78 C:\Users\cyril\Documents\Atmel Studio\7.0\01_Hello_World\01_Hello_World\ArduinoCore\Debug\libArduinoCore.a(wiring.o)
                                0x24f (size before relaxing)
 .debug_str     0x00003e34       0xdc C:\Users\cyril\Documents\Atmel Studio\7.0\01_Hello_World\01_Hello_World\ArduinoCore\Debug\libArduinoCore.a(wiring_digital.o)
                                0x2ce (size before relaxing)
 .debug_str     0x00003f10      0x4f4 C:\Users\cyril\Documents\Atmel Studio\7.0\01_Hello_World\01_Hello_World\ArduinoCore\Debug\libArduinoCore.a(CDC.o)
                               0x1a2e (size before relaxing)
 .debug_str     0x00004404       0x1c C:\Users\cyril\Documents\Atmel Studio\7.0\01_Hello_World\01_Hello_World\ArduinoCore\Debug\libArduinoCore.a(hooks.o)
                                0x144 (size before relaxing)
 .debug_str     0x00004420       0x4c C:\Users\cyril\Documents\Atmel Studio\7.0\01_Hello_World\01_Hello_World\ArduinoCore\Debug\libArduinoCore.a(PluggableUSB.o)
                                0x5c0 (size before relaxing)

.debug_loc      0x00000000     0x75b4
 *(.debug_loc)
 .debug_loc     0x00000000      0xd13 Sketch.o
 .debug_loc     0x00000d13     0x1510 src/libraries/hd44780/hd44780.o
 .debug_loc     0x00002223      0x3e6 src/libraries/Wire/src/utility/twi.o
 .debug_loc     0x00002609      0xbe6 src/libraries/Wire/src/Wire.o
 .debug_loc     0x000031ef     0x1c87 C:\Users\cyril\Documents\Atmel Studio\7.0\01_Hello_World\01_Hello_World\ArduinoCore\Debug\libArduinoCore.a(Print.o)
 .debug_loc     0x00004e76     0x1277 C:\Users\cyril\Documents\Atmel Studio\7.0\01_Hello_World\01_Hello_World\ArduinoCore\Debug\libArduinoCore.a(USBCore.o)
 .debug_loc     0x000060ed      0x28d C:\Users\cyril\Documents\Atmel Studio\7.0\01_Hello_World\01_Hello_World\ArduinoCore\Debug\libArduinoCore.a(wiring.o)
 .debug_loc     0x0000637a      0x665 C:\Users\cyril\Documents\Atmel Studio\7.0\01_Hello_World\01_Hello_World\ArduinoCore\Debug\libArduinoCore.a(wiring_digital.o)
 .debug_loc     0x000069df      0x790 C:\Users\cyril\Documents\Atmel Studio\7.0\01_Hello_World\01_Hello_World\ArduinoCore\Debug\libArduinoCore.a(CDC.o)
 .debug_loc     0x0000716f      0x445 C:\Users\cyril\Documents\Atmel Studio\7.0\01_Hello_World\01_Hello_World\ArduinoCore\Debug\libArduinoCore.a(PluggableUSB.o)

.debug_macinfo
 *(.debug_macinfo)

.debug_weaknames
 *(.debug_weaknames)

.debug_funcnames
 *(.debug_funcnames)

.debug_typenames
 *(.debug_typenames)

.debug_varnames
 *(.debug_varnames)

.debug_pubtypes
 *(.debug_pubtypes)

.debug_ranges   0x00000000      0x800
 *(.debug_ranges)
 .debug_ranges  0x00000000       0x80 Sketch.o
 .debug_ranges  0x00000080      0x170 src/libraries/hd44780/hd44780.o
 .debug_ranges  0x000001f0       0x70 src/libraries/Wire/src/utility/twi.o
 .debug_ranges  0x00000260       0xe8 src/libraries/Wire/src/Wire.o
 .debug_ranges  0x00000348       0x10 C:\Users\cyril\Documents\Atmel Studio\7.0\01_Hello_World\01_Hello_World\ArduinoCore\Debug\libArduinoCore.a(abi.o)
 .debug_ranges  0x00000358       0x20 C:\Users\cyril\Documents\Atmel Studio\7.0\01_Hello_World\01_Hello_World\ArduinoCore\Debug\libArduinoCore.a(main.o)
 .debug_ranges  0x00000378      0x120 C:\Users\cyril\Documents\Atmel Studio\7.0\01_Hello_World\01_Hello_World\ArduinoCore\Debug\libArduinoCore.a(Print.o)
 .debug_ranges  0x00000498      0x1c0 C:\Users\cyril\Documents\Atmel Studio\7.0\01_Hello_World\01_Hello_World\ArduinoCore\Debug\libArduinoCore.a(USBCore.o)
 .debug_ranges  0x00000658       0x38 C:\Users\cyril\Documents\Atmel Studio\7.0\01_Hello_World\01_Hello_World\ArduinoCore\Debug\libArduinoCore.a(wiring.o)
 .debug_ranges  0x00000690       0x28 C:\Users\cyril\Documents\Atmel Studio\7.0\01_Hello_World\01_Hello_World\ArduinoCore\Debug\libArduinoCore.a(wiring_digital.o)
 .debug_ranges  0x000006b8       0xe0 C:\Users\cyril\Documents\Atmel Studio\7.0\01_Hello_World\01_Hello_World\ArduinoCore\Debug\libArduinoCore.a(CDC.o)
 .debug_ranges  0x00000798       0x10 C:\Users\cyril\Documents\Atmel Studio\7.0\01_Hello_World\01_Hello_World\ArduinoCore\Debug\libArduinoCore.a(hooks.o)
 .debug_ranges  0x000007a8       0x58 C:\Users\cyril\Documents\Atmel Studio\7.0\01_Hello_World\01_Hello_World\ArduinoCore\Debug\libArduinoCore.a(PluggableUSB.o)

.debug_macro
 *(.debug_macro)
OUTPUT(hello_world.elf elf32-avr)
LOAD linker stubs
